USDT:2026-10-02 07:27:15 163498:163498 SyncActivityProfilerHandler.cpp:52] profiler_start
USDT:2026-10-02 07:27:15 163498:163498 SyncActivityProfilerHandler.cpp:59] profiler_stop
USDT:2026-10-02 07:27:15 163498:163498 SyncActivityProfilerHandler.cpp:52] profiler_start
USDT:2026-10-02 07:27:15 163498:163498 SyncActivityProfilerHandler.cpp:59] profiler_stop
USDT:2026-10-02 07:27:15 163498:163498 SyncActivityProfilerHandler.cpp:52] profiler_start
USDT:2026-10-02 07:27:15 163498:163498 SyncActivityProfilerHandler.cpp:59] profiler_stop
USDT:2026-10-02 07:27:15 163498:163498 SyncActivityProfilerHandler.cpp:52] profiler_start
USDT:2026-10-02 07:27:15 163498:163498 SyncActivityProfilerHandler.cpp:59] profiler_stop
USDT:2026-10-02 07:27:15 163498:163498 SyncActivityProfilerHandler.cpp:52] profiler_start
USDT:2026-10-02 07:27:15 163498:163498 SyncActivityProfilerHandler.cpp:59] profiler_stop
USDT:2026-10-02 07:27:15 163498:163498 SyncActivityProfilerHandler.cpp:52] profiler_start
USDT:2026-10-02 07:27:15 163498:163498 SyncActivityProfilerHandler.cpp:59] profiler_stop
USDT:2026-10-02 07:27:15 163498:163498 SyncActivityProfilerHandler.cpp:52] profiler_start
USDT:2026-10-02 07:27:15 163498:163498 SyncActivityProfilerHandler.cpp:59] profiler_stop
USDT:2026-10-02 07:27:15 163498:163498 SyncActivityProfilerHandler.cpp:52] profiler_start
USDT:2026-10-02 07:27:15 163498:163498 SyncActivityProfilerHandler.cpp:59] profiler_stop
USDT:2026-10-02 07:27:15 163498:163498 SyncActivityProfilerHandler.cpp:52] profiler_start
USDT:2026-10-02 07:27:15 163498:163498 SyncActivityProfilerHandler.cpp:59] profiler_stop
USDT:2026-10-02 07:27:15 163498:163498 SyncActivityProfilerHandler.cpp:52] profiler_start
USDT:2026-10-02 07:27:15 163498:163498 SyncActivityProfilerHandler.cpp:59] profiler_stop
USDT:2026-10-02 07:27:15 163498:163498 SyncActivityProfilerHandler.cpp:52] profiler_start
USDT:2026-10-02 07:27:15 163498:163498 SyncActivityProfilerHandler.cpp:59] profiler_stop
USDT:2026-10-02 07:27:15 163498:163498 SyncActivityProfilerHandler.cpp:52] profiler_start
USDT:2026-10-02 07:27:15 163498:163498 SyncActivityProfilerHandler.cpp:59] profiler_stop
USDT:2026-10-02 07:27:15 163498:163498 SyncActivityProfilerHandler.cpp:52] profiler_start
USDT:2026-10-02 07:27:15 163498:163498 SyncActivityProfilerHandler.cpp:59] profiler_stop
USDT:2026-10-02 07:27:15 163498:163498 SyncActivityProfilerHandler.cpp:52] profiler_start
USDT:2026-10-02 07:27:15 163498:163498 SyncActivityProfilerHandler.cpp:59] profiler_stop
USDT:2026-10-02 07:27:15 163498:163498 SyncActivityProfilerHandler.cpp:52] profiler_start
USDT:2026-10-02 07:27:15 163498:163498 SyncActivityProfilerHandler.cpp:59] profiler_stop
USDT:2026-10-02 07:27:15 163498:163498 SyncActivityProfilerHandler.cpp:52] profiler_start
USDT:2026-10-02 07:27:15 163498:163498 SyncActivityProfilerHandler.cpp:59] profiler_stop
USDT:2026-10-02 07:27:15 163498:163498 SyncActivityProfilerHandler.cpp:52] profiler_start
USDT:2026-10-02 07:27:15 163498:163498 SyncActivityProfilerHandler.cpp:59] profiler_stop
USDT:2026-10-02 07:27:16 163498:163498 SyncActivityProfilerHandler.cpp:52] profiler_start
USDT:2026-10-02 07:27:16 163498:163498 SyncActivityProfilerHandler.cpp:59] profiler_stop
USDT:2026-10-02 07:27:16 163498:163498 SyncActivityProfilerHandler.cpp:52] profiler_start
USDT:2026-10-02 07:27:16 163498:163498 SyncActivityProfilerHandler.cpp:59] profiler_stop
USDT:2026-10-02 07:27:16 163498:163498 SyncActivityProfilerHandler.cpp:52] profiler_start
USDT:2026-10-02 07:27:16 163498:163498 SyncActivityProfilerHandler.cpp:59] profiler_stop
USDT:2026-10-02 07:27:16 163498:163498 SyncActivityProfilerHandler.cpp:52] profiler_start
USDT:2026-10-02 07:27:16 163498:163498 SyncActivityProfilerHandler.cpp:59] profiler_stop
USDT:2026-10-02 07:27:16 163498:163498 SyncActivityProfilerHandler.cpp:52] profiler_start
USDT:2026-10-02 07:27:16 163498:163498 SyncActivityProfilerHandler.cpp:59] profiler_stop
USDT:2026-10-02 07:27:16 163498:163498 SyncActivityProfilerHandler.cpp:52] profiler_start
USDT:2026-10-02 07:27:16 163498:163498 SyncActivityProfilerHandler.cpp:59] profiler_stop
USDT:2026-10-02 07:27:16 163498:163498 SyncActivityProfilerHandler.cpp:52] profiler_start
USDT:2026-10-02 07:27:16 163498:163498 SyncActivityProfilerHandler.cpp:59] profiler_stop
USDT:2026-10-02 07:27:16 163498:163498 SyncActivityProfilerHandler.cpp:52] profiler_start
USDT:2026-10-02 07:27:16 163498:163498 SyncActivityProfilerHandler.cpp:59] profiler_stop
USDT:2026-10-02 07:27:16 163498:163498 SyncActivityProfilerHandler.cpp:52] profiler_start
USDT:2026-10-02 07:27:16 163498:163498 SyncActivityProfilerHandler.cpp:59] profiler_stop
USDT:2026-10-02 07:27:16 163498:163498 SyncActivityProfilerHandler.cpp:52] profiler_start
USDT:2026-10-02 07:27:16 163498:163498 SyncActivityProfilerHandler.cpp:59] profiler_stop
USDT:2026-10-02 07:27:16 163498:163498 SyncActivityProfilerHandler.cpp:52] profiler_start
USDT:2026-10-02 07:27:16 163498:163498 SyncActivityProfilerHandler.cpp:59] profiler_stop
USDT:2026-10-02 07:27:16 163498:163498 SyncActivityProfilerHandler.cpp:52] profiler_start
USDT:2026-10-02 07:27:16 163498:163498 SyncActivityProfilerHandler.cpp:59] profiler_stop
USDT:2026-10-02 07:27:16 163498:163498 SyncActivityProfilerHandler.cpp:52] profiler_start
USDT:2026-10-02 07:27:16 163498:163498 SyncActivityProfilerHandler.cpp:59] profiler_stop
USDT:2026-10-02 07:27:16 163498:163498 SyncActivityProfilerHandler.cpp:52] profiler_start
USDT:2026-10-02 07:27:16 163498:163498 SyncActivityProfilerHandler.cpp:59] profiler_stop
USDT:2026-10-02 07:27:16 163498:163498 SyncActivityProfilerHandler.cpp:52] profiler_start
USDT:2026-10-02 07:27:16 163498:163498 SyncActivityProfilerHandler.cpp:59] profiler_stop
USDT:2026-10-02 07:27:16 163498:163498 SyncActivityProfilerHandler.cpp:52] profiler_start
USDT:2026-10-02 07:27:16 163498:163498 SyncActivityProfilerHandler.cpp:59] profiler_stop
USDT:2026-10-02 07:27:16 163498:163498 SyncActivityProfilerHandler.cpp:52] profiler_start
USDT:2026-10-02 07:27:16 163498:163498 SyncActivityProfilerHandler.cpp:59] profiler_stop
USDT:2026-10-02 07:27:16 163498:163498 SyncActivityProfilerHandler.cpp:52] profiler_start
USDT:2026-10-02 07:27:16 163498:163498 SyncActivityProfilerHandler.cpp:59] profiler_stop
USDT:2026-10-02 07:27:16 163498:163498 SyncActivityProfilerHandler.cpp:52] profiler_start
USDT:2026-10-02 07:27:16 163498:163498 SyncActivityProfilerHandler.cpp:59] profiler_stop
USDT:2026-10-02 07:27:16 163498:163498 SyncActivityProfilerHandler.cpp:52] profiler_start
USDT:2026-10-02 07:27:16 163498:163498 SyncActivityProfilerHandler.cpp:59] profiler_stop
USDT:2026-10-02 07:27:16 163498:163498 SyncActivityProfilerHandler.cpp:52] profiler_start
USDT:2026-10-02 07:27:16 163498:163498 SyncActivityProfilerHandler.cpp:59] profiler_stop
USDT:2026-10-02 07:27:16 163498:163498 SyncActivityProfilerHandler.cpp:52] profiler_start
USDT:2026-10-02 07:27:16 163498:163498 SyncActivityProfilerHandler.cpp:59] profiler_stop
USDT:2026-10-02 07:27:17 163498:163498 SyncActivityProfilerHandler.cpp:52] profiler_start
USDT:2026-10-02 07:27:17 163498:163498 SyncActivityProfilerHandler.cpp:59] profiler_stop
USDT:2026-10-02 07:27:17 163498:163498 SyncActivityProfilerHandler.cpp:52] profiler_start
USDT:2026-10-02 07:27:17 163498:163498 SyncActivityProfilerHandler.cpp:59] profiler_stop
USDT:2026-10-02 07:27:17 163498:163498 SyncActivityProfilerHandler.cpp:52] profiler_start
USDT:2026-10-02 07:27:17 163498:163498 SyncActivityProfilerHandler.cpp:59] profiler_stop
LAUNCH FLOOR PLAN jetmoe-8b: treads [1, 2, 3, 4], arms ['native', 'shared', 'private'], modes ['E240', 'E0', 'E480', 'GR'], G=4, BLOCK_M 32, duty 0.25, 3 repeats, seed 0
  declaration: 9 copies (the ladder's id count runs 256..1536, across the small-batch id bound 1024, and E x n_max = 48 is under the expert bound 64; declaring 9 copies (E x 9 = 72) keeps both ratio arms on the scan kernel at every tread); declared {'native': 8, 'shared': 72, 'private': 72}
  pinned config: {'BLOCK_SIZE_N': 64, 'BLOCK_SIZE_K': 64, 'GROUP_SIZE_M': 4, 'num_warps': 8, 'num_stages': 4, 'BLOCK_SIZE_M': 32}
  phase trace: 0 timed cells at ~3.0 s, 42 profiled bursts at ~4 s, 0 host probes at ~1 s, 3 min weights and compile
  estimated 5.8 min
  E240 = R3 as published (240 MiB flush); E0 no flush; E480 480 MiB flush; GR CUDA-graph replay under E240's flush
LAUNCH FLOOR jetmoe-8b phase trace: 0 cells, 42 traces, 0 failed; /home/ubuntu/moe/results/2026-10-02-nvidia_gh200_480gb-launch-floor-r2/jetmoe-8b
