MEASURE PLAN
  model / dtype        mixtral-8x7b / bf16
  BLOCK_SIZE_M         32, 64
  GROUP_SIZE_M         1, 8, 16, 64
  anchor tread         n = 1 (one M-tile per expert: every weight byte read exactly once)
  branch treads        n = 2, 3, 4, 5, 6, 7, 8, 9, 10, 11, 12, 13, 14, 15, 16
  pinned               BLOCK_SIZE_N=64 BLOCK_SIZE_K=64 num_warps=8 num_stages=3
  instrument           queue-deep/l2-flush/settled-warmup/clock-under-load/v4
  timing               300 ms warmup, 3 trials of 400 ms, L2 flush on, seed 0
                       iters is NOT a knob: the instrument sizes it per cell from the budget and the
                       warmup's own queue-deep per-call time, and every cell records what it used.
  stream check         one cell's worth of the same instrument over the real w1/w2 buffers
  pin assay            per-cell tile read-back + fresh Triton artefacts per (BLOCK_M, GROUP_SIZE_M)

  cells                128 (2 BLOCK_M x 4 G x 16 treads)
  estimated wall time  4.8 min (crude: 128 cells at 1.5 s plus one compile per setting)
  run id               nvidia_h200-bm32_64-budget400.0-dtypebf16-flushtrue-g1_8_16_64-k64-modelmixtral_8x7b-n64-s3-seed-34ef5fce
  output               /workspace/results/gaps-nvidia_h200/memory_branch_anchor/nvidia_h200-bm32_64-budget400.0-dtypebf16-flushtrue-g1_8_16_64-k64-modelmixtral_8x7b-n64-s3-seed-34ef5fce

  WHAT EACH ARM BUYS, and why the committed data cannot supply it:
    stream  the read ceiling on the ACTUAL weight buffers, in this process at this
            clock state. The committed calibration used a synthetic 8 GiB buffer in a
            different process; it sets the ceiling and this only checks it is one.
    anchor  t(1) at every GROUP_SIZE_M with everything else pinned. This answers the
            objection that the anchor is measured at a different L2-reuse condition
            from the branch it anchors -- by measurement rather than by argument.
    branch  treads from n=2 up, so the slope never sees the anchor and the two ends
            of the bracket are independent.

  WHAT IT STILL CANNOT DO. It does not identify BW on the branch. That needs a DRAM
  counter; ncu returns ERR_NVGPUCTRPERM on rented pods and the image's nsys cannot
  convert its own capture. The deliverable is the interval, not a point.

  MINIMUM DETECTABLE EFFECT, from a stated assumption and not from habit:
    noise assumption   sigma = 0.77% relative spread on a repeated cell timing
                       (0.77% is the median of the published H200 replicates, which run 0.76-1.82%; --noise overrides it. It is an
                       ASSUMPTION about a pod this arm has not run on, not a measurement of one.)
    two-sided, 5% size, 80% power: z = 2.8
    smallest anchor RATIO callable   3.05%   (z sigma sqrt2, two independent cells)
      M1 gates the anchor spread at 4.0% across G<=16 and 8.0% across all G, so both sit above the MDE and can decide.
    smallest ALPHA shift callable    0.017   (that ratio x (alpha + Act1/W) at alpha=0.558, BLOCK_M=32)
      A LOWER BOUND: it propagates the anchor's noise only, and the branch slope carries its own.
    C5's <= 0.05 is a PRIOR, not derived from this noise: it is 2.9x the MDE and is the precision a
      published alpha is QUOTED at. Read it as a claim about reporting, not about resolution.

REGISTERED PREDICTIONS, before the device is touched
  P1  the anchor t(1) at a fixed BLOCK_M varies by <= 4.0% across GROUP_SIZE_M in {1, 8, 16}, and by <= 8.0% including 64
      BASIS       12 committed (arm, model, BLOCK_M) groups give 0.36% to 3.10% across G <= 16 and up to 6.74% including G=64
      A FAIL      L_hi = t(1) as a condition-free upper bound. The bracket's top end would then have to be taken over swizzle conditions, widening it
  P2  the anchor rate (W + Act1) / t(1) at BLOCK_M=32 lands between 64% and 78% of the card's pin rate
      BASIS       21 committed BLOCK_M=32 fits give 1370-1477 GB/s on the A100 (67.2-72.4% of 2039) and 3344-3522 on the H200 (68.0-71.6% of 4916.7)
      A FAIL      the carry-across. A new anchor at a different rate is not the same physical event as the one the committed arms measured, and the re-scoring of those arms could not be quoted from this run
  P3  dropping the anchor tread from the branch fit moves the slope B by <= 1.5%
      BASIS       40 committed fits move by -0.03% to +0.79% when n=1 is dropped
      A FAIL      the independence of the two ends. B and t(1) would then share the anchor and B / t(1) would be partly a restatement of it, not a bound
  P4  the anchor rate never exceeds the card's measured ceiling: BW_1 / BW_ceiling <= 1.0 on every cell
      BASIS       the tightest committed case is 78.6% (1477 GB/s against the A100's 1879.1 write pattern)
      A FAIL      the bracket outright on that card. An anchor above the ceiling means the ceiling is not one and the interval inverts

  PROVENANCE  P1-P4 are OUT OF SAMPLE for --measure: they are stated from the committed reports and predict a run that has not happened. They are NOT out of sample for --rescore, which re-reads the same reports; there the honest object is the gate thresholds, which are constants at the top of this file and are printed below BEFORE the table they score. Said plainly so nobody reads a reproduction as a prediction.

  OUTPUT PATH  /workspace/results/gaps-nvidia_h200/memory_branch_anchor/nvidia_h200-bm32_64-budget400.0-dtypebf16-flushtrue-g1_8_16_64-k64-modelmixtral_8x7b-n64-s3-seed-34ef5fce  [git silent]

device: NVIDIA H200
ceiling: NVIDIA H200 (measured): ceiling 4682.4 GB/s (write), pin 4814.3, ridge 152.90 FLOP/byte, measured 2026-09-14 @ 63d27a7d  [copy 4301, read_reduce 4469, read_stream 4613, triad 4375, write 4682]
reference clock: 1470 MHz, nvidia_h200: median of the samples taken while the calibration's dense GEMM ran

instrument: queue-deep/l2-flush/settled-warmup/clock-under-load/v4
triton cache: /workspace/results/gaps-nvidia_h200/memory_branch_anchor/nvidia_h200-bm32_64-budget400.0-dtypebf16-flushtrue-g1_8_16_64-k64-modelmixtral_8x7b-n64-s3-seed-34ef5fce/triton-cache/session-5hak4f6f (this session's own, empty)
  ^ LEVEL HIGH (recorded, not an exclusion): loaded clock 1635 MHz is over the 1545 MHz edge of the band around the 1470 MHz reference; the cell ran at 1.11x the issue rate the fixed compute roof assumed, so its fraction of that roof is inflated by the ratio; read roof_at_cell_clock_tflops; DRIFT failed, dropping: under-load clock went 1785 -> 1680 MHz over 26 samples (1785, 1815, 1815, 1740, 1740, 1635, 1635, 1710, 1710, 1695, 1695, 1125, 1125, 1455, 1455, 1545, 1545, 1590, 1590, 1635, 1635, 1800, 1800, 1605, 1605, 1680); the trials were not at one operating point and the median is a blend
  BM= 32 G=  1 n=  1 r=   32    0.7540 ms  ok
  ^ DRIFT failed, dropping: under-load clock went 1710 -> 1500 MHz over 25 samples (1710, 1710, 1500, 1500, 1530, 1530, 1515, 1515, 1515, 1515, 1470, 1470, 1590, 1590, 1545, 1545, 1560, 1560, 1515, 1515, 1560, 1560, 1545, 1545, 1500); the trials were not at one operating point and the median is a blend
  BM= 32 G=  1 n=  2 r=   64    1.4887 ms  ok
  BM= 32 G=  1 n=  3 r=   96    2.2202 ms  ok
  BM= 32 G=  1 n=  4 r=  128    2.9393 ms  ok
  BM= 32 G=  1 n=  5 r=  160    3.6541 ms  ok
  BM= 32 G=  1 n=  6 r=  192    4.3724 ms  ok
  BM= 32 G=  1 n=  7 r=  224    5.0858 ms  ok
  BM= 32 G=  1 n=  8 r=  256    5.7955 ms  ok
  BM= 32 G=  1 n=  9 r=  288    6.4681 ms  ok
  BM= 32 G=  1 n= 10 r=  320    7.1883 ms  ok
  BM= 32 G=  1 n= 11 r=  352    7.8966 ms  ok
  BM= 32 G=  1 n= 12 r=  384    8.6206 ms  ok
  BM= 32 G=  1 n= 13 r=  416    9.3373 ms  ok
  BM= 32 G=  1 n= 14 r=  448   10.0477 ms  ok
  BM= 32 G=  1 n= 15 r=  480   10.7649 ms  ok
  BM= 32 G=  1 n= 16 r=  512   11.4768 ms  ok
  ^ kept (LEVEL high is recorded, not excluded): LEVEL HIGH (recorded, not an exclusion): loaded clock 1680 MHz is over the 1545 MHz edge of the band around the 1470 MHz reference; the cell ran at 1.14x the issue rate the fixed compute roof assumed, so its fraction of that roof is inflated by the ratio; read roof_at_cell_clock_tflops
  BM= 32 G=  8 n=  1 r=   32    0.7621 ms  ok
  ^ kept (LEVEL high is recorded, not excluded): LEVEL HIGH (recorded, not an exclusion): loaded clock 1695 MHz is over the 1545 MHz edge of the band around the 1470 MHz reference; the cell ran at 1.15x the issue rate the fixed compute roof assumed, so its fraction of that roof is inflated by the ratio; read roof_at_cell_clock_tflops
  BM= 32 G=  8 n=  2 r=   64    1.2918 ms  ok
  ^ kept (LEVEL high is recorded, not excluded): LEVEL HIGH (recorded, not an exclusion): loaded clock 1680 MHz is over the 1545 MHz edge of the band around the 1470 MHz reference; the cell ran at 1.14x the issue rate the fixed compute roof assumed, so its fraction of that roof is inflated by the ratio; read roof_at_cell_clock_tflops
  BM= 32 G=  8 n=  3 r=   96    1.9334 ms  ok
  ^ kept (LEVEL high is recorded, not excluded): LEVEL HIGH (recorded, not an exclusion): loaded clock 1770 MHz is over the 1545 MHz edge of the band around the 1470 MHz reference; the cell ran at 1.20x the issue rate the fixed compute roof assumed, so its fraction of that roof is inflated by the ratio; read roof_at_cell_clock_tflops
  BM= 32 G=  8 n=  4 r=  128    2.3862 ms  ok
  ^ kept (LEVEL high is recorded, not excluded): LEVEL HIGH (recorded, not an exclusion): loaded clock 1725 MHz is over the 1545 MHz edge of the band around the 1470 MHz reference; the cell ran at 1.17x the issue rate the fixed compute roof assumed, so its fraction of that roof is inflated by the ratio; read roof_at_cell_clock_tflops
  BM= 32 G=  8 n=  5 r=  160    3.0410 ms  ok
  ^ kept (LEVEL high is recorded, not excluded): LEVEL HIGH (recorded, not an exclusion): loaded clock 1748 MHz is over the 1545 MHz edge of the band around the 1470 MHz reference; the cell ran at 1.19x the issue rate the fixed compute roof assumed, so its fraction of that roof is inflated by the ratio; read roof_at_cell_clock_tflops
  BM= 32 G=  8 n=  6 r=  192    3.5999 ms  ok
  ^ kept (LEVEL high is recorded, not excluded): LEVEL HIGH (recorded, not an exclusion): loaded clock 1740 MHz is over the 1545 MHz edge of the band around the 1470 MHz reference; the cell ran at 1.18x the issue rate the fixed compute roof assumed, so its fraction of that roof is inflated by the ratio; read roof_at_cell_clock_tflops
  BM= 32 G=  8 n=  7 r=  224    4.1887 ms  ok
  ^ kept (LEVEL high is recorded, not excluded): LEVEL HIGH (recorded, not an exclusion): loaded clock 1815 MHz is over the 1545 MHz edge of the band around the 1470 MHz reference; the cell ran at 1.23x the issue rate the fixed compute roof assumed, so its fraction of that roof is inflated by the ratio; read roof_at_cell_clock_tflops
  BM= 32 G=  8 n=  8 r=  256    4.5609 ms  ok
  ^ kept (LEVEL high is recorded, not excluded): LEVEL HIGH (recorded, not an exclusion): loaded clock 1755 MHz is over the 1545 MHz edge of the band around the 1470 MHz reference; the cell ran at 1.19x the issue rate the fixed compute roof assumed, so its fraction of that roof is inflated by the ratio; read roof_at_cell_clock_tflops
  BM= 32 G=  8 n=  9 r=  288    5.2766 ms  ok
  ^ kept (LEVEL high is recorded, not excluded): LEVEL HIGH (recorded, not an exclusion): loaded clock 1762 MHz is over the 1545 MHz edge of the band around the 1470 MHz reference; the cell ran at 1.20x the issue rate the fixed compute roof assumed, so its fraction of that roof is inflated by the ratio; read roof_at_cell_clock_tflops
  BM= 32 G=  8 n= 10 r=  320    5.8159 ms  ok
  ^ kept (LEVEL high is recorded, not excluded): LEVEL HIGH (recorded, not an exclusion): loaded clock 1755 MHz is over the 1545 MHz edge of the band around the 1470 MHz reference; the cell ran at 1.19x the issue rate the fixed compute roof assumed, so its fraction of that roof is inflated by the ratio; read roof_at_cell_clock_tflops
  BM= 32 G=  8 n= 11 r=  352    6.4108 ms  ok
  ^ kept (LEVEL high is recorded, not excluded): LEVEL HIGH (recorded, not an exclusion): loaded clock 1770 MHz is over the 1545 MHz edge of the band around the 1470 MHz reference; the cell ran at 1.20x the issue rate the fixed compute roof assumed, so its fraction of that roof is inflated by the ratio; read roof_at_cell_clock_tflops
  BM= 32 G=  8 n= 12 r=  384    6.9020 ms  ok
  ^ kept (LEVEL high is recorded, not excluded): LEVEL HIGH (recorded, not an exclusion): loaded clock 1770 MHz is over the 1545 MHz edge of the band around the 1470 MHz reference; the cell ran at 1.20x the issue rate the fixed compute roof assumed, so its fraction of that roof is inflated by the ratio; read roof_at_cell_clock_tflops
  BM= 32 G=  8 n= 13 r=  416    7.5500 ms  ok
  ^ kept (LEVEL high is recorded, not excluded): LEVEL HIGH (recorded, not an exclusion): loaded clock 1785 MHz is over the 1545 MHz edge of the band around the 1470 MHz reference; the cell ran at 1.21x the issue rate the fixed compute roof assumed, so its fraction of that roof is inflated by the ratio; read roof_at_cell_clock_tflops
  BM= 32 G=  8 n= 14 r=  448    8.0582 ms  ok
  ^ kept (LEVEL high is recorded, not excluded): LEVEL HIGH (recorded, not an exclusion): loaded clock 1785 MHz is over the 1545 MHz edge of the band around the 1470 MHz reference; the cell ran at 1.21x the issue rate the fixed compute roof assumed, so its fraction of that roof is inflated by the ratio; read roof_at_cell_clock_tflops
  BM= 32 G=  8 n= 15 r=  480    8.7012 ms  ok
  ^ kept (LEVEL high is recorded, not excluded): LEVEL HIGH (recorded, not an exclusion): loaded clock 1815 MHz is over the 1545 MHz edge of the band around the 1470 MHz reference; the cell ran at 1.23x the issue rate the fixed compute roof assumed, so its fraction of that roof is inflated by the ratio; read roof_at_cell_clock_tflops
  BM= 32 G=  8 n= 16 r=  512    9.0424 ms  ok
  ^ kept (LEVEL high is recorded, not excluded): LEVEL HIGH (recorded, not an exclusion): loaded clock 1680 MHz is over the 1545 MHz edge of the band around the 1470 MHz reference; the cell ran at 1.14x the issue rate the fixed compute roof assumed, so its fraction of that roof is inflated by the ratio; read roof_at_cell_clock_tflops
  BM= 32 G= 16 n=  1 r=   32    0.7627 ms  ok
  ^ kept (LEVEL high is recorded, not excluded): LEVEL HIGH (recorded, not an exclusion): loaded clock 1695 MHz is over the 1545 MHz edge of the band around the 1470 MHz reference; the cell ran at 1.15x the issue rate the fixed compute roof assumed, so its fraction of that roof is inflated by the ratio; read roof_at_cell_clock_tflops
  BM= 32 G= 16 n=  2 r=   64    1.3015 ms  ok
  ^ kept (LEVEL high is recorded, not excluded): LEVEL HIGH (recorded, not an exclusion): loaded clock 1695 MHz is over the 1545 MHz edge of the band around the 1470 MHz reference; the cell ran at 1.15x the issue rate the fixed compute roof assumed, so its fraction of that roof is inflated by the ratio; read roof_at_cell_clock_tflops
  BM= 32 G= 16 n=  3 r=   96    1.8997 ms  ok
  ^ kept (LEVEL high is recorded, not excluded): LEVEL HIGH (recorded, not an exclusion): loaded clock 1770 MHz is over the 1545 MHz edge of the band around the 1470 MHz reference; the cell ran at 1.20x the issue rate the fixed compute roof assumed, so its fraction of that roof is inflated by the ratio; read roof_at_cell_clock_tflops
  BM= 32 G= 16 n=  4 r=  128    2.4006 ms  ok
  ^ kept (LEVEL high is recorded, not excluded): LEVEL HIGH (recorded, not an exclusion): loaded clock 1748 MHz is over the 1545 MHz edge of the band around the 1470 MHz reference; the cell ran at 1.19x the issue rate the fixed compute roof assumed, so its fraction of that roof is inflated by the ratio; read roof_at_cell_clock_tflops
  BM= 32 G= 16 n=  5 r=  160    2.9832 ms  ok
  ^ kept (LEVEL high is recorded, not excluded): LEVEL HIGH (recorded, not an exclusion): loaded clock 1778 MHz is over the 1545 MHz edge of the band around the 1470 MHz reference; the cell ran at 1.21x the issue rate the fixed compute roof assumed, so its fraction of that roof is inflated by the ratio; read roof_at_cell_clock_tflops
  BM= 32 G= 16 n=  6 r=  192    3.5057 ms  ok
  ^ kept (LEVEL high is recorded, not excluded): LEVEL HIGH (recorded, not an exclusion): loaded clock 1785 MHz is over the 1545 MHz edge of the band around the 1470 MHz reference; the cell ran at 1.21x the issue rate the fixed compute roof assumed, so its fraction of that roof is inflated by the ratio; read roof_at_cell_clock_tflops
  BM= 32 G= 16 n=  7 r=  224    4.0905 ms  ok
  ^ kept (LEVEL high is recorded, not excluded): LEVEL HIGH (recorded, not an exclusion): loaded clock 1815 MHz is over the 1545 MHz edge of the band around the 1470 MHz reference; the cell ran at 1.23x the issue rate the fixed compute roof assumed, so its fraction of that roof is inflated by the ratio; read roof_at_cell_clock_tflops
  BM= 32 G= 16 n=  8 r=  256    4.5645 ms  ok
  ^ kept (LEVEL high is recorded, not excluded): LEVEL HIGH (recorded, not an exclusion): loaded clock 1785 MHz is over the 1545 MHz edge of the band around the 1470 MHz reference; the cell ran at 1.21x the issue rate the fixed compute roof assumed, so its fraction of that roof is inflated by the ratio; read roof_at_cell_clock_tflops
  BM= 32 G= 16 n=  9 r=  288    5.1826 ms  ok
  ^ kept (LEVEL high is recorded, not excluded): LEVEL HIGH (recorded, not an exclusion): loaded clock 1785 MHz is over the 1545 MHz edge of the band around the 1470 MHz reference; the cell ran at 1.21x the issue rate the fixed compute roof assumed, so its fraction of that roof is inflated by the ratio; read roof_at_cell_clock_tflops
  BM= 32 G= 16 n= 10 r=  320    5.7547 ms  ok
  ^ kept (LEVEL high is recorded, not excluded): LEVEL HIGH (recorded, not an exclusion): loaded clock 1792 MHz is over the 1545 MHz edge of the band around the 1470 MHz reference; the cell ran at 1.22x the issue rate the fixed compute roof assumed, so its fraction of that roof is inflated by the ratio; read roof_at_cell_clock_tflops
  BM= 32 G= 16 n= 11 r=  352    6.2846 ms  ok
  ^ kept (LEVEL high is recorded, not excluded): LEVEL HIGH (recorded, not an exclusion): loaded clock 1815 MHz is over the 1545 MHz edge of the band around the 1470 MHz reference; the cell ran at 1.23x the issue rate the fixed compute roof assumed, so its fraction of that roof is inflated by the ratio; read roof_at_cell_clock_tflops
  BM= 32 G= 16 n= 12 r=  384    6.7870 ms  ok
  ^ kept (LEVEL high is recorded, not excluded): LEVEL HIGH (recorded, not an exclusion): loaded clock 1800 MHz is over the 1545 MHz edge of the band around the 1470 MHz reference; the cell ran at 1.22x the issue rate the fixed compute roof assumed, so its fraction of that roof is inflated by the ratio; read roof_at_cell_clock_tflops
  BM= 32 G= 16 n= 13 r=  416    7.4184 ms  ok
  ^ kept (LEVEL high is recorded, not excluded): LEVEL HIGH (recorded, not an exclusion): loaded clock 1800 MHz is over the 1545 MHz edge of the band around the 1470 MHz reference; the cell ran at 1.22x the issue rate the fixed compute roof assumed, so its fraction of that roof is inflated by the ratio; read roof_at_cell_clock_tflops
  BM= 32 G= 16 n= 14 r=  448    7.9866 ms  ok
  ^ kept (LEVEL high is recorded, not excluded): LEVEL HIGH (recorded, not an exclusion): loaded clock 1800 MHz is over the 1545 MHz edge of the band around the 1470 MHz reference; the cell ran at 1.22x the issue rate the fixed compute roof assumed, so its fraction of that roof is inflated by the ratio; read roof_at_cell_clock_tflops
  BM= 32 G= 16 n= 15 r=  480    8.5397 ms  ok
  ^ kept (LEVEL high is recorded, not excluded): LEVEL HIGH (recorded, not an exclusion): loaded clock 1860 MHz is over the 1545 MHz edge of the band around the 1470 MHz reference; the cell ran at 1.27x the issue rate the fixed compute roof assumed, so its fraction of that roof is inflated by the ratio; read roof_at_cell_clock_tflops
  BM= 32 G= 16 n= 16 r=  512    8.8441 ms  ok
  ^ LEVEL HIGH (recorded, not an exclusion): loaded clock 1635 MHz is over the 1545 MHz edge of the band around the 1470 MHz reference; the cell ran at 1.11x the issue rate the fixed compute roof assumed, so its fraction of that roof is inflated by the ratio; read roof_at_cell_clock_tflops; DRIFT failed, dropping: under-load clock went 1830 -> 1635 MHz over 26 samples (1830, 1830, 1680, 1680, 1680, 1680, 1695, 1695, 1485, 1485, 1155, 1155, 1410, 1410, 1590, 1590, 1605, 1605, 1575, 1575, 1635, 1635, 1635, 1635, 1635, 1635); the trials were not at one operating point and the median is a blend
  BM= 32 G= 64 n=  1 r=   32    0.7642 ms  ok
  ^ kept (LEVEL high is recorded, not excluded): LEVEL HIGH (recorded, not an exclusion): loaded clock 1680 MHz is over the 1545 MHz edge of the band around the 1470 MHz reference; the cell ran at 1.14x the issue rate the fixed compute roof assumed, so its fraction of that roof is inflated by the ratio; read roof_at_cell_clock_tflops
  BM= 32 G= 64 n=  2 r=   64    1.3048 ms  ok
  ^ kept (LEVEL high is recorded, not excluded): LEVEL HIGH (recorded, not an exclusion): loaded clock 1710 MHz is over the 1545 MHz edge of the band around the 1470 MHz reference; the cell ran at 1.16x the issue rate the fixed compute roof assumed, so its fraction of that roof is inflated by the ratio; read roof_at_cell_clock_tflops
  BM= 32 G= 64 n=  3 r=   96    1.8799 ms  ok
  ^ kept (LEVEL high is recorded, not excluded): LEVEL HIGH (recorded, not an exclusion): loaded clock 1740 MHz is over the 1545 MHz edge of the band around the 1470 MHz reference; the cell ran at 1.18x the issue rate the fixed compute roof assumed, so its fraction of that roof is inflated by the ratio; read roof_at_cell_clock_tflops
  BM= 32 G= 64 n=  4 r=  128    2.4004 ms  ok
  ^ kept (LEVEL high is recorded, not excluded): LEVEL HIGH (recorded, not an exclusion): loaded clock 1755 MHz is over the 1545 MHz edge of the band around the 1470 MHz reference; the cell ran at 1.19x the issue rate the fixed compute roof assumed, so its fraction of that roof is inflated by the ratio; read roof_at_cell_clock_tflops
  BM= 32 G= 64 n=  5 r=  160    2.9829 ms  ok
  ^ kept (LEVEL high is recorded, not excluded): LEVEL HIGH (recorded, not an exclusion): loaded clock 1762 MHz is over the 1545 MHz edge of the band around the 1470 MHz reference; the cell ran at 1.20x the issue rate the fixed compute roof assumed, so its fraction of that roof is inflated by the ratio; read roof_at_cell_clock_tflops
  BM= 32 G= 64 n=  6 r=  192    3.5535 ms  ok
  ^ kept (LEVEL high is recorded, not excluded): LEVEL HIGH (recorded, not an exclusion): loaded clock 1770 MHz is over the 1545 MHz edge of the band around the 1470 MHz reference; the cell ran at 1.20x the issue rate the fixed compute roof assumed, so its fraction of that roof is inflated by the ratio; read roof_at_cell_clock_tflops
  BM= 32 G= 64 n=  7 r=  224    4.1236 ms  ok
  ^ kept (LEVEL high is recorded, not excluded): LEVEL HIGH (recorded, not an exclusion): loaded clock 1785 MHz is over the 1545 MHz edge of the band around the 1470 MHz reference; the cell ran at 1.21x the issue rate the fixed compute roof assumed, so its fraction of that roof is inflated by the ratio; read roof_at_cell_clock_tflops
  BM= 32 G= 64 n=  8 r=  256    4.6952 ms  ok
  ^ kept (LEVEL high is recorded, not excluded): LEVEL HIGH (recorded, not an exclusion): loaded clock 1778 MHz is over the 1545 MHz edge of the band around the 1470 MHz reference; the cell ran at 1.21x the issue rate the fixed compute roof assumed, so its fraction of that roof is inflated by the ratio; read roof_at_cell_clock_tflops
  BM= 32 G= 64 n=  9 r=  288    5.2343 ms  ok
  ^ kept (LEVEL high is recorded, not excluded): LEVEL HIGH (recorded, not an exclusion): loaded clock 1800 MHz is over the 1545 MHz edge of the band around the 1470 MHz reference; the cell ran at 1.22x the issue rate the fixed compute roof assumed, so its fraction of that roof is inflated by the ratio; read roof_at_cell_clock_tflops
  BM= 32 G= 64 n= 10 r=  320    5.7257 ms  ok
  ^ kept (LEVEL high is recorded, not excluded): LEVEL HIGH (recorded, not an exclusion): loaded clock 1800 MHz is over the 1545 MHz edge of the band around the 1470 MHz reference; the cell ran at 1.22x the issue rate the fixed compute roof assumed, so its fraction of that roof is inflated by the ratio; read roof_at_cell_clock_tflops
  BM= 32 G= 64 n= 11 r=  352    6.2828 ms  ok
  ^ kept (LEVEL high is recorded, not excluded): LEVEL HIGH (recorded, not an exclusion): loaded clock 1800 MHz is over the 1545 MHz edge of the band around the 1470 MHz reference; the cell ran at 1.22x the issue rate the fixed compute roof assumed, so its fraction of that roof is inflated by the ratio; read roof_at_cell_clock_tflops
  BM= 32 G= 64 n= 12 r=  384    6.8399 ms  ok
  ^ kept (LEVEL high is recorded, not excluded): LEVEL HIGH (recorded, not an exclusion): loaded clock 1815 MHz is over the 1545 MHz edge of the band around the 1470 MHz reference; the cell ran at 1.23x the issue rate the fixed compute roof assumed, so its fraction of that roof is inflated by the ratio; read roof_at_cell_clock_tflops
  BM= 32 G= 64 n= 13 r=  416    7.4124 ms  ok
  ^ kept (LEVEL high is recorded, not excluded): LEVEL HIGH (recorded, not an exclusion): loaded clock 1815 MHz is over the 1545 MHz edge of the band around the 1470 MHz reference; the cell ran at 1.23x the issue rate the fixed compute roof assumed, so its fraction of that roof is inflated by the ratio; read roof_at_cell_clock_tflops
  BM= 32 G= 64 n= 14 r=  448    7.9196 ms  ok
  ^ kept (LEVEL high is recorded, not excluded): LEVEL HIGH (recorded, not an exclusion): loaded clock 1815 MHz is over the 1545 MHz edge of the band around the 1470 MHz reference; the cell ran at 1.23x the issue rate the fixed compute roof assumed, so its fraction of that roof is inflated by the ratio; read roof_at_cell_clock_tflops
  BM= 32 G= 64 n= 15 r=  480    8.4839 ms  ok
  ^ kept (LEVEL high is recorded, not excluded): LEVEL HIGH (recorded, not an exclusion): loaded clock 1815 MHz is over the 1545 MHz edge of the band around the 1470 MHz reference; the cell ran at 1.23x the issue rate the fixed compute roof assumed, so its fraction of that roof is inflated by the ratio; read roof_at_cell_clock_tflops
  BM= 32 G= 64 n= 16 r=  512    9.0414 ms  ok
  BM= 64 G=  1 n=  1 r=   64    0.7846 ms  ok
  BM= 64 G=  1 n=  2 r=  128    1.4977 ms  ok
  ^ kept (LEVEL low is recorded, not excluded): LEVEL LOW (recorded, not an exclusion): loaded clock 1350 MHz is under the 1395 MHz edge of the band around the 1470 MHz reference; this tile draws more power under the same cap than the GEMM the roof was measured with, so its fixed-roof fraction is delivered throughput and its issue efficiency is 0.92x away, in roof_at_cell_clock_tflops
  BM= 64 G=  1 n=  3 r=  192    2.2904 ms  ok
  BM= 64 G=  1 n=  4 r=  256    3.0117 ms  ok
  ^ kept (LEVEL low is recorded, not excluded): LEVEL LOW (recorded, not an exclusion): loaded clock 1350 MHz is under the 1395 MHz edge of the band around the 1470 MHz reference; this tile draws more power under the same cap than the GEMM the roof was measured with, so its fixed-roof fraction is delivered throughput and its issue efficiency is 0.92x away, in roof_at_cell_clock_tflops
  BM= 64 G=  1 n=  5 r=  320    3.7971 ms  ok
  ^ kept (LEVEL low is recorded, not excluded): LEVEL LOW (recorded, not an exclusion): loaded clock 1350 MHz is under the 1395 MHz edge of the band around the 1470 MHz reference; this tile draws more power under the same cap than the GEMM the roof was measured with, so its fixed-roof fraction is delivered throughput and its issue efficiency is 0.92x away, in roof_at_cell_clock_tflops
  BM= 64 G=  1 n=  6 r=  384    4.5830 ms  ok
  ^ kept (LEVEL low is recorded, not excluded): LEVEL LOW (recorded, not an exclusion): loaded clock 1320 MHz is under the 1395 MHz edge of the band around the 1470 MHz reference; this tile draws more power under the same cap than the GEMM the roof was measured with, so its fixed-roof fraction is delivered throughput and its issue efficiency is 0.90x away, in roof_at_cell_clock_tflops
  BM= 64 G=  1 n=  7 r=  448    5.3261 ms  ok
  ^ kept (LEVEL low is recorded, not excluded): LEVEL LOW (recorded, not an exclusion): loaded clock 1320 MHz is under the 1395 MHz edge of the band around the 1470 MHz reference; this tile draws more power under the same cap than the GEMM the roof was measured with, so its fixed-roof fraction is delivered throughput and its issue efficiency is 0.90x away, in roof_at_cell_clock_tflops
  BM= 64 G=  1 n=  8 r=  512    6.0842 ms  ok
  ^ kept (LEVEL low is recorded, not excluded): LEVEL LOW (recorded, not an exclusion): loaded clock 1350 MHz is under the 1395 MHz edge of the band around the 1470 MHz reference; this tile draws more power under the same cap than the GEMM the roof was measured with, so its fixed-roof fraction is delivered throughput and its issue efficiency is 0.92x away, in roof_at_cell_clock_tflops
  BM= 64 G=  1 n=  9 r=  576    6.8475 ms  ok
  ^ kept (LEVEL low is recorded, not excluded): LEVEL LOW (recorded, not an exclusion): loaded clock 1320 MHz is under the 1395 MHz edge of the band around the 1470 MHz reference; this tile draws more power under the same cap than the GEMM the roof was measured with, so its fixed-roof fraction is delivered throughput and its issue efficiency is 0.90x away, in roof_at_cell_clock_tflops
  BM= 64 G=  1 n= 10 r=  640    7.6410 ms  ok
  ^ kept (LEVEL low is recorded, not excluded): LEVEL LOW (recorded, not an exclusion): loaded clock 1350 MHz is under the 1395 MHz edge of the band around the 1470 MHz reference; this tile draws more power under the same cap than the GEMM the roof was measured with, so its fixed-roof fraction is delivered throughput and its issue efficiency is 0.92x away, in roof_at_cell_clock_tflops
  BM= 64 G=  1 n= 11 r=  704    8.4326 ms  ok
  ^ kept (LEVEL low is recorded, not excluded): LEVEL LOW (recorded, not an exclusion): loaded clock 1335 MHz is under the 1395 MHz edge of the band around the 1470 MHz reference; this tile draws more power under the same cap than the GEMM the roof was measured with, so its fixed-roof fraction is delivered throughput and its issue efficiency is 0.91x away, in roof_at_cell_clock_tflops
  BM= 64 G=  1 n= 12 r=  768    9.2054 ms  ok
  ^ kept (LEVEL low is recorded, not excluded): LEVEL LOW (recorded, not an exclusion): loaded clock 1328 MHz is under the 1395 MHz edge of the band around the 1470 MHz reference; this tile draws more power under the same cap than the GEMM the roof was measured with, so its fixed-roof fraction is delivered throughput and its issue efficiency is 0.90x away, in roof_at_cell_clock_tflops
  BM= 64 G=  1 n= 13 r=  832    9.9946 ms  ok
  ^ kept (LEVEL low is recorded, not excluded): LEVEL LOW (recorded, not an exclusion): loaded clock 1350 MHz is under the 1395 MHz edge of the band around the 1470 MHz reference; this tile draws more power under the same cap than the GEMM the roof was measured with, so its fixed-roof fraction is delivered throughput and its issue efficiency is 0.92x away, in roof_at_cell_clock_tflops
  BM= 64 G=  1 n= 14 r=  896   10.7660 ms  ok
  ^ kept (LEVEL low is recorded, not excluded): LEVEL LOW (recorded, not an exclusion): loaded clock 1365 MHz is under the 1395 MHz edge of the band around the 1470 MHz reference; this tile draws more power under the same cap than the GEMM the roof was measured with, so its fixed-roof fraction is delivered throughput and its issue efficiency is 0.93x away, in roof_at_cell_clock_tflops
  BM= 64 G=  1 n= 15 r=  960   11.5324 ms  ok
  ^ kept (LEVEL low is recorded, not excluded): LEVEL LOW (recorded, not an exclusion): loaded clock 1320 MHz is under the 1395 MHz edge of the band around the 1470 MHz reference; this tile draws more power under the same cap than the GEMM the roof was measured with, so its fixed-roof fraction is delivered throughput and its issue efficiency is 0.90x away, in roof_at_cell_clock_tflops
  BM= 64 G=  1 n= 16 r= 1024   12.3079 ms  ok
  BM= 64 G=  8 n=  1 r=   64    0.7972 ms  ok
  BM= 64 G=  8 n=  2 r=  128    1.3089 ms  ok
  BM= 64 G=  8 n=  3 r=  192    1.9763 ms  ok
  BM= 64 G=  8 n=  4 r=  256    2.4415 ms  ok
  BM= 64 G=  8 n=  5 r=  320    3.1754 ms  ok
  BM= 64 G=  8 n=  6 r=  384    3.7636 ms  ok
  BM= 64 G=  8 n=  7 r=  448    4.4035 ms  ok
  BM= 64 G=  8 n=  8 r=  512    4.7093 ms  ok
  BM= 64 G=  8 n=  9 r=  576    5.6008 ms  ok
  BM= 64 G=  8 n= 10 r=  640    6.1382 ms  ok
  BM= 64 G=  8 n= 11 r=  704    6.8171 ms  ok
  ^ DRIFT failed, dropping: under-load clock went 1590 -> 1500 MHz over 24 samples (1590, 1590, 1485, 1485, 1485, 1485, 1485, 1485, 1485, 1485, 1335, 1335, 1425, 1425, 1500, 1500, 1500, 1500, 1545, 1545, 1515, 1515, 1500, 1500); the trials were not at one operating point and the median is a blend
  BM= 64 G=  8 n= 12 r=  768    7.3036 ms  ok
  BM= 64 G=  8 n= 13 r=  832    8.0059 ms  ok
  BM= 64 G=  8 n= 14 r=  896    8.5927 ms  ok
  BM= 64 G=  8 n= 15 r=  960    9.2441 ms  ok
  BM= 64 G=  8 n= 16 r= 1024    9.5594 ms  ok
  ^ DRIFT failed, dropping: under-load clock went 1575 -> 1455 MHz over 27 samples (1575, 1530, 1530, 1470, 1470, 1455, 1455, 1455, 1455, 900, 900, 1155, 1155, 1425, 1425, 1440, 1440, 1425, 1425, 1485, 1485, 1455, 1455, 1455, 1455, 1455, 1455); the trials were not at one operating point and the median is a blend
  BM= 64 G= 16 n=  1 r=   64    0.8011 ms  ok
  BM= 64 G= 16 n=  2 r=  128    1.3296 ms  ok
  BM= 64 G= 16 n=  3 r=  192    1.9689 ms  ok
  BM= 64 G= 16 n=  4 r=  256    2.4863 ms  ok
  BM= 64 G= 16 n=  5 r=  320    3.1682 ms  ok
  BM= 64 G= 16 n=  6 r=  384    3.7531 ms  ok
  BM= 64 G= 16 n=  7 r=  448    4.3367 ms  ok
  BM= 64 G= 16 n=  8 r=  512    4.7893 ms  ok
  BM= 64 G= 16 n=  9 r=  576    5.5429 ms  ok
  BM= 64 G= 16 n= 10 r=  640    6.0812 ms  ok
  BM= 64 G= 16 n= 11 r=  704    6.6706 ms  ok
  BM= 64 G= 16 n= 12 r=  768    7.2928 ms  ok
  BM= 64 G= 16 n= 13 r=  832    7.9298 ms  ok
  BM= 64 G= 16 n= 14 r=  896    8.5032 ms  ok
  BM= 64 G= 16 n= 15 r=  960    9.1545 ms  ok
  BM= 64 G= 16 n= 16 r= 1024    9.3306 ms  ok
  BM= 64 G= 64 n=  1 r=   64    0.8006 ms  ok
  ^ DRIFT failed, dropping: under-load clock went 1530 -> 1425 MHz over 24 samples (1530, 1530, 1440, 1440, 1440, 1440, 1425, 1425, 1440, 1440, 1275, 1275, 1425, 1425, 1395, 1395, 1380, 1380, 1380, 1380, 1410, 1410, 1425, 1425); the trials were not at one operating point and the median is a blend
  BM= 64 G= 64 n=  2 r=  128    1.3486 ms  ok
  BM= 64 G= 64 n=  3 r=  192    1.9877 ms  ok
  BM= 64 G= 64 n=  4 r=  256    2.5657 ms  ok
  BM= 64 G= 64 n=  5 r=  320    3.2369 ms  ok
  BM= 64 G= 64 n=  6 r=  384    3.8866 ms  ok
  BM= 64 G= 64 n=  7 r=  448    4.5662 ms  ok
  BM= 64 G= 64 n=  8 r=  512    5.1676 ms  ok
  BM= 64 G= 64 n=  9 r=  576    5.8856 ms  ok
  BM= 64 G= 64 n= 10 r=  640    6.3860 ms  ok
  BM= 64 G= 64 n= 11 r=  704    6.9503 ms  ok
  BM= 64 G= 64 n= 12 r=  768    7.6079 ms  ok
  BM= 64 G= 64 n= 13 r=  832    8.2538 ms  ok
  BM= 64 G= 64 n= 14 r=  896    8.9032 ms  ok
  BM= 64 G= 64 n= 15 r=  960    9.5650 ms  ok
  BM= 64 G= 64 n= 16 r= 1024    9.9809 ms  ok

measured 128 cells in 3.6 min
clock state: 128 timed cells: 62 steady level, 13 steady LOW (kept, side recorded), 47 steady HIGH (kept, side recorded), 6 DRIFT failed (excluded, and not in the three counts before it), 0 steady with LEVEL not determined
  the 6 drifted cells by side: 4 level, 0 LOW, 2 HIGH, 0 with LEVEL not determined; a cell whose clock moved is not steady at any side, so none of them is counted as kept
  scored against the fixed roof; this arm drops no cell for its clock, and None means NOT DETERMINED, never fine
stream check on the real weight buffers: 4265.0 GB/s (ceiling 4682.4)

MEASURED BRACKETS. B is refitted on n>=2 only; the anchor is the measured n=1 cell.

    BM    G   t(1) ms     B ms     dB    BW_1   %pin alpha_lo alpha_hi cap/ridge lin/ridge
  --------------------------------------------------------------------------------------------
    32    1    0.7540   0.7115  0.14%    3773  78.4%    0.943    1.000     0.220     0.222
    32    8    0.7621   0.5602  0.03%    3733  77.5%    0.733    0.921     0.282     0.286
    32   16    0.7627   0.5490  0.06%    3730  77.5%    0.717    0.903     0.288     0.292
    32   64    0.7642   0.5511  0.08%    3722  77.3%    0.718    0.906     0.288     0.291
    64    1    0.7846   0.7726  0.22%    3659  76.0%    0.984    1.000     0.417     0.425
    64    8    0.7972   0.6011  0.26%    3601  74.8%    0.749    0.980     0.545     0.558
    64   16    0.8011   0.5887  0.08%    3584  74.4%    0.730    0.959     0.559     0.573
    64   64    0.8006   0.6243  0.15%    3586  74.5%    0.776    1.000     0.527     0.540


RESULT: VALIDITY pin_took_effect PASS the forced tile is the tile that ran | measured 128 of 128 cells showed their requested tile; 8 of 8 settings compiled at least one fresh Triton artefact | gate every ok cell shows its requested tile, and every setting compiled
GATE M6  VALIDITY PASS    the forced tile is the tile that ran
                        measured 128 of 128 cells showed their requested tile; 8 of 8 settings compiled at least one fresh Triton artefact   gate every ok cell shows its requested tile, and every setting compiled
RESULT: VALIDITY every_cell_measured PASS every planned cell measured | measured 128 of 128 planned cells ok, 0 failed | gate all planned cells ok
GATE M5  VALIDITY PASS    every planned cell measured
                        measured 128 of 128 planned cells ok, 0 failed   gate all planned cells ok
RESULT: VALIDITY stream_ceiling PASS the committed ceiling is above the measured read rate on the real weight buffers | measured 4265.0 GB/s against a ceiling of 4682.4 (91.1%) | gate <= 100%
GATE M0  VALIDITY PASS    the committed ceiling is above the measured read rate on the real weight buffers
                        measured 4265.0 GB/s against a ceiling of 4682.4 (91.1%)   gate <= 100%
RESULT: VALIDITY measured_bracket_ordered PASS P4: the anchor rate never exceeds the measured ceiling | measured tightest 80.6% at BM=32 G=1 | gate <= 100%
GATE M4  VALIDITY PASS    P4: the anchor rate never exceeds the measured ceiling
                        measured tightest 80.6% at BM=32 G=1   gate <= 100%
RESULT: CLAIM anchor_swizzle_invariant PASS P1: the anchor t(1) does not depend on the swizzle | measured worst spread 2.11% across G<=16, 2.11% across all G | gate <= 4.0% and <= 8.0%
GATE M1  CLAIM    PASS    P1: the anchor t(1) does not depend on the swizzle
                        measured worst spread 2.11% across G<=16, 2.11% across all G   gate <= 4.0% and <= 8.0%
                          BM= 32  G=[1, 8, 16, 64]  spread G<=16 1.15%, all G 1.36%
                          BM= 64  G=[1, 8, 16, 64]  spread G<=16 2.11%, all G 2.11%
RESULT: CLAIM anchor_rate_in_band FAIL P2: the BLOCK_M=32 anchor rate is in band | measured 77.3%-78.4% of the 4814 GB/s pin rate over 4 cells | gate 64%-78% of pin
GATE M2  CLAIM    FAIL    P2: the BLOCK_M=32 anchor rate is in band
                        measured 77.3%-78.4% of the 4814 GB/s pin rate over 4 cells   gate 64%-78% of pin
                        INVALIDATES: the carry-across. An anchor at a different rate is not the event the committed ladders measured, and this run's brackets could not be quoted for them
RESULT: CLAIM slope_independent PASS P3: the slope does not depend on the anchor | measured worst 0.26% at BM=64 G=8 over 16 treads | gate <= 1.5% (calibrated on 16- and 33-tread ladders)
GATE M3  CLAIM    PASS    P3: the slope does not depend on the anchor
                        measured worst 0.26% at BM=64 G=8 over 16 treads   gate <= 1.5% (calibrated on 16- and 33-tread ladders)

wrote /workspace/results/gaps-nvidia_h200/memory_branch_anchor/nvidia_h200-bm32_64-budget400.0-dtypebf16-flushtrue-g1_8_16_64-k64-modelmixtral_8x7b-n64-s3-seed-34ef5fce/measure.json
The brackets above stand on their own. To carry them onto the committed arms, run --rescore, whose P2 band is what licenses that.
1 CLAIM_FAIL: measured; VALIDITY passed; a CLAIM gate did not (a result, not a retry)
