[calibrate] measuring achievable bandwidth and dense BF16 ...
[calibrate] buffers 8 GiB, L2 flushed between iterations
[calibrate] settling clocks under load (up to 30s) before measuring anything

  device            NVIDIA GH200 480GB
  L2                60 MiB   (buffers are 137x larger)
  power limit       700 W   (SXM)
  max SM clock      1980 MHz  (from nvml)  -> thermal floor 660 MHz = 0.3333 of it
  memory clock      2619 MHz  -> pin rate 4022.8 GB/s
                    (clk x 2 for DDR x 6144 bits / 8; bus width from nvml)

  pattern       GB/s  of spec   of pin    p50 ms   note
  read_stream    3884.8           96.6%     2.211   Triton, one store per program, no cross-CTA combine; stores are 0.012% of traffic and are not counted
  read_reduce    3819.7           95.0%     2.249   ATen reduction along the contiguous axis; a LOWER BOUND on the DRAM read rate, not the read rate
  copy        3674.9           91.4%     4.675   
  triad       3726.3           92.6%     6.916   canonical STREAM metric; the default ceiling <-- ceiling
  write       3950.0           98.2%     2.175   1N proven (2N would exceed the pin rate by 94%); unflushed so the timed window cannot shed writeback

  achieved BW         3726.3 GB/s (pattern: triad)
  achieved BF16        651.8 TFLOP/s (GEMM 8192^3)
  measured at       1440 MHz, where the silicon can do 778.6 TFLOP/s
                        83.7% of THAT <-- efficiency at the measured clock
  clock, bf16 GEMM  1440 MHz median of [1440, 1440, 1440, 1455, 1455], spread 1.0%, DRIFT PASS (1440 -> 1455 MHz)
                   post-hoc idle sample 1455 MHz (what this field used to be), 648 W
  clock, fp8 GEMM   1350 MHz median of [1350, 1350, 1350, 1350, 1350], spread 0.0%, DRIFT PASS (1350 -> 1350 MHz)
                   post-hoc idle sample 1350 MHz (what this field used to be), 633 W

  ridge point by choice of denominator (FLOP/byte):
    read_stream      168 <-- matched to this study's traffic
    read_reduce      171
    copy             177
    triad            175 <-- used
    write            165
    band          167.8 to 174.9  (4.3% wide) -- quote this, not one end, for any crossing inside it

  settle compute    reached at 1425 MHz   governs the bf16 and fp8 GEMMs
                  history [1455, 1425, 1425, 1425]
  settle memory     reached at 1980 MHz   governs the four bandwidth patterns
                  history [1980, 1980, 1980]

  warm-up pass      discarded; largest per-pattern change 0.0%

  clocks (idle pair) 1425 -> 1980 MHz, 56 -> 47 C  [retired idle-instant reading, not scored]
  clock under load  PASS: from gemm_clock.{clock_level_ok,clock_drift_ok}: FLOOR PASS (1440 MHz median under load against a floor of 660 MHz, 0.3333 of this card's 1980 MHz maximum); DRIFT PASS (clock_drift_ok=True, 1440 -> 1455 MHz)

  NOTE: write is 98.2% of the derived pin rate. That is a REAL store rate, not an accounting error: a read-for-ownership would make it 2N, which would exceed the pin rate by ~94% and is impossible. Write is not the ceiling because it is the least representative pattern for a read-dominated workload.

[calibrate] wrote /home/ubuntu/moe/results/calibration/nvidia_gh200_480gb-buffer_gb8.0-ceilingtriad-gemm_n8192-settletrue-settle_s30.0-28dc063d/measured_nvidia_gh200_480gb.yaml
[calibrate] wrote /home/ubuntu/moe/results/calibration/nvidia_gh200_480gb-buffer_gb8.0-ceilingtriad-gemm_n8192-settletrue-settle_s30.0-28dc063d/cells.csv
  MDE: 1.99% of the measured value, at alpha 0.05 and 80% power, from sigma 1.23% over 3 trial(s) (median within-cell ms_std/ms_p50 over 76918 published rows; a LOWER bound, since between-run spread is not in that column). A difference smaller than this is not resolvable here.
[calibrate] PUBLISHED to /home/ubuntu/moe/repo/moe/bench/hardware/measured_nvidia_gh200_480gb.yaml
  That file is TRACKED. roofline.load_measured() reads it, so the sweep now has ceilings; until you commit it, every row measured carries git_dirty=True and cannot be reproduced from the commit it names.
{"achieved_bw_gbps": 3726.260535531813, "ceiling_pattern": "triad", "achieved_bf16_tflops": 651.7833864731094, "ridge": 174.9, "ridge_band": [167.8, 174.9], "gemm_clock_mhz": 1440, "clock_established": true, "out": "/home/ubuntu/moe/results/calibration/nvidia_gh200_480gb-buffer_gb8.0-ceilingtriad-gemm_n8192-settletrue-settle_s30.0-28dc063d/measured_nvidia_gh200_480gb.yaml", "published_to": "/home/ubuntu/moe/repo/moe/bench/hardware/measured_nvidia_gh200_480gb.yaml", "instrument": "moe.bench.calibrate via timing.time_eager (queue-deep, pre-primed events, L2 flush between iterations); NOT timing.TIMING_BASIS"}

RESULT: VALIDITY clock_established PASS the samples agree with each other and with the settle plateau
RESULT: VALIDITY ceiling_pattern_measured PASS triad = 3726.3 GB/s
RESULT: CLAIM no_pattern_exceeds_the_pin_rate PASS fastest pattern write 3950.0 GB/s against a derived pin rate of 4022.8 GB/s
RESULT: CLAIM write_rate_is_a_store_rate PASS write 3950.0 GB/s is 98.2% of the pin rate; a read-for-ownership would make it 2N and impossible
RESULT: CLAIM clock_steady_across_patterns PASS every pattern was measured in the same clock state
RESULT: CLAIM not_throttled PASS from gemm_clock.{clock_level_ok,clock_drift_ok}: FLOOR PASS (1440 MHz median under load against a floor of 660 MHz, 0.3333 of this card's 1980 MHz maximum); DRIFT PASS (clock_drift_ok=True, 1440 -> 1455 MHz)
