== 2026-09-28T03:45:55Z step floor: 3c.5 floor counters, G=64 and G=2 at base, G=64 unlocked (record), G=64 at 1710: P6
==PROF== Resetting GPU clocks on device 0.
CARD NVIDIA GH200 480GB (nvidia_gh200_480gb, board 435984, sm_90, 132 SMs, 60 MiB L2): every number here is THIS card's; one of the study's four cards: the primary card.
R3 FLOOR CAPTURE  G=64  NATIVE at treads [2, 3, 4, 6], 16 profiled launches at --clock-control base; 42 metrics asked, dropped []
wrote /home/ubuntu/moe/results/2026-09-28-nvidia_gh200_480gb-r3-counters/r3f-g64.json
git   git check-ignore exited 128; path UNVERIFIED (fatal: /home/ubuntu/moe/results/2026-09-28-nvidia_gh200_480gb-r3-counters/r3f-g64.json: '/home/ubuntu/moe/results/2026-09-28-nvidia_gh200_480gb-r3-counters/r3f-g64.json' is outside repository at '/home/ubuntu/moe/repo')
==PROF== Resetting GPU clocks on device 0.
/home/ubuntu/moe/repo/scripts/gh200_model_session.sh: line 1: wait_for: No record of process 28810
==PROF== Resetting GPU clocks on device 0.
GPU clocks set to "(gpuClkMin 1710, gpuClkMax 1710)" for GPU 00000000:DD:00.0
All done.
CARD NVIDIA GH200 480GB (nvidia_gh200_480gb, board 435984, sm_90, 132 SMs, 60 MiB L2): every number here is THIS card's; one of the study's four cards: the primary card.
R3 FLOOR CAPTURE  G=64  NATIVE at treads [2, 3, 4, 6], 16 profiled launches at --clock-control none under an nvidia-smi lock of 1710 MHz; 42 metrics asked, dropped []
RESULT: VALIDITY FL1 FAIL every cell and GEMM ran at the nvidia-smi lock of 1710 MHz, by its own counters' clock: off the lock: ['w1 fitted 1801 MHz', 'n=2 w1 1801 MHz', 'n=3 w1 1798 MHz
GATE FL1 VALIDITY FAIL   every cell and GEMM ran at the nvidia-smi lock of 1710 MHz, by its own counters' clock
              measured off the lock: ['w1 fitted 1801 MHz', 'n=2 w1 1801 MHz', 'n=3 w1 1798 MHz', 'n=4 w1 1804 MHz', 'n=6 w1 1800 MHz', 'w2 fitted 1783 MHz', 'n=2 w2 1780 MHz', 'n=3 w2 1781 MHz', 'n=4 w2 1788 MHz', 'n=6 w2 1781 MHz'] (fit: w1 1800.8 MHz + 41.3 us over 4 cells; w2 1783.0 MHz + 19.9 us over 4 cells)   gate each GEMM's duration = t0 + cycles / f over its cells, |f - 1710| <= 15 MHz (one step), 0 <= t0 <= 50 us, no cell over 3 steps off
              a FAIL here invalidates: this file as a reading at 1710 MHz; its numbers stand only as readings at the clocks its cells name
wrote /home/ubuntu/moe/results/2026-09-28-nvidia_gh200_480gb-r3-counters/r3f-g64-lock1710.json
git   git check-ignore exited 128; path UNVERIFIED (fatal: /home/ubuntu/moe/results/2026-09-28-nvidia_gh200_480gb-r3-counters/r3f-g64-lock1710.json: '/home/ubuntu/moe/results/2026-09-28-nvidia_gh200_480gb-r3-counters/r3f-g64-lock1710.json' is outside repository at '/home/ubuntu/moe/repo')
clocks.current.sm [MHz], clocks.current.memory [MHz], clocks.max.sm [MHz], clocks_event_reasons.active
345 MHz, 2619 MHz, 1980 MHz, 0x0000000000000001
2026-09-28T03:48:32Z floor: r3f-g64 exit 0
2026-09-28T03:48:32Z floor: r3f-g2 and r3f-g64-unlocked left out: no mixtral-8x22b prediction reads them
2026-09-28T03:48:32Z floor: r3f-g64-lock1710 exit 3
