experiment  thermal_acceptance / no_card_nothing_measured-1settle30.0-2window120.0-3poll2.0-fa23e71b
card        no-card-nothing-measured
window      30 s of ramp discarded, then 120 s scored, polled every 2 s
load        scripts/thermal_acceptance.py: sustained dense bf16 GEMM (moe.bench.calibrate._load_compute, 8192^3, 32 per step) with SM clock, board power and temperature polled through NVML while the queue is busy; NOT timing.TIMING_BASIS, nothing is timed
WRITES TO   /home/ubuntu/moe/results/gaps-nocard/thermal_acceptance/no_card_nothing_measured-1settle30.0-2window120.0-3poll2.0-fa23e71b

REGISTERED PREDICTIONS. Printed before anything is measured, and not rewritten afterwards.

  P1  a healthy card holds a clock well clear of its own floor
        predicts  the median SM clock over the scored window is at least 0.3333 of this card's maximum. The lowest per-cell median anywhere in this repository's published corpus, 1275 MHz on a 1980 MHz part, sits 1.93x above that part's own floor; the 2026-09-11 fault sat 1.91x below its part's
        a FAIL    THE SESSION IS REFUSED AND THE POD IS RETURNED. A card that cannot hold a clock produces a ruler whose compute peak has collapsed while its memory side has not, and every roof fraction, ridge and alpha measured against that ruler is wrong rather than merely low.

  P2  and it is still holding it at the end of the window, not on the way down
        predicts  the last third of the window agrees with the first third within 0.05 of it, the same fraction `timing.clock_flags` applies to a cell, after the first 30 s have been discarded as the governor's ramp
        a FAIL    the card was still collapsing when the probe stopped. The median may be above the floor and the ceilings still unmeasurable, because the calibration that follows takes minutes and this window took two.

==============================================================================

estimated wall time 160 s (2.7 min: 30 s ramp + 120 s window + 10 s allocation and first matmul)
samples            ~60 scored, floor 9
this card           maximum 1980 MHz from nvml, so the floor is 660 MHz
  report.txt    /home/ubuntu/moe/results/gaps-nocard/thermal_acceptance/no_card_nothing_measured-1settle30.0-2window120.0-3poll2.0-fa23e71b/report.txt  git could not be asked (rc 128 is a path outside the work tree)
  report.json   /home/ubuntu/moe/results/gaps-nocard/thermal_acceptance/no_card_nothing_measured-1settle30.0-2window120.0-3poll2.0-fa23e71b/report.json  git could not be asked (rc 128 is a path outside the work tree)
  RESOLUTION: 15 MHz, the NVML grid, which is 0.76% of no-card-nothing-measured's 1980 MHz maximum. The gate sits 88 grid steps below that maximum (660 MHz). For scale, on the 1980 MHz part results/published was measured on, its lowest healthy reading (1275 MHz) sits 1.93x above that part's floor. This probe cannot miss a difference of the size it is looking for.

==============================================================================
REFUSED. Nothing was measured and nothing was written.
  reason: --dry-run was given
  No gate was scored, so no RESULT line was printed and none of the above
  is a result. --self-test scores the planted worlds off GPU; the bare
  command loads this card and watches it.
==============================================================================
