==WARNING== Note: Running with unmodified GPU clocks. If not controlled otherwise, profiling results may be inconsistent.
==PROF== Connected to process 48779 (/home/ubuntu/.local/share/uv/python/cpython-3.12.14-linux-aarch64-gnu/bin/python3.12)
==PROF== Profiling "fused_moe_kernel": 0%....50%....100% - 5 passes
==PROF== Profiling "fused_moe_kernel": 0%....50%....100% - 5 passes
==PROF== Profiling "fused_moe_kernel": 0%....50%....100% - 5 passes
==PROF== Profiling "fused_moe_kernel": 0%....50%....100% - 5 passes
==PROF== Profiling "fused_moe_kernel": 0%....50%....100% - 5 passes
==PROF== Profiling "fused_moe_kernel": 0%....50%....100% - 5 passes
==PROF== Profiling "fused_moe_kernel": 0%....50%....100% - 5 passes
==PROF== Profiling "fused_moe_kernel": 0%....50%....100% - 5 passes
==PROF== Profiling "fused_moe_kernel": 0%....50%....100% - 5 passes
==PROF== Profiling "fused_moe_kernel": 0%....50%....100% - 5 passes
==PROF== Profiling "fused_moe_kernel": 0%....50%....100% - 5 passes
==PROF== Profiling "fused_moe_kernel": 0%....50%....100% - 5 passes
==PROF== Profiling "fused_moe_kernel": 0%....50%....100% - 5 passes
==PROF== Profiling "fused_moe_kernel": 0%....50%....100% - 5 passes
==PROF== Profiling "fused_moe_kernel": 0%....50%....100% - 5 passes
==PROF== Profiling "fused_moe_kernel": 0%....50%....100% - 5 passes
==PROF== Profiling "fused_moe_kernel": 0%....50%....100% - 5 passes
==PROF== Profiling "fused_moe_kernel": 0%....50%....100% - 5 passes
==PROF== Profiling "fused_moe_kernel": 0%....50%....100% - 5 passes
==PROF== Profiling "fused_moe_kernel": 0%....50%....100% - 5 passes
==PROF== Profiling "fused_moe_kernel": 0%....50%....100% - 5 passes
==PROF== Profiling "fused_moe_kernel": 0%....50%....100% - 5 passes
==PROF== Profiling "fused_moe_kernel": 0%....50%....100% - 5 passes
==PROF== Profiling "fused_moe_kernel": 0%....50%....100% - 5 passes
==PROF== Profiling "fused_moe_kernel": 0%....50%....100% - 5 passes
==PROF== Profiling "fused_moe_kernel": 0%....50%....100% - 5 passes
==PROF== Profiling "fused_moe_kernel": 0%....50%....100% - 5 passes
==PROF== Profiling "fused_moe_kernel": 0%....50%....100% - 5 passes
==PROF== Profiling "fused_moe_kernel": 0%....50%....100% - 5 passes
==PROF== Profiling "fused_moe_kernel": 0%....50%....100% - 5 passes
==PROF== Profiling "fused_moe_kernel": 0%....50%....100% - 5 passes
==PROF== Profiling "fused_moe_kernel": 0%....50%....100% - 5 passes
==PROF== Profiling "fused_moe_kernel": 0%....50%....100% - 5 passes
==PROF== Profiling "fused_moe_kernel": 0%....50%....100% - 5 passes
==PROF== Profiling "fused_moe_kernel": 0%....50%....100% - 5 passes
==PROF== Profiling "fused_moe_kernel": 0%....50%....100% - 5 passes
==PROF== Profiling "fused_moe_kernel": 0%....50%....100% - 5 passes
==PROF== Profiling "fused_moe_kernel": 0%....50%....100% - 5 passes
==PROF== Profiling "fused_moe_kernel": 0%....50%....100% - 5 passes
==PROF== Profiling "fused_moe_kernel": 0%....50%....100% - 5 passes
==PROF== Profiling "fused_moe_kernel": 0%....50%....100% - 5 passes
==PROF== Profiling "fused_moe_kernel": 0%....50%....100% - 5 passes
==PROF== Profiling "fused_moe_kernel": 0%....50%....100% - 5 passes
==PROF== Profiling "fused_moe_kernel": 0%....50%....100% - 5 passes
==PROF== Profiling "fused_moe_kernel": 0%....50%....100% - 5 passes
==PROF== Profiling "fused_moe_kernel": 0%....50%....100% - 5 passes
==PROF== Profiling "fused_moe_kernel": 0%....50%....100% - 5 passes
==PROF== Profiling "fused_moe_kernel": 0%....50%....100% - 5 passes
==PROF== Profiling "fused_moe_kernel": 0%....50%....100% - 5 passes
==PROF== Profiling "fused_moe_kernel": 0%....50%....100% - 5 passes
==PROF== Profiling "fused_moe_kernel": 0%....50%....100% - 5 passes
==PROF== Profiling "fused_moe_kernel": 0%....50%....100% - 5 passes
==PROF== Profiling "fused_moe_kernel": 0%....50%....100% - 5 passes
==PROF== Profiling "fused_moe_kernel": 0%....50%....100% - 5 passes
==PROF== Profiling "fused_moe_kernel": 0%....50%....100% - 5 passes
==PROF== Profiling "fused_moe_kernel": 0%....50%....100% - 5 passes
==PROF== Profiling "fused_moe_kernel": 0%....50%....100% - 5 passes
==PROF== Profiling "fused_moe_kernel": 0%....50%....100% - 5 passes
==PROF== Profiling "fused_moe_kernel": 0%....50%....100% - 5 passes
==PROF== Profiling "fused_moe_kernel": 0%....50%....100% - 5 passes
==PROF== Profiling "fused_moe_kernel": 0%....50%....100% - 5 passes
==PROF== Profiling "fused_moe_kernel": 0%....50%....100% - 5 passes
==PROF== Profiling "fused_moe_kernel": 0%....50%....100% - 5 passes
==PROF== Profiling "fused_moe_kernel": 0%....50%....100% - 5 passes
==PROF== Profiling "fused_moe_kernel": 0%....50%....100% - 5 passes
==PROF== Profiling "fused_moe_kernel": 0%....50%....100% - 5 passes
==PROF== Profiling "fused_moe_kernel": 0%....50%....100% - 5 passes
==PROF== Profiling "fused_moe_kernel": 0%....50%....100% - 5 passes
==PROF== Profiling "fused_moe_kernel": 0%....50%....100% - 5 passes
==PROF== Profiling "fused_moe_kernel": 0%....50%....100% - 5 passes
==PROF== Profiling "fused_moe_kernel": 0%....50%....100% - 5 passes
==PROF== Profiling "fused_moe_kernel": 0%....50%....100% - 5 passes
==PROF== Profiling "fused_moe_kernel": 0%....50%....100% - 5 passes
==PROF== Profiling "fused_moe_kernel": 0%....50%....100% - 5 passes
==PROF== Profiling "fused_moe_kernel": 0%....50%....100% - 5 passes
==PROF== Profiling "fused_moe_kernel": 0%....50%....100% - 5 passes
==PROF== Profiling "fused_moe_kernel": 0%....50%....100% - 5 passes
==PROF== Profiling "fused_moe_kernel": 0%....50%....100% - 5 passes
==PROF== Profiling "fused_moe_kernel": 0%....50%....100% - 5 passes
==PROF== Profiling "fused_moe_kernel": 0%....50%....100% - 5 passes
==PROF== Profiling "fused_moe_kernel": 0%....50%....100% - 5 passes
==PROF== Profiling "fused_moe_kernel": 0%....50%....100% - 5 passes
==PROF== Profiling "fused_moe_kernel": 0%....50%....100% - 5 passes
==PROF== Profiling "fused_moe_kernel": 0%....50%....100% - 5 passes
==PROF== Profiling "fused_moe_kernel": 0%....50%....100% - 5 passes
==PROF== Profiling "fused_moe_kernel": 0%....50%....100% - 5 passes
==PROF== Profiling "fused_moe_kernel": 0%....50%....100% - 5 passes
==PROF== Profiling "fused_moe_kernel": 0%....50%....100% - 5 passes
==PROF== Profiling "fused_moe_kernel": 0%....50%....100% - 5 passes
==PROF== Profiling "fused_moe_kernel": 0%....50%....100% - 5 passes
==PROF== Profiling "fused_moe_kernel": 0%....50%....100% - 5 passes
==PROF== Profiling "fused_moe_kernel": 0%....50%....100% - 5 passes
==PROF== Profiling "fused_moe_kernel": 0%....50%....100% - 5 passes
==PROF== Profiling "fused_moe_kernel": 0%....50%....100% - 5 passes
==PROF== Profiling "fused_moe_kernel": 0%....50%....100% - 5 passes
==PROF== Profiling "fused_moe_kernel": 0%....50%....100% - 5 passes
==PROF== Profiling "fused_moe_kernel": 0%....50%....100% - 5 passes
==PROF== Profiling "fused_moe_kernel": 0%....50%....100% - 5 passes
==PROF== Profiling "fused_moe_kernel": 0%....50%....100% - 5 passes
==PROF== Profiling "fused_moe_kernel": 0%....50%....100% - 5 passes
==PROF== Profiling "fused_moe_kernel": 0%....50%....100% - 5 passes
==PROF== Profiling "fused_moe_kernel": 0%....50%....100% - 5 passes
==PROF== Profiling "fused_moe_kernel": 0%....50%....100% - 5 passes
==PROF== Profiling "fused_moe_kernel": 0%....50%....100% - 5 passes
==PROF== Profiling "fused_moe_kernel": 0%....50%....100% - 5 passes
==PROF== Profiling "fused_moe_kernel": 0%....50%....100% - 5 passes
==PROF== Profiling "fused_moe_kernel": 0%....50%....100% - 5 passes
==PROF== Profiling "fused_moe_kernel": 0%....50%....100% - 5 passes
==PROF== Profiling "fused_moe_kernel": 0%....50%....100% - 5 passes
==PROF== Profiling "fused_moe_kernel": 0%....50%....100% - 5 passes
==PROF== Profiling "fused_moe_kernel": 0%....50%....100% - 5 passes
==PROF== Profiling "fused_moe_kernel": 0%....50%....100% - 5 passes
==PROF== Profiling "fused_moe_kernel": 0%....50%....100% - 5 passes
==PROF== Profiling "fused_moe_kernel": 0%....50%....100% - 5 passes
==PROF== Profiling "fused_moe_kernel": 0%....50%....100% - 5 passes
==PROF== Profiling "fused_moe_kernel": 0%....50%....100% - 5 passes
==PROF== Profiling "fused_moe_kernel": 0%....50%....100% - 5 passes
==PROF== Profiling "fused_moe_kernel": 0%....50%....100% - 5 passes
==PROF== Profiling "fused_moe_kernel": 0%....50%....100% - 5 passes
==PROF== Profiling "fused_moe_kernel": 0%....50%....100% - 5 passes
==PROF== Profiling "fused_moe_kernel": 0%....50%....100% - 5 passes
==PROF== Profiling "fused_moe_kernel": 0%....50%....100% - 5 passes
==PROF== Profiling "fused_moe_kernel": 0%....50%....100% - 5 passes
==PROF== Profiling "fused_moe_kernel": 0%....50%....100% - 5 passes
==PROF== Profiling "fused_moe_kernel": 0%....50%....100% - 5 passes
==PROF== Profiling "fused_moe_kernel": 0%....50%....100% - 5 passes
==PROF== Profiling "fused_moe_kernel": 0%....50%....100% - 5 passes
==PROF== Profiling "fused_moe_kernel": 0%....50%....100% - 5 passes
==PROF== Profiling "fused_moe_kernel": 0%....50%....100% - 5 passes
==PROF== Profiling "fused_moe_kernel": 0%....50%....100% - 5 passes
==PROF== Profiling "fused_moe_kernel": 0%....50%....100% - 5 passes
==PROF== Profiling "fused_moe_kernel": 0%....50%....100% - 5 passes
==PROF== Profiling "fused_moe_kernel": 0%....50%....100% - 5 passes
==PROF== Profiling "fused_moe_kernel": 0%....50%....100% - 5 passes
==PROF== Profiling "fused_moe_kernel": 0%....50%....100% - 5 passes
==PROF== Profiling "fused_moe_kernel": 0%....50%....100% - 5 passes
==PROF== Profiling "fused_moe_kernel": 0%....50%....100% - 5 passes
==PROF== Profiling "fused_moe_kernel": 0%....50%....100% - 5 passes
==PROF== Profiling "fused_moe_kernel": 0%....50%....100% - 5 passes
==PROF== Profiling "fused_moe_kernel": 0%....50%....100% - 5 passes
==PROF== Profiling "fused_moe_kernel": 0%....50%....100% - 5 passes
==PROF== Profiling "fused_moe_kernel": 0%....50%....100% - 5 passes
==PROF== Profiling "fused_moe_kernel": 0%....50%....100% - 5 passes
==PROF== Profiling "fused_moe_kernel": 0%....50%....100% - 5 passes
==PROF== Profiling "fused_moe_kernel": 0%....50%....100% - 5 passes
==PROF== Profiling "fused_moe_kernel": 0%....50%....100% - 5 passes
==PROF== Profiling "fused_moe_kernel": 0%....50%....100% - 5 passes
==PROF== Profiling "fused_moe_kernel": 0%....50%....100% - 5 passes
==PROF== Profiling "fused_moe_kernel": 0%....50%....100% - 5 passes
==PROF== Profiling "fused_moe_kernel": 0%....50%....100% - 5 passes
==PROF== Profiling "fused_moe_kernel": 0%....50%....100% - 5 passes
==PROF== Profiling "fused_moe_kernel": 0%....50%....100% - 5 passes
==PROF== Profiling "fused_moe_kernel": 0%....50%....100% - 5 passes
==PROF== Profiling "fused_moe_kernel": 0%....50%....100% - 5 passes
==PROF== Profiling "fused_moe_kernel": 0%....50%....100% - 5 passes
==PROF== Profiling "fused_moe_kernel": 0%....50%....100% - 5 passes
==PROF== Profiling "fused_moe_kernel": 0%....50%....100% - 5 passes
==PROF== Profiling "fused_moe_kernel": 0%....50%....100% - 5 passes
==PROF== Profiling "fused_moe_kernel": 0%....50%....100% - 5 passes
==PROF== Profiling "fused_moe_kernel": 0%....50%....100% - 5 passes
==PROF== Profiling "fused_moe_kernel": 0%....50%....100% - 5 passes
==PROF== Profiling "fused_moe_kernel": 0%....50%....100% - 5 passes
COUNTER CHILD: 27 cells, 3 calls each after 2 warmups; manifest /home/ubuntu/moe/results/2026-10-01-nvidia_gh200_480gb-mixtral-8x7b-tp2-atile-r3-counters/lock1710/r3c-g16.profiles/g16.manifest.json
==PROF== Disconnected from process 48779
==PROF== Report: /home/ubuntu/moe/results/2026-10-01-nvidia_gh200_480gb-mixtral-8x7b-tp2-atile-r3-counters/lock1710/r3c-g16.profiles/g16.ncu-rep
