2026-09-28T01:49:42Z setup_vm.sh start: commit f45358d997070ab5a93cc5a745efd1ba81aa52ed from https://github.com/harshithkantamneni/moe-kernels, deadline 2026-09-28T08:24:47Z
2026-09-28T01:51:19Z setup_vm.sh exit 0 (7 preflight checks passed)
[push] pushed 8e2c78c to run-gh200-8x22b-2026-09-28: setup_vm.sh: READY
2026-09-28T01:51:20Z driver start: commit f45358d997070ab5a93cc5a745efd1ba81aa52ed, steps prelude bytes calibrate timed floor deep, deadline 2026-09-28T08:24:47Z (385 min of work left)
2026-09-28T01:51:20Z prelude START: 3c.1 supported clocks, persistence, 700 W (estimate 3 min, cap 15 min, 385 min left)
2026-09-28T01:51:21Z prelude END: exit 0 after 0 min
2026-09-28T01:51:21Z clocks: 1980 MHz, 1980 MHz, 700.00 W, 0x0000000000000000
[push] pushed bf5ef3d to run-gh200-8x22b-2026-09-28: prelude: exit 0 (0 min)
2026-09-28T01:51:22Z bytes START: 3c.2 byte pages at the 1710 lock, G = 1 2 4 16 8 32 3 64, treads 1,2,3,4,5,6,7,8,9; base-clock control (estimate 93 min, cap 204 min, 385 min left)
2026-09-28T03:09:26Z bytes END: exit 0 after 78 min
2026-09-28T03:09:27Z clocks: 1980 MHz, 1980 MHz, 700.00 W, 0x0000000000000000
[push] pushed 810ac98 to run-gh200-8x22b-2026-09-28: bytes: exit 0 (78 min)
2026-09-28T03:09:30Z calibrate START: 3c.3 calibrate (the ruler), no lock in force (estimate 8 min, cap 30 min, 307 min left)
2026-09-28T03:09:56Z calibrate END: exit 0 after 0 min
2026-09-28T03:09:56Z clocks: 1980 MHz, 1980 MHz, 700.00 W, 0x0000000000000000
[push] pushed 692c37c to run-gh200-8x22b-2026-09-28: calibrate: exit 0 (0 min)
2026-09-28T03:09:58Z timed START: 3c.3 timed R3 at 1710: G=8, 32 (treads 6), G=3 (treads 8): P2, P5 (estimate 62 min, cap 153 min, 306 min left)
2026-09-28T03:45:52Z timed END: exit 0 after 36 min
2026-09-28T03:45:53Z clocks: 1980 MHz, 1980 MHz, 700.00 W, 0x0000000000000000
[push] pushed dbf595f to run-gh200-8x22b-2026-09-28: timed: exit 0 (36 min)
2026-09-28T03:45:55Z floor START: 3c.5 floor counters, G=64 and G=2 at base, G=64 unlocked (record), G=64 at 1710: P6 (estimate 25 min, cap 76 min, 270 min left)
2026-09-28T03:48:32Z floor END: exit 3 after 3 min
2026-09-28T03:48:33Z clocks: 1980 MHz, 1980 MHz, 700.00 W, 0x0000000000000000
[push] pushed 8890fab to run-gh200-8x22b-2026-09-28: floor: exit 3 (3 min)
2026-09-28T03:48:35Z deep START: 3c.6 timed R3 at 1710 to tread 9, G=4 then G=2: P3, P4 (estimate 56 min, cap 127 min, 268 min left)
2026-09-28T03:56:56Z deep END: exit 1 after 8 min
2026-09-28T03:56:57Z clocks: 1980 MHz, 1980 MHz, 700.00 W, 0x0000000000000000
[push] pushed a5e9836 to run-gh200-8x22b-2026-09-28: deep: exit 1 (8 min)
2026-09-28T03:56:59Z driver end: exit 3
[push] pushed be09f3b to run-gh200-8x22b-2026-09-28: the session ended: driver exit 3
