==PROF== Connected to process 7433 (/home/ubuntu/.local/share/uv/python/cpython-3.12.14-linux-x86_64-gnu/bin/python3.12)
==PROF== Profiling "fused_moe_kernel": 0%.
==WARNING== Backing up device memory in system memory. Kernel replay might be slow. Consider using "--replay-mode application" to avoid memory save-and-restore.
...50%....100% - 5 passes
==PROF== Profiling "fused_moe_kernel": 0%....50%....100% - 5 passes
==PROF== Profiling "fused_moe_kernel": 0%....50%....100% - 5 passes
==PROF== Profiling "fused_moe_kernel": 0%....50%....100% - 5 passes
==PROF== Profiling "fused_moe_kernel": 0%....50%....100% - 5 passes
==PROF== Profiling "fused_moe_kernel": 0%....50%....100% - 5 passes
==PROF== Profiling "fused_moe_kernel": 0%....50%....100% - 5 passes
==PROF== Profiling "fused_moe_kernel": 0%....50%....100% - 5 passes
==PROF== Profiling "fused_moe_kernel": 0%....50%....100% - 5 passes
==PROF== Profiling "fused_moe_kernel": 0%....50%....100% - 5 passes
==PROF== Profiling "fused_moe_kernel": 0%....50%....100% - 5 passes
==PROF== Profiling "fused_moe_kernel": 0%....50%....100% - 5 passes
==PROF== Profiling "fused_moe_kernel": 0%....50%....100% - 5 passes
==PROF== Profiling "fused_moe_kernel": 0%....50%....100% - 5 passes
==PROF== Profiling "fused_moe_kernel": 0%....50%....100% - 5 passes
==PROF== Profiling "fused_moe_kernel": 0%....50%....100% - 5 passes
==PROF== Profiling "fused_moe_kernel": 0%....50%....100% - 5 passes
==PROF== Profiling "fused_moe_kernel": 0%....50%....100% - 5 passes
==PROF== Profiling "fused_moe_kernel": 0%....50%....100% - 5 passes
==PROF== Profiling "fused_moe_kernel": 0%....50%....100% - 5 passes
==PROF== Profiling "fused_moe_kernel": 0%....50%....100% - 5 passes
==PROF== Profiling "fused_moe_kernel": 0%....50%....100% - 5 passes
==PROF== Profiling "fused_moe_kernel": 0%....50%....100% - 5 passes
==PROF== Profiling "fused_moe_kernel": 0%....50%....100% - 5 passes
==PROF== Profiling "fused_moe_kernel": 0%....50%....100% - 5 passes
==PROF== Profiling "fused_moe_kernel": 0%....50%....100% - 5 passes
==PROF== Profiling "fused_moe_kernel": 0%....50%....100% - 5 passes
==PROF== Profiling "fused_moe_kernel": 0%....50%....100% - 5 passes
==PROF== Profiling "fused_moe_kernel": 0%....50%....100% - 5 passes
==PROF== Profiling "fused_moe_kernel": 0%....50%....100% - 5 passes
==PROF== Profiling "fused_moe_kernel": 0%....50%....100% - 5 passes
==PROF== Profiling "fused_moe_kernel": 0%....50%....100% - 5 passes
==PROF== Profiling "fused_moe_kernel": 0%....50%....100% - 5 passes
==PROF== Profiling "fused_moe_kernel": 0%....50%....100% - 5 passes
==PROF== Profiling "fused_moe_kernel": 0%....50%....100% - 5 passes
==PROF== Profiling "fused_moe_kernel": 0%....50%....100% - 5 passes
==PROF== Profiling "fused_moe_kernel": 0%....50%....100% - 5 passes
==PROF== Profiling "fused_moe_kernel": 0%....50%....100% - 5 passes
==PROF== Profiling "fused_moe_kernel": 0%....50%....100% - 5 passes
==PROF== Profiling "fused_moe_kernel": 0%....50%....100% - 5 passes
==PROF== Profiling "fused_moe_kernel": 0%....50%....100% - 5 passes
==PROF== Profiling "fused_moe_kernel": 0%....50%....100% - 5 passes
==PROF== Profiling "fused_moe_kernel": 0%....50%....100% - 5 passes
==PROF== Profiling "fused_moe_kernel": 0%....50%....100% - 5 passes
==PROF== Profiling "fused_moe_kernel": 0%....50%....100% - 5 passes
==PROF== Profiling "fused_moe_kernel": 0%....50%....100% - 5 passes
==PROF== Profiling "fused_moe_kernel": 0%....50%....100% - 5 passes
==PROF== Profiling "fused_moe_kernel": 0%....50%....100% - 5 passes
==PROF== Profiling "fused_moe_kernel": 0%....50%....100% - 5 passes
==PROF== Profiling "fused_moe_kernel": 0%....50%....100% - 5 passes
==PROF== Profiling "fused_moe_kernel": 0%....50%....100% - 5 passes
==PROF== Profiling "fused_moe_kernel": 0%....50%....100% - 5 passes
==PROF== Profiling "fused_moe_kernel": 0%....50%....100% - 5 passes
==PROF== Profiling "fused_moe_kernel": 0%....50%....100% - 5 passes
==PROF== Profiling "fused_moe_kernel": 0%....50%....100% - 5 passes
==PROF== Profiling "fused_moe_kernel": 0%....50%....100% - 5 passes
==PROF== Profiling "fused_moe_kernel": 0%....50%....100% - 5 passes
==PROF== Profiling "fused_moe_kernel": 0%....50%....100% - 5 passes
==PROF== Profiling "fused_moe_kernel": 0%....50%....100% - 5 passes
==PROF== Profiling "fused_moe_kernel": 0%....50%....100% - 5 passes
==PROF== Profiling "fused_moe_kernel": 0%....50%....100% - 5 passes
==PROF== Profiling "fused_moe_kernel": 0%....50%....100% - 5 passes
==PROF== Profiling "fused_moe_kernel": 0%....50%....100% - 5 passes
==PROF== Profiling "fused_moe_kernel": 0%....50%....100% - 5 passes
==PROF== Profiling "fused_moe_kernel": 0%....50%....100% - 5 passes
==PROF== Profiling "fused_moe_kernel": 0%....50%....100% - 5 passes
==PROF== Profiling "fused_moe_kernel": 0%....50%....100% - 5 passes
==PROF== Profiling "fused_moe_kernel": 0%....50%....100% - 5 passes
==PROF== Profiling "fused_moe_kernel": 0%....50%....100% - 5 passes
==PROF== Profiling "fused_moe_kernel": 0%....50%....100% - 5 passes
==PROF== Profiling "fused_moe_kernel": 0%....50%....100% - 5 passes
==PROF== Profiling "fused_moe_kernel": 0%....50%....100% - 5 passes
==PROF== Profiling "fused_moe_kernel": 0%....50%....100% - 5 passes
==PROF== Profiling "fused_moe_kernel": 0%....50%....100% - 5 passes
==PROF== Profiling "fused_moe_kernel": 0%....50%....100% - 5 passes
==PROF== Profiling "fused_moe_kernel": 0%....50%....100% - 5 passes
==PROF== Profiling "fused_moe_kernel": 0%....50%....100% - 5 passes
==PROF== Profiling "fused_moe_kernel": 0%....50%....100% - 5 passes
==PROF== Profiling "fused_moe_kernel": 0%....50%....100% - 5 passes
==PROF== Profiling "fused_moe_kernel": 0%....50%....100% - 5 passes
==PROF== Profiling "fused_moe_kernel": 0%....50%....100% - 5 passes
==PROF== Profiling "fused_moe_kernel": 0%....50%....100% - 5 passes
==PROF== Profiling "fused_moe_kernel": 0%....50%....100% - 5 passes
==PROF== Profiling "fused_moe_kernel": 0%....50%....100% - 5 passes
==PROF== Profiling "fused_moe_kernel": 0%....50%....100% - 5 passes
==PROF== Profiling "fused_moe_kernel": 0%....50%....100% - 5 passes
==PROF== Profiling "fused_moe_kernel": 0%....50%....100% - 5 passes
==PROF== Profiling "fused_moe_kernel": 0%....50%....100% - 5 passes
==PROF== Profiling "fused_moe_kernel": 0%....50%....100% - 5 passes
==PROF== Profiling "fused_moe_kernel": 0%....50%....100% - 5 passes
COUNTER CHILD: 15 cells, 3 calls each after 2 warmups; manifest /home/ubuntu/moe/results/2026-09-25-nvidia_a100_sxm4_40gb-r3-counters/r3c-g1.profiles/g1.manifest.json
==PROF== Disconnected from process 7433
==PROF== Report: /home/ubuntu/moe/results/2026-09-25-nvidia_a100_sxm4_40gb-r3-counters/r3c-g1.profiles/g1.ncu-rep
