CARD NVIDIA A100-SXM4-40GB (nvidia_a100_sxm4_40gb, UUID 5b67366f-3d8c-12eb-32df-400838f594e1, sm_80, 108 SMs, 40 MiB L2): every number here is THIS card's; the study's timing pages are nvidia_h200.
R3 COUNTER RUN  G=2  15 cells, 90 profiled launches after 60 skipped
  ncu        /usr/local/cuda-13.0/bin/ncu  [Version 2025.3.1.0 (build 36398880) (public-release)]
  metrics    16 asked: dram__bytes_read.sum, dram__bytes_write.sum, lts__t_sectors_srcunit_tex_op_read.sum, launch__grid_size, gpu__time_duration.sum, lts__d_sectors_fill_device.sum, lts__t_sectors_op_read_lookup_miss.sum, lts__t_sectors_srcunit_tex_op_read_lookup_hit.sum, lts__t_sector_op_read_hit_rate.pct, launch__occupancy_limit_blocks, launch__occupancy_limit_registers, launch__occupancy_limit_shared_mem, launch__occupancy_limit_warps, launch__registers_per_thread, launch__waves_per_multiprocessor, lts__t_sectors_srcunit_ltcfabric.sum
  profiles   /home/ubuntu/moe/results/2026-09-25-nvidia_a100_sxm4_40gb-r3-counters/r3c-g2.profiles
CARD NVIDIA A100-SXM4-40GB (nvidia_a100_sxm4_40gb, UUID 5b67366f-3d8c-12eb-32df-400838f594e1, sm_80, 108 SMs, 40 MiB L2): every number here is THIS card's; the study's timing pages are nvidia_h200.
R3 ARMS UNDER A DRAM COUNTER  G=2  mixtral-8x7b bf16 BLOCK_M=32 BLOCK_N=64 BLOCK_K=64 num_warps=8 num_stages=4
  arms ['native', 'shared', 'private'] x treads [1, 2, 3, 4, 6]; 3 measured calls per cell after 2 warmups; 90 profiled launches; declared 9 copies ({'native': 8, 'shared': 72, 'private': 72})

  q(n) = (R(n) - n x operand) / W, one weight set per unit, the group model beside it;
  e = q_P - n is PRIVATE's excess, its activation re-read; SHARED's weight-only q is in [q_S - e, q_S]
    n   model      q_S   q_S,w1   q_S,w2      q_N      q_P   q_P,w1   q_P,w2     e_w1     e_w2
    1  1.0000   1.0011   0.9997   1.0038   1.0011   1.0011   0.9997   1.0038   0.0000   0.0038
    2  1.0000   1.1329   1.0180   1.3628   1.1319   2.0053   1.9999   2.0162   0.0000   0.0162
    3  2.0000   2.0634   2.0240   2.1423   2.0586   3.0104   3.0001   3.0309   0.0001   0.0309
    4  2.0000   2.0643   2.0197   2.1535   2.0612   4.0167   4.0015   4.0472   0.0015   0.0472
    6  3.0000   3.0693   3.0209   3.1660   3.0628   6.0270   6.0020   6.0771   0.0020   0.0771

  alpha(G=2) in [0.4177, 0.4244] (w1 [0.4218, 0.4222], w2 [0.4096, 0.4290]): the least and greatest OLS slope over SHARED's weight-only q in [q_S - e, q_S], e PRIVATE's excess over n
  the upper edge's OLS slope, every activation re-read counted as a weight re-read: 0.4237 (w1 0.4222, w2 0.4267), max relative residual 19.85%: a scalar summary; meaningful where the ladder is affine
  alpha_ratio slope(R_S)/slope(R_P) = 0.4234; alpha_diff 1 - (slope_P - slope_S)/W = 0.4184, the lower edge's slope; none uses a bandwidth, a ridge, an intercept or a calibration

  ACTIVATION RE-READS, named in advance (r3_exposure): one column pass of the fullest group, MiB, A + slabs = working set, against this card's 40 MiB L2 (20 per partition)
  n=1  w1 S 0.5+1.0=1.5 held  w1 P 0.5+1.0=1.5 held  w2 S 1.8+3.5=5.2 held  w2 P 1.8+3.5=5.2 held
  n=2  w1 S 0.5+0.5=1.0 held  w1 P 0.5+1.0=1.5 held  w2 S 1.8+1.8=3.5 held  w2 P 1.8+3.5=5.2 held
  n=3  w1 S 0.5+1.0=1.5 held  w1 P 0.5+1.0=1.5 held  w2 S 1.8+3.5=5.2 held  w2 P 1.8+3.5=5.2 held
  n=4  w1 S 0.5+0.5=1.0 held  w1 P 0.5+1.0=1.5 held  w2 S 1.8+1.8=3.5 held  w2 P 1.8+3.5=5.2 held
  n=6  w1 S 0.5+0.5=1.0 held  w1 P 0.5+1.0=1.5 held  w2 S 1.8+1.8=3.5 held  w2 P 1.8+3.5=5.2 held

RESULT: VALIDITY V0 PASS the page names the live card it was measured on: CARD NVIDIA A100-SXM4-40GB (nvidia_a100_sxm4_40gb, UUID 5b67366f-3d8c-12eb-32df-400838f594e1, sm_80, 108 SMs, 4
GATE V0  VALIDITY PASS   the page names the live card it was measured on
              measured CARD NVIDIA A100-SXM4-40GB (nvidia_a100_sxm4_40gb, UUID 5b67366f-3d8c-12eb-32df-400838f594e1, sm_80, 108 SMs, 40 MiB L2): every number here is THIS card's; the study's timing pages are nvidia_h200.   gate a card block with ['name', 'uuid', 'sm_count', 'l2_bytes', 'capability', 'driver']
RESULT: VALIDITY V1 PASS every launch is attributed: exact count, every grid equal to the child's, and a census that measured GEMMS_PER_CALL: 90 launches over 15 cells, every grid match
GATE V1  VALIDITY PASS   every launch is attributed: exact count, every grid equal to the child's, and a census that measured GEMMS_PER_CALL
              measured 90 launches over 15 cells, every grid matched   gate exact count; grids equal; census GEMMS_PER_CALL = 2
RESULT: VALIDITY V2 PASS every STRICT metric is a number on every launch: 5 fields x 30 GEMM cells
GATE V2  VALIDITY PASS   every STRICT metric is a number on every launch
              measured 5 fields x 30 GEMM cells   gate no missing value, never a 0.0 default
RESULT: VALIDITY V3 PASS each cell's K calls read the same bytes: worst (max - min) / median 0.2283%
GATE V3  VALIDITY PASS   each cell's K calls read the same bytes
              measured worst (max - min) / median 0.2283%   gate <= 1% in every cell
RESULT: VALIDITY V4 PASS at n=1 the arms are one call and each reads one weight set: |R_S(1)/R_P(1) - 1| = 0.0011% against 0.5000%; q(1) native 1.0011, shared 1.0011, private 1.0011
GATE V4  VALIDITY PASS   at n=1 the arms are one call and each reads one weight set
              measured |R_S(1)/R_P(1) - 1| = 0.0011% against 0.5000%; q(1) native 1.0011, shared 1.0011, private 1.0011   gate <= max(0.5%, 3 x the repeat spread); q(1) in [0.97, 1.03]
              at n=1 SHARED and PRIVATE route every tile to copy 0: they are the same call, so their bytes must agree
RESULT: VALIDITY V5 PASS the PRIVATE arm re-reads the whole weight set per tile: every q_P(n)/n in [0.97, 1.5]; slope 1.0053
GATE V5  VALIDITY PASS   the PRIVATE arm re-reads the whole weight set per tile
              measured every q_P(n)/n in [0.97, 1.5]; slope 1.0053   gate 0.97 n <= q_P(n) <= 1.5 n per GEMM; slope of q_P,total in [0.97, 1.5]
              PRIVATE's excess over n is activation re-read, and a full thrash adds at most 0.4989 of W_w1, 0.4922 of W_w2 per tread ((BM/BN)(1 - 1/num_pid_n)), inside the ceiling: V5 cannot tell a thrash from a sound page, and C6 reads it
RESULT: VALIDITY V6 PASS the three arms request the same L2 read sectors: every (n, GEMM) within tolerance
GATE V6  VALIDITY PASS   the three arms request the same L2 read sectors
              measured every (n, GEMM) within tolerance   gate max/min - 1 <= 0.5% across arms
RESULT: VALIDITY V7 PASS NATIVE and SHARED read the same DRAM bytes: every (n, GEMM) within tolerance
GATE V7  VALIDITY PASS   NATIVE and SHARED read the same DRAM bytes
              measured every (n, GEMM) within tolerance   gate |R_N/R_S - 1| <= max(1%, 3 x the repeat spread)
RESULT: VALIDITY V8 PASS the DRAM counter and the L2 counters agree: every GEMM cell's DRAM bytes within tolerance of 32 x fill sectors
GATE V8  VALIDITY PASS   the DRAM counter and the L2 counters agree
              measured every GEMM cell's DRAM bytes within tolerance of 32 x fill sectors   gate |dram_bytes_read / (32 x lts__d_sectors_fill_device) - 1| <= 2%
RESULT: VALIDITY V9 PASS the private arm allocated and READ distinct weight copies: 5 of 5 parts
GATE V9  VALIDITY PASS   the private arm allocated and READ distinct weight copies
              measured 5 of 5 parts   gate all 5 parts of the proof
              PASS     addresses: the n copies occupy disjoint contiguous address ranges spanning exactly n x the weight set, in both w1 and w2
                       9 copies x 8 experts span 25367150592 bytes against 25367150592 predicted; slot = expert x 9 + copy at every slot: True; native view is every 9th slot of the same storage: True
              PASS     sentinels: a distinct value written into each copy reads back from that copy and from no other, and the original bytes are restored before anything else reads them
                       wrote 9 distinct values, read back 9 distinct, and restored the original bytes: True
              PASS     kernel_read: zeroing ONE copy c at a time, for every c >= 1, changes EXACTLY the private output rows of the tokens routed to copy c and no others, so every tile reads its own copy and no tile reads another's
                       every copy c >= 1, zeroed alone, changed exactly the tokens routed to it | c=6 (never read): zeroing it left both outputs unchanged=True; c=7 (never read): zeroing it left both outputs unchanged=True; c=8 (never read): zeroing it left both outputs unchanged=True; c=1: 128 rows changed, 128 routed, exact=True, shared unchanged=True, restored=True; c=2: 128 rows changed, 128 routed, exact=True, shared unchanged=True, restored=True; c=3: 128 rows changed, 128 routed, exact=True, shared unchanged=True, restored=True; c=4: 128 rows changed, 128 routed, exact=True, shared unchanged=True, restored=True; c=5: 128 rows changed, 128 routed, exact=True, shared unchanged=True, restored=True
              PASS     shared_blind: each of those zeroings leaves the shared arm's output bitwise unchanged, and restoring the copy restores the private output bitwise, so the changes above are the private mapping and not a corruption
                       the shared output was bitwise unchanged by every zeroing, every restore put the private output back bitwise, and zeroing a never-read copy moved neither output
              PASS     same_layer: with nothing zeroed, the private arm's output is bitwise equal to the shared arm's, so the relabelling computes the same layer
                       private output is bitwise equal to shared; native output is bitwise equal to shared (recorded, not scored: native runs a different launch grid)
RESULT: CLAIM C1 PASS SHARED's w1 weight reads are what the group model counts: n=1 [0.9997, 0.9997]/1.0000, n=2 [1.0180, 1.0180]/1.0000, n=3 [2.0239, 2.0240]/2.0000, n=4 [2.0183, 2.
GATE C1  CLAIM    PASS   SHARED's w1 weight reads are what the group model counts
              measured n=1 [0.9997, 0.9997]/1.0000, n=2 [1.0180, 1.0180]/1.0000, n=3 [2.0239, 2.0240]/2.0000, n=4 [2.0183, 2.0197]/2.0000, n=6 [3.0190, 3.0209]/3.0000   gate |q_S,w1(n) - group_reads| <= 5% x group_reads at every n, scored on both edges of [q_S - e, q_S], e PRIVATE's excess over n; UNKNOWN where the edges disagree
              w1 column passes not held by this card's 40 MiB L2: SHARED at n=none, PRIVATE at n=none (r3_exposure; a floor on the reuse distance, so a cell not named is not thereby safe)
RESULT: CLAIM C2 FAIL SHARED's w2 weight reads never exceed the group model's count: n=1 [1.0000, 1.0038]/1.0000, n=2 [1.3467, 1.3628]/1.0000, n=3 [2.1115, 2.1423]/2.0000, n=4 [2.106
GATE C2  CLAIM    FAIL   SHARED's w2 weight reads never exceed the group model's count
              measured n=1 [1.0000, 1.0038]/1.0000, n=2 [1.3467, 1.3628]/1.0000, n=3 [2.1115, 2.1423]/2.0000, n=4 [2.1064, 2.1535]/2.0000, n=6 [3.0889, 3.1660]/3.0000   gate q_S,w2(n) <= 1.05 x group_reads at every n, scored on both edges of [q_S - e, q_S], e PRIVATE's excess over n; UNKNOWN where the edges disagree
              a FAIL here invalidates: the model's ceiling: co-residency can only remove WEIGHT reads, never add them. An activation re-read is not a weight read, and q_S counts one as if it were: at G >= E n every live M-tile is in one group, every column pass walks them all, and where that pass outgrows the L2 the A repeats reach DRAM (up to (BM/BN)(1 - 1/num_pid_n) of W_w2 per tread). The lower edge takes them out, so only a FAIL on both edges refutes the model
              INCONCLUSIVE at n=[6]: the two edges of SHARED's weight-only bracket [q_S - e, q_S] disagree there; e (PRIVATE's excess over n, n=6 0.0771) is the activation re-read PRIVATE measured, which bounds SHARED's, and the counter cannot split weight from activation bytes inside one GEMM
              w2 column passes not held by this card's 40 MiB L2: SHARED at n=none, PRIVATE at n=none (r3_exposure; a floor on the reuse distance, so a cell not named is not thereby safe)
RESULT: CLAIM C6 PASS PRIVATE reads no more than one weight set per tile: n=1 +0.0011, n=2 +0.0027, n=3 +0.0035, n=4 +0.0042, n=6 +0.0045  (q_P/n - 1; w1 -0.0003, -0.0000, +0.0000, +
GATE C6  CLAIM    PASS   PRIVATE reads no more than one weight set per tile
              measured n=1 +0.0011, n=2 +0.0027, n=3 +0.0035, n=4 +0.0042, n=6 +0.0045  (q_P/n - 1; w1 -0.0003, -0.0000, +0.0000, +0.0004, +0.0003; w2 +0.0038, +0.0081, +0.0103, +0.0118, +0.0128)   gate q_P,total(n) <= 1.03 n at every n
              w1 column passes not held by this card's 40 MiB L2: SHARED at n=none, PRIVATE at n=none (r3_exposure; a floor on the reuse distance, so a cell not named is not thereby safe)
              w2 column passes not held by this card's 40 MiB L2: SHARED at n=none, PRIVATE at n=none (r3_exposure; a floor on the reuse distance, so a cell not named is not thereby safe)
wrote /home/ubuntu/moe/results/2026-09-25-nvidia_a100_sxm4_40gb-r3-counters/r3c-g2.json
git   git check-ignore exited 128; path UNVERIFIED (fatal: /home/ubuntu/moe/results/2026-09-25-nvidia_a100_sxm4_40gb-r3-counters/r3c-g2.json: '/home/ubuntu/moe/results/2026-09-25-nvidia_a100_sxm4_40gb-r3-counters/r3c-g2.json' is outside repository at '/home/ubuntu/moe/repo')
