==WARNING== Note: Running with unmodified GPU clocks. If not controlled otherwise, profiling results may be inconsistent.
==PROF== Connected to process 34754 (/home/ubuntu/.local/share/uv/python/cpython-3.12.15-linux-aarch64-gnu/bin/python3.12)
==PROF== Profiling "fused_moe_kernel": 0%....50%....100% - 9 passes
==PROF== Profiling "fused_moe_kernel": 0%....50%....100% - 9 passes
==PROF== Profiling "spin_kernel": 0%....50%....100% - 9 passes
==PROF== Profiling "fused_moe_kernel": 0%....50%....100% - 9 passes
==PROF== Profiling "fused_moe_kernel": 0%....50%....100% - 9 passes
==PROF== Profiling "spin_kernel": 0%....50%....100% - 9 passes
==PROF== Profiling "fused_moe_kernel": 0%....50%....100% - 9 passes
==PROF== Profiling "fused_moe_kernel": 0%....50%....100% - 9 passes
==PROF== Profiling "spin_kernel": 0%....50%....100% - 9 passes
==PROF== Profiling "fused_moe_kernel": 0%....50%....100% - 9 passes
==PROF== Profiling "fused_moe_kernel": 0%....50%....100% - 9 passes
==PROF== Profiling "spin_kernel": 0%....50%....100% - 9 passes
==PROF== Profiling "fused_moe_kernel": 0%....50%....100% - 9 passes
==PROF== Profiling "fused_moe_kernel": 0%....50%....100% - 9 passes
==PROF== Profiling "spin_kernel": 0%....50%....100% - 9 passes
==PROF== Profiling "fused_moe_kernel": 0%....50%....100% - 9 passes
==PROF== Profiling "fused_moe_kernel": 0%....50%....100% - 9 passes
==PROF== Profiling "spin_kernel": 0%....50%....100% - 9 passes
==PROF== Profiling "fused_moe_kernel": 0%....50%....100% - 9 passes
==PROF== Profiling "fused_moe_kernel": 0%....50%....100% - 9 passes
==PROF== Profiling "spin_kernel": 0%....50%....100% - 9 passes
==PROF== Profiling "fused_moe_kernel": 0%....50%....100% - 9 passes
==PROF== Profiling "fused_moe_kernel": 0%....50%....100% - 9 passes
==PROF== Profiling "spin_kernel": 0%....50%....100% - 9 passes
==PROF== Profiling "fused_moe_kernel": 0%....50%....100% - 9 passes
==PROF== Profiling "fused_moe_kernel": 0%....50%....100% - 9 passes
==PROF== Profiling "spin_kernel": 0%....50%....100% - 9 passes
==PROF== Profiling "fused_moe_kernel": 0%....50%....100% - 9 passes
==PROF== Profiling "fused_moe_kernel": 0%....50%....100% - 9 passes
==PROF== Profiling "spin_kernel": 0%....50%....100% - 9 passes
==PROF== Profiling "fused_moe_kernel": 0%....50%....100% - 9 passes
==PROF== Profiling "fused_moe_kernel": 0%....50%....100% - 9 passes
==PROF== Profiling "spin_kernel": 0%....50%....100% - 9 passes
==PROF== Profiling "fused_moe_kernel": 0%....50%....100% - 9 passes
==PROF== Profiling "fused_moe_kernel": 0%....50%....100% - 9 passes
==PROF== Profiling "spin_kernel": 0%....50%....100% - 9 passes
==PROF== Profiling "fused_moe_kernel": 0%....50%....100% - 9 passes
==PROF== Profiling "fused_moe_kernel": 0%....50%....100% - 9 passes
==PROF== Profiling "spin_kernel": 0%....50%....100% - 9 passes
==PROF== Profiling "fused_moe_kernel": 0%....50%....100% - 9 passes
==PROF== Profiling "fused_moe_kernel": 0%....50%....100% - 9 passes
==PROF== Profiling "spin_kernel": 0%....50%....100% - 9 passes
==PROF== Profiling "fused_moe_kernel": 0%....50%....100% - 9 passes
==PROF== Profiling "fused_moe_kernel": 0%....50%....100% - 9 passes
==PROF== Profiling "spin_kernel": 0%....50%....100% - 9 passes
==PROF== Profiling "fused_moe_kernel": 0%....50%....100% - 9 passes
==PROF== Profiling "fused_moe_kernel": 0%....50%....100% - 9 passes
==PROF== Profiling "spin_kernel": 0%....50%....100% - 9 passes
==PROF== Profiling "fused_moe_kernel": 0%....50%....100% - 9 passes
==PROF== Profiling "fused_moe_kernel": 0%....50%....100% - 9 passes
==PROF== Profiling "spin_kernel": 0%....50%....100% - 9 passes
==PROF== Profiling "fused_moe_kernel": 0%....50%....100% - 9 passes
==PROF== Profiling "fused_moe_kernel": 0%....50%....100% - 9 passes
==PROF== Profiling "spin_kernel": 0%....50%....100% - 9 passes
COUNTER CHILD: 9 cells, 2 calls each after 2 warmups; manifest /home/ubuntu/moe/results/2026-10-06-nvidia_gh200_480gb-granite-3.0-1b-a400m-floor-r3-counters/r3f-g64-lock1710.profiles/g64.floor.manifest.json
==PROF== Disconnected from process 34754
==PROF== Report: /home/ubuntu/moe/results/2026-10-06-nvidia_gh200_480gb-granite-3.0-1b-a400m-floor-r3-counters/r3f-g64-lock1710.profiles/g64.floor.ncu-rep
