==WARNING== Note: Running with unmodified GPU clocks. If not controlled otherwise, profiling results may be inconsistent.
==PROF== Connected to process 26186 (/home/ubuntu/.local/share/uv/python/cpython-3.12.14-linux-aarch64-gnu/bin/python3.12)
==PROF== Profiling "fused_moe_kernel": 0%....50%....100% - 5 passes
==PROF== Profiling "fused_moe_kernel": 0%....50%....100% - 5 passes
==PROF== Profiling "fused_moe_kernel": 0%....50%....100% - 5 passes
==PROF== Profiling "fused_moe_kernel": 0%....50%....100% - 5 passes
==PROF== Profiling "fused_moe_kernel": 0%....50%....100% - 5 passes
==PROF== Profiling "fused_moe_kernel": 0%....50%....100% - 5 passes
==PROF== Profiling "fused_moe_kernel": 0%....50%....100% - 5 passes
==PROF== Profiling "fused_moe_kernel": 0%....50%....100% - 5 passes
==PROF== Profiling "fused_moe_kernel": 0%....50%....100% - 5 passes
==PROF== Profiling "fused_moe_kernel": 0%....50%....100% - 5 passes
==PROF== Profiling "fused_moe_kernel": 0%....50%....100% - 5 passes
==PROF== Profiling "fused_moe_kernel": 0%....50%....100% - 5 passes
==PROF== Profiling "fused_moe_kernel": 0%....50%....100% - 5 passes
==PROF== Profiling "fused_moe_kernel": 0%....50%....100% - 5 passes
==PROF== Profiling "fused_moe_kernel": 0%....50%....100% - 5 passes
==PROF== Profiling "fused_moe_kernel": 0%....50%....100% - 5 passes
==PROF== Profiling "fused_moe_kernel": 0%....50%....100% - 5 passes
==PROF== Profiling "fused_moe_kernel": 0%....50%....100% - 5 passes
==PROF== Profiling "fused_moe_kernel": 0%....50%....100% - 5 passes
==PROF== Profiling "fused_moe_kernel": 0%....50%....100% - 5 passes
==PROF== Profiling "fused_moe_kernel": 0%....50%....100% - 5 passes
==PROF== Profiling "fused_moe_kernel": 0%....50%....100% - 5 passes
==PROF== Profiling "fused_moe_kernel": 0%....50%....100% - 5 passes
==PROF== Profiling "fused_moe_kernel": 0%....50%....100% - 5 passes
==PROF== Profiling "fused_moe_kernel": 0%....50%....100% - 5 passes
==PROF== Profiling "fused_moe_kernel": 0%....50%....100% - 5 passes
==PROF== Profiling "fused_moe_kernel": 0%....50%....100% - 5 passes
==PROF== Profiling "fused_moe_kernel": 0%....50%....100% - 5 passes
==PROF== Profiling "fused_moe_kernel": 0%....50%....100% - 5 passes
==PROF== Profiling "fused_moe_kernel": 0%....50%....100% - 5 passes
==PROF== Profiling "fused_moe_kernel": 0%....50%....100% - 5 passes
==PROF== Profiling "fused_moe_kernel": 0%....50%....100% - 5 passes
==PROF== Profiling "fused_moe_kernel": 0%....50%....100% - 5 passes
==PROF== Profiling "fused_moe_kernel": 0%....50%....100% - 5 passes
==PROF== Profiling "fused_moe_kernel": 0%....50%....100% - 5 passes
==PROF== Profiling "fused_moe_kernel": 0%....50%....100% - 5 passes
==PROF== Profiling "fused_moe_kernel": 0%....50%....100% - 5 passes
==PROF== Profiling "fused_moe_kernel": 0%....50%....100% - 5 passes
==PROF== Profiling "fused_moe_kernel": 0%....50%....100% - 5 passes
==PROF== Profiling "fused_moe_kernel": 0%....50%....100% - 5 passes
==PROF== Profiling "fused_moe_kernel": 0%....50%....100% - 5 passes
==PROF== Profiling "fused_moe_kernel": 0%....50%....100% - 5 passes
==PROF== Profiling "fused_moe_kernel": 0%....50%....100% - 5 passes
==PROF== Profiling "fused_moe_kernel": 0%....50%....100% - 5 passes
==PROF== Profiling "fused_moe_kernel": 0%....50%....100% - 5 passes
==PROF== Profiling "fused_moe_kernel": 0%....50%....100% - 5 passes
==PROF== Profiling "fused_moe_kernel": 0%....50%....100% - 5 passes
==PROF== Profiling "fused_moe_kernel": 0%....50%....100% - 5 passes
==PROF== Profiling "fused_moe_kernel": 0%....50%....100% - 5 passes
==PROF== Profiling "fused_moe_kernel": 0%....50%....100% - 5 passes
==PROF== Profiling "fused_moe_kernel": 0%....50%....100% - 5 passes
==PROF== Profiling "fused_moe_kernel": 0%....50%....100% - 5 passes
==PROF== Profiling "fused_moe_kernel": 0%....50%....100% - 5 passes
==PROF== Profiling "fused_moe_kernel": 0%....50%....100% - 5 passes
==PROF== Profiling "fused_moe_kernel": 0%....50%....100% - 5 passes
==PROF== Profiling "fused_moe_kernel": 0%....50%....100% - 5 passes
==PROF== Profiling "fused_moe_kernel": 0%....50%....100% - 5 passes
==PROF== Profiling "fused_moe_kernel": 0%....50%....100% - 5 passes
==PROF== Profiling "fused_moe_kernel": 0%....50%....100% - 5 passes
==PROF== Profiling "fused_moe_kernel": 0%....50%....100% - 5 passes
==PROF== Profiling "fused_moe_kernel": 0%....50%....100% - 5 passes
==PROF== Profiling "fused_moe_kernel": 0%....50%....100% - 5 passes
==PROF== Profiling "fused_moe_kernel": 0%....50%....100% - 5 passes
==PROF== Profiling "fused_moe_kernel": 0%....50%....100% - 5 passes
==PROF== Profiling "fused_moe_kernel": 0%....50%....100% - 5 passes
==PROF== Profiling "fused_moe_kernel": 0%....50%....100% - 5 passes
==PROF== Profiling "fused_moe_kernel": 0%....50%....100% - 5 passes
==PROF== Profiling "fused_moe_kernel": 0%....50%....100% - 5 passes
==PROF== Profiling "fused_moe_kernel": 0%....50%....100% - 5 passes
==PROF== Profiling "fused_moe_kernel": 0%....50%....100% - 5 passes
==PROF== Profiling "fused_moe_kernel": 0%....50%....100% - 5 passes
==PROF== Profiling "fused_moe_kernel": 0%....50%....100% - 5 passes
==PROF== Profiling "fused_moe_kernel": 0%....50%....100% - 5 passes
==PROF== Profiling "fused_moe_kernel": 0%....50%....100% - 5 passes
==PROF== Profiling "fused_moe_kernel": 0%....50%....100% - 5 passes
==PROF== Profiling "fused_moe_kernel": 0%....50%....100% - 5 passes
==PROF== Profiling "fused_moe_kernel": 0%....50%....100% - 5 passes
==PROF== Profiling "fused_moe_kernel": 0%....50%....100% - 5 passes
==PROF== Profiling "fused_moe_kernel": 0%....50%....100% - 5 passes
==PROF== Profiling "fused_moe_kernel": 0%....50%....100% - 5 passes
==PROF== Profiling "fused_moe_kernel": 0%....50%....100% - 5 passes
==PROF== Profiling "fused_moe_kernel": 0%....50%....100% - 5 passes
==PROF== Profiling "fused_moe_kernel": 0%....50%....100% - 5 passes
==PROF== Profiling "fused_moe_kernel": 0%....50%....100% - 5 passes
==PROF== Profiling "fused_moe_kernel": 0%....50%....100% - 5 passes
==PROF== Profiling "fused_moe_kernel": 0%....50%....100% - 5 passes
==PROF== Profiling "fused_moe_kernel": 0%....50%....100% - 5 passes
==PROF== Profiling "fused_moe_kernel": 0%....50%....100% - 5 passes
==PROF== Profiling "fused_moe_kernel": 0%....50%....100% - 5 passes
==PROF== Profiling "fused_moe_kernel": 0%....50%....100% - 5 passes
==PROF== Profiling "fused_moe_kernel": 0%....50%....100% - 5 passes
==PROF== Profiling "fused_moe_kernel": 0%....50%....100% - 5 passes
==PROF== Profiling "fused_moe_kernel": 0%....50%....100% - 5 passes
==PROF== Profiling "fused_moe_kernel": 0%....50%....100% - 5 passes
==PROF== Profiling "fused_moe_kernel": 0%....50%....100% - 5 passes
==PROF== Profiling "fused_moe_kernel": 0%....50%....100% - 5 passes
==PROF== Profiling "fused_moe_kernel": 0%....50%....100% - 5 passes
==PROF== Profiling "fused_moe_kernel": 0%....50%....100% - 5 passes
==PROF== Profiling "fused_moe_kernel": 0%....50%....100% - 5 passes
==PROF== Profiling "fused_moe_kernel": 0%....50%....100% - 5 passes
==PROF== Profiling "fused_moe_kernel": 0%....50%....100% - 5 passes
==PROF== Profiling "fused_moe_kernel": 0%....50%....100% - 5 passes
==PROF== Profiling "fused_moe_kernel": 0%....50%....100% - 5 passes
==PROF== Profiling "fused_moe_kernel": 0%....50%....100% - 5 passes
==PROF== Profiling "fused_moe_kernel": 0%....50%....100% - 5 passes
==PROF== Profiling "fused_moe_kernel": 0%....50%....100% - 5 passes
==PROF== Profiling "fused_moe_kernel": 0%....50%....100% - 5 passes
==PROF== Profiling "fused_moe_kernel": 0%....50%....100% - 5 passes
==PROF== Profiling "fused_moe_kernel": 0%....50%....100% - 5 passes
==PROF== Profiling "fused_moe_kernel": 0%....50%....100% - 5 passes
==PROF== Profiling "fused_moe_kernel": 0%....50%....100% - 5 passes
==PROF== Profiling "fused_moe_kernel": 0%....50%....100% - 5 passes
==PROF== Profiling "fused_moe_kernel": 0%....50%....100% - 5 passes
==PROF== Profiling "fused_moe_kernel": 0%....50%....100% - 5 passes
==PROF== Profiling "fused_moe_kernel": 0%....50%....100% - 5 passes
==PROF== Profiling "fused_moe_kernel": 0%....50%....100% - 5 passes
==PROF== Profiling "fused_moe_kernel": 0%....50%....100% - 5 passes
==PROF== Profiling "fused_moe_kernel": 0%....50%....100% - 5 passes
==PROF== Profiling "fused_moe_kernel": 0%....50%....100% - 5 passes
==PROF== Profiling "fused_moe_kernel": 0%....50%....100% - 5 passes
==PROF== Profiling "fused_moe_kernel": 0%....50%....100% - 5 passes
==PROF== Profiling "fused_moe_kernel": 0%....50%....100% - 5 passes
==PROF== Profiling "fused_moe_kernel": 0%....50%....100% - 5 passes
==PROF== Profiling "fused_moe_kernel": 0%....50%....100% - 5 passes
==PROF== Profiling "fused_moe_kernel": 0%....50%....100% - 5 passes
==PROF== Profiling "fused_moe_kernel": 0%....50%....100% - 5 passes
==PROF== Profiling "fused_moe_kernel": 0%....50%....100% - 5 passes
==PROF== Profiling "fused_moe_kernel": 0%....50%....100% - 5 passes
==PROF== Profiling "fused_moe_kernel": 0%....50%....100% - 5 passes
==PROF== Profiling "fused_moe_kernel": 0%....50%....100% - 5 passes
==PROF== Profiling "fused_moe_kernel": 0%....50%....100% - 5 passes
==PROF== Profiling "fused_moe_kernel": 0%....50%....100% - 5 passes
==PROF== Profiling "fused_moe_kernel": 0%....50%....100% - 5 passes
==PROF== Profiling "fused_moe_kernel": 0%....50%....100% - 5 passes
==PROF== Profiling "fused_moe_kernel": 0%....50%....100% - 5 passes
==PROF== Profiling "fused_moe_kernel": 0%....50%....100% - 5 passes
==PROF== Profiling "fused_moe_kernel": 0%....50%....100% - 5 passes
==PROF== Profiling "fused_moe_kernel": 0%....50%....100% - 5 passes
==PROF== Profiling "fused_moe_kernel": 0%....50%....100% - 5 passes
==PROF== Profiling "fused_moe_kernel": 0%....50%....100% - 5 passes
==PROF== Profiling "fused_moe_kernel": 0%....50%....100% - 5 passes
==PROF== Profiling "fused_moe_kernel": 0%....50%....100% - 5 passes
==PROF== Profiling "fused_moe_kernel": 0%....50%....100% - 5 passes
==PROF== Profiling "fused_moe_kernel": 0%....50%....100% - 5 passes
==PROF== Profiling "fused_moe_kernel": 0%....50%....100% - 5 passes
==PROF== Profiling "fused_moe_kernel": 0%....50%....100% - 5 passes
==PROF== Profiling "fused_moe_kernel": 0%....50%....100% - 5 passes
==PROF== Profiling "fused_moe_kernel": 0%....50%....100% - 5 passes
==PROF== Profiling "fused_moe_kernel": 0%....50%....100% - 5 passes
==PROF== Profiling "fused_moe_kernel": 0%....50%....100% - 5 passes
==PROF== Profiling "fused_moe_kernel": 0%....50%....100% - 5 passes
==PROF== Profiling "fused_moe_kernel": 0%....50%....100% - 5 passes
==PROF== Profiling "fused_moe_kernel": 0%....50%....100% - 5 passes
==PROF== Profiling "fused_moe_kernel": 0%....50%....100% - 5 passes
==PROF== Profiling "fused_moe_kernel": 0%....50%....100% - 5 passes
==PROF== Profiling "fused_moe_kernel": 0%....50%....100% - 5 passes
==PROF== Profiling "fused_moe_kernel": 0%....50%....100% - 5 passes
==PROF== Profiling "fused_moe_kernel": 0%....50%....100% - 5 passes
==PROF== Profiling "fused_moe_kernel": 0%....50%....100% - 5 passes
==PROF== Profiling "fused_moe_kernel": 0%....50%....100% - 5 passes
==PROF== Profiling "fused_moe_kernel": 0%....50%....100% - 5 passes
==PROF== Profiling "fused_moe_kernel": 0%....50%....100% - 5 passes
COUNTER CHILD: 27 cells, 3 calls each after 2 warmups; manifest /home/ubuntu/moe/results/2026-09-29-nvidia_gh200_480gb-r3-counters/lock1710/r3c-g64.profiles/g64.manifest.json
==PROF== Disconnected from process 26186
==PROF== Report: /home/ubuntu/moe/results/2026-09-29-nvidia_gh200_480gb-r3-counters/lock1710/r3c-g64.profiles/g64.ncu-rep
