== 2026-10-08T23:53:26Z step bytes: 3c.2 byte pages at the 1710 lock, the registered G = 8, treads 1,2,3,4,5,6,7,8,9; no base-clock control; knobs --histogram docs/registered/2026-10-07-rental5-skew-hist/mixtral-8x7b-C.json --arms native,shared
2026-10-08T23:53:26Z bytes: rental 2 knobs --histogram docs/registered/2026-10-07-rental5-skew-hist/mixtral-8x7b-C.json --arms native,shared on every page of this unit
2026-10-08T23:53:26Z bytes: the registered list G = 8 (mixtral-8x7b, skc): no tail drop, no re-price, no base-clock control
==PROF== Resetting GPU clocks on device 0.
CARD NVIDIA GH200 480GB (nvidia_gh200_480gb, board 1cd741, sm_90, 132 SMs, 60 MiB L2): every number here is THIS card's; one of the study's four cards: the primary card.
R3 COUNTER RUN  G=8  16 cells, 96 profiled launches after 64 skipped, at an nvidia-smi lock of 1710 MHz (ncu --clock-control none)
  ncu        /usr/local/cuda-13.0/bin/ncu  [Version 2025.3.1.0 (build 36398880) (public-release)]
  metrics    17 asked: dram__bytes_read.sum, dram__bytes_write.sum, lts__t_sectors_srcunit_tex_op_read.sum, launch__grid_size, gpu__time_duration.sum, lts__d_sectors_fill_device.sum, lts__t_sectors_op_read_lookup_miss.sum, lts__t_sectors_srcunit_tex_op_read_lookup_hit.sum, lts__t_sector_op_read_hit_rate.pct, launch__occupancy_limit_blocks, launch__occupancy_limit_registers, launch__occupancy_limit_shared_mem, launch__occupancy_limit_warps, launch__registers_per_thread, launch__waves_per_multiprocessor, lts__t_sectors_srcunit_ltcfabric.sum, sm__cycles_elapsed.avg
  profiles   /home/ubuntu/moe/results/2026-10-08-nvidia_gh200_480gb-mixtral-8x7b-skc-r3-counters/lock1710/r3c-g8.profiles
  PT               native  n=2   DRAM read w1 2120561493.3333333 w2 1141913770.6666667
  PT               shared  n=2   DRAM read w1 2120493397.3333333 w2 1143019264.0
  PW               native  n=2   DRAM read w1 2119295658.6666667 w2 1142134954.6666667
  PW               shared  n=2   DRAM read w1 2119337301.3333333 w2 1143903232.0
  uniform          native  n=2   DRAM read w1 1887687509.3333333 w2 1009671082.6666666
  uniform          shared  n=2   DRAM read w1 1887363413.3333333 w2 1021414912.0
  balanced         native  n=2   DRAM read w1 1888589653.3333333 w2 1010110378.6666666
  balanced         shared  n=2   DRAM read w1 1888713386.6666667 w2 1018299050.6666666
  PT               native  n=8   DRAM read w1 3535027541.3333335 w2 2030674517.3333333
  PT               shared  n=8   DRAM read w1 3534894848.0 w2 2033902336.0
  PW               native  n=8   DRAM read w1 3535095722.6666665 w2 2007983957.3333333
  PW               shared  n=8   DRAM read w1 3534900736.0 w2 2013405525.3333333
  uniform          native  n=8   DRAM read w1 1887678037.3333333 w2 1141239893.3333333
  uniform          shared  n=8   DRAM read w1 1887585109.3333333 w2 1143075157.3333333
  balanced         native  n=8   DRAM read w1 1887577685.3333333 w2 1133608106.6666667
  balanced         shared  n=8   DRAM read w1 1887668224.0 w2 1151129002.6666667
wrote /home/ubuntu/moe/results/2026-10-08-nvidia_gh200_480gb-mixtral-8x7b-skc-r3-counters/lock1710/r3c-g8.json (histogram page: no gate scored here)
git   git check-ignore exited 128; path UNVERIFIED (fatal: /home/ubuntu/moe/results/2026-10-08-nvidia_gh200_480gb-mixtral-8x7b-skc-r3-counters/lock1710/r3c-g8.json: '/home/ubuntu/moe/results/2026-10-08-nvidia_gh200_480gb-mixtral-8x7b-skc-r3-counters/lock1710/r3c-g8.json' is outside repository at '/home/ubuntu/moe/repo')
G=8 exit 0 23:57:04 215 s
2026-10-08T23:57:04Z bytes: G=8 page exit 0 after 215 s
