== 2026-09-29T21:47:37Z step floor: 3c.5 floor counters, G=64 and G=2 at base, G=64 unlocked (record), G=64 at 1710: P6
==PROF== Resetting GPU clocks on device 0.
CARD NVIDIA GH200 480GB (nvidia_gh200_480gb, board d67185, sm_90, 132 SMs, 60 MiB L2): every number here is THIS card's; one of the study's four cards: the primary card.
R3 FLOOR CAPTURE  G=64  NATIVE at treads [2, 3, 4, 6], 16 profiled launches at --clock-control base; 42 metrics asked, dropped []
wrote /home/ubuntu/moe/results/2026-09-29-nvidia_gh200_480gb-r3-counters/r3f-g64.json
git   git check-ignore exited 128; path UNVERIFIED (fatal: /home/ubuntu/moe/results/2026-09-29-nvidia_gh200_480gb-r3-counters/r3f-g64.json: '/home/ubuntu/moe/results/2026-09-29-nvidia_gh200_480gb-r3-counters/r3f-g64.json' is outside repository at '/home/ubuntu/moe/repo')
==PROF== Resetting GPU clocks on device 0.
==PROF== Resetting GPU clocks on device 0.
CARD NVIDIA GH200 480GB (nvidia_gh200_480gb, board d67185, sm_90, 132 SMs, 60 MiB L2): every number here is THIS card's; one of the study's four cards: the primary card.
R3 FLOOR CAPTURE  G=64  NATIVE at treads [2, 3, 4, 6], 16 profiled launches at --clock-control none under an nvidia-smi lock of 1710 MHz; 42 metrics asked, dropped []
RESULT: VALIDITY FL1 PASS every cell and GEMM ran at the nvidia-smi lock of 1710 MHz, by its own counters' clock: all 8 within the band (fit: w1 1716.9 MHz + 28.1 us over 4 cells; w2 170
GATE FL1 VALIDITY PASS   every cell and GEMM ran at the nvidia-smi lock of 1710 MHz, by its own counters' clock
              measured all 8 within the band (fit: w1 1716.9 MHz + 28.1 us over 4 cells; w2 1704.4 MHz + 20.0 us over 4 cells)   gate each GEMM's duration = t0 + cycles / f over its cells, |f - 1710| <= 15 MHz (one step), 0 <= t0 <= 50 us, no cell over 3 steps off
wrote /home/ubuntu/moe/results/2026-09-29-nvidia_gh200_480gb-r3-counters/r3f-g64-lock1710.json
git   git check-ignore exited 128; path UNVERIFIED (fatal: /home/ubuntu/moe/results/2026-09-29-nvidia_gh200_480gb-r3-counters/r3f-g64-lock1710.json: '/home/ubuntu/moe/results/2026-09-29-nvidia_gh200_480gb-r3-counters/r3f-g64-lock1710.json' is outside repository at '/home/ubuntu/moe/repo')
clocks.current.sm [MHz], clocks.current.memory [MHz], clocks.max.sm [MHz], clocks_event_reasons.active
345 MHz, 2619 MHz, 1980 MHz, 0x0000000000000001
2026-09-29T21:49:24Z floor: r3f-g64 exit 0
2026-09-29T21:49:24Z floor: r3f-g2 and r3f-g64-unlocked left out: no phi-3.5-moe prediction reads them
2026-09-29T21:49:24Z floor: r3f-g64-lock1710 exit 0
