== 2026-10-06T07:53:50Z step launchfloor: launch floor at the 1710 lock: arms native, G=64, treads 2,4,6,8,10,11,12,13,14,15,16, modes E240,GR; a timed process (no profiler), no trace phase
LAUNCH FLOOR PLAN mixtral-8x7b-tp4: treads [2, 4, 6, 8, 10, 11, 12, 13, 14, 15, 16], arms ['native'], modes ['E240', 'GR'], G=64, BLOCK_M 32, duty 0.25, 3 repeats, seed 0
  declaration: 9 copies (the ladder's id count runs 256..1536, across the small-batch id bound 1024, and E x n_max = 48 is under the expert bound 64; declaring 9 copies (E x 9 = 72) keeps both ratio arms on the scan kernel at every tread); declared {'native': 8, 'shared': 72, 'private': 72}
  pinned config: {'BLOCK_SIZE_N': 64, 'BLOCK_SIZE_K': 64, 'GROUP_SIZE_M': 64, 'num_warps': 8, 'num_stages': 4, 'BLOCK_SIZE_M': 32}
  phase timed: 66 timed cells at ~3.0 s, 0 profiled bursts at ~4 s, 44 host probes at ~1 s, 3 min weights and compile
  estimated 7.0 min
  E240 = R3 as published (240 MiB flush); E0 no flush; E480 480 MiB flush; E120 / E360 120 / 360 MiB flushes (E120 is 2x the L2: printed only); GR CUDA-graph replay under E240's flush
  rep0 E240 native   n=2
  rep0 GR   native   n=2
  rep0 E240 native   n=4
  rep0 GR   native   n=4
  rep0 E240 native   n=6
  rep0 GR   native   n=6
  rep0 E240 native   n=8
  rep0 GR   native   n=8
  rep0 E240 native   n=10
  rep0 GR   native   n=10
  rep0 E240 native   n=11
  rep0 GR   native   n=11
  rep0 E240 native   n=12
  rep0 GR   native   n=12
  rep0 E240 native   n=13
  rep0 GR   native   n=13
  rep0 E240 native   n=14
  rep0 GR   native   n=14
  rep0 E240 native   n=15
  rep0 GR   native   n=15
  rep0 E240 native   n=16
  rep0 GR   native   n=16
  rep1 E240 native   n=16
  rep1 GR   native   n=16
  rep1 E240 native   n=15
  rep1 GR   native   n=15
  rep1 E240 native   n=14
  rep1 GR   native   n=14
  rep1 E240 native   n=13
  rep1 GR   native   n=13
  rep1 E240 native   n=12
  rep1 GR   native   n=12
  rep1 E240 native   n=11
  rep1 GR   native   n=11
  rep1 E240 native   n=10
  rep1 GR   native   n=10
  rep1 E240 native   n=8
  rep1 GR   native   n=8
  rep1 E240 native   n=6
  rep1 GR   native   n=6
  rep1 E240 native   n=4
  rep1 GR   native   n=4
  rep1 E240 native   n=2
  rep1 GR   native   n=2
  rep2 E240 native   n=2
  rep2 GR   native   n=2
  rep2 E240 native   n=4
  rep2 GR   native   n=4
  rep2 E240 native   n=6
  rep2 GR   native   n=6
  rep2 E240 native   n=8
  rep2 GR   native   n=8
  rep2 E240 native   n=10
  rep2 GR   native   n=10
  rep2 E240 native   n=11
  rep2 GR   native   n=11
  rep2 E240 native   n=12
  rep2 GR   native   n=12
  rep2 E240 native   n=13
  rep2 GR   native   n=13
  rep2 E240 native   n=14
  rep2 GR   native   n=14
  rep2 E240 native   n=15
  rep2 GR   native   n=15
  rep2 E240 native   n=16
  rep2 GR   native   n=16
LAUNCH FLOOR mixtral-8x7b-tp4 phase timed: 66 cells, 0 traces, 1 failed; /home/ubuntu/moe/results/2026-10-06-nvidia_gh200_480gb-launch-floor-wall/mixtral-8x7b-tp4
clocks.current.sm [MHz], clocks.max.sm [MHz], clocks_event_reasons.active
345 MHz, 1980 MHz, 0x0000000000000001
2026-10-06T07:59:01Z launchfloor: mixtral-8x7b-tp4 exit 3 (/home/ubuntu/moe/results/2026-10-06-nvidia_gh200_480gb-launch-floor-wall/mixtral-8x7b-tp4)
== 2026-10-06T09:08:09Z step launchfloor: launch floor at the 1710 lock: arms native,shared,private, G=4, treads 1,2,3, modes E0,E240,E360,E480, traces at 1; a timed process (no profiler) then a trace process
LAUNCH FLOOR PLAN mixtral-8x7b-tp8: treads [1, 2, 3], arms ['native', 'shared', 'private'], modes ['E0', 'E240', 'E360', 'E480'], G=4, BLOCK_M 32, duty 0.25, 3 repeats, seed 0
  declaration: 9 copies (the ladder's id count runs 256..1536, across the small-batch id bound 1024, and E x n_max = 48 is under the expert bound 64; declaring 9 copies (E x 9 = 72) keeps both ratio arms on the scan kernel at every tread); declared {'native': 8, 'shared': 72, 'private': 72}
  pinned config: {'BLOCK_SIZE_N': 64, 'BLOCK_SIZE_K': 64, 'GROUP_SIZE_M': 4, 'num_warps': 8, 'num_stages': 4, 'BLOCK_SIZE_M': 32}
  phase timed: 108 timed cells at ~3.0 s, 0 profiled bursts at ~4 s, 72 host probes at ~1 s, 3 min weights and compile
  estimated 9.6 min
  E240 = R3 as published (240 MiB flush); E0 no flush; E480 480 MiB flush; E120 / E360 120 / 360 MiB flushes (E120 is 2x the L2: printed only); GR CUDA-graph replay under E240's flush
  rep0 E0   native   n=1
  rep0 E240 native   n=1
  rep0 E360 native   n=1
  rep0 E480 native   n=1
  rep0 E0   shared   n=1
  rep0 E240 shared   n=1
  rep0 E360 shared   n=1
  rep0 E480 shared   n=1
  rep0 E0   private  n=1
  rep0 E240 private  n=1
  rep0 E360 private  n=1
  rep0 E480 private  n=1
  rep0 E0   native   n=2
  rep0 E240 native   n=2
  rep0 E360 native   n=2
  rep0 E480 native   n=2
  rep0 E0   shared   n=2
  rep0 E240 shared   n=2
  rep0 E360 shared   n=2
  rep0 E480 shared   n=2
  rep0 E0   private  n=2
  rep0 E240 private  n=2
  rep0 E360 private  n=2
  rep0 E480 private  n=2
  rep0 E0   native   n=3
  rep0 E240 native   n=3
  rep0 E360 native   n=3
  rep0 E480 native   n=3
  rep0 E0   shared   n=3
  rep0 E240 shared   n=3
  rep0 E360 shared   n=3
  rep0 E480 shared   n=3
  rep0 E0   private  n=3
  rep0 E240 private  n=3
  rep0 E360 private  n=3
  rep0 E480 private  n=3
  rep1 E0   shared   n=3
  rep1 E240 shared   n=3
  rep1 E360 shared   n=3
  rep1 E480 shared   n=3
  rep1 E0   private  n=3
  rep1 E240 private  n=3
  rep1 E360 private  n=3
  rep1 E480 private  n=3
  rep1 E0   native   n=3
  rep1 E240 native   n=3
  rep1 E360 native   n=3
  rep1 E480 native   n=3
  rep1 E0   shared   n=2
  rep1 E240 shared   n=2
  rep1 E360 shared   n=2
  rep1 E480 shared   n=2
  rep1 E0   private  n=2
  rep1 E240 private  n=2
  rep1 E360 private  n=2
  rep1 E480 private  n=2
  rep1 E0   native   n=2
  rep1 E240 native   n=2
  rep1 E360 native   n=2
  rep1 E480 native   n=2
  rep1 E0   shared   n=1
  rep1 E240 shared   n=1
  rep1 E360 shared   n=1
  rep1 E480 shared   n=1
  rep1 E0   private  n=1
  rep1 E240 private  n=1
  rep1 E360 private  n=1
  rep1 E480 private  n=1
  rep1 E0   native   n=1
  rep1 E240 native   n=1
  rep1 E360 native   n=1
  rep1 E480 native   n=1
  rep2 E0   private  n=1
  rep2 E240 private  n=1
  rep2 E360 private  n=1
  rep2 E480 private  n=1
  rep2 E0   native   n=1
  rep2 E240 native   n=1
  rep2 E360 native   n=1
  rep2 E480 native   n=1
  rep2 E0   shared   n=1
  rep2 E240 shared   n=1
  rep2 E360 shared   n=1
  rep2 E480 shared   n=1
  rep2 E0   private  n=2
  rep2 E240 private  n=2
  rep2 E360 private  n=2
  rep2 E480 private  n=2
  rep2 E0   native   n=2
  rep2 E240 native   n=2
  rep2 E360 native   n=2
  rep2 E480 native   n=2
  rep2 E0   shared   n=2
  rep2 E240 shared   n=2
  rep2 E360 shared   n=2
  rep2 E480 shared   n=2
  rep2 E0   private  n=3
  rep2 E240 private  n=3
  rep2 E360 private  n=3
  rep2 E480 private  n=3
  rep2 E0   native   n=3
  rep2 E240 native   n=3
  rep2 E360 native   n=3
  rep2 E480 native   n=3
  rep2 E0   shared   n=3
  rep2 E240 shared   n=3
  rep2 E360 shared   n=3
  rep2 E480 shared   n=3
LAUNCH FLOOR mixtral-8x7b-tp8 phase timed: 108 cells, 0 traces, 0 failed; /home/ubuntu/moe/results/2026-10-06-nvidia_gh200_480gb-launch-floor-r3/mixtral-8x7b-tp8
USDT:2026-10-06 09:15:45 158281:158281 SyncActivityProfilerHandler.cpp:52] profiler_start
USDT:2026-10-06 09:15:45 158281:158281 SyncActivityProfilerHandler.cpp:59] profiler_stop
USDT:2026-10-06 09:15:45 158281:158281 SyncActivityProfilerHandler.cpp:52] profiler_start
USDT:2026-10-06 09:15:45 158281:158281 SyncActivityProfilerHandler.cpp:59] profiler_stop
USDT:2026-10-06 09:15:45 158281:158281 SyncActivityProfilerHandler.cpp:52] profiler_start
USDT:2026-10-06 09:15:45 158281:158281 SyncActivityProfilerHandler.cpp:59] profiler_stop
USDT:2026-10-06 09:15:45 158281:158281 SyncActivityProfilerHandler.cpp:52] profiler_start
USDT:2026-10-06 09:15:45 158281:158281 SyncActivityProfilerHandler.cpp:59] profiler_stop
USDT:2026-10-06 09:15:45 158281:158281 SyncActivityProfilerHandler.cpp:52] profiler_start
USDT:2026-10-06 09:15:45 158281:158281 SyncActivityProfilerHandler.cpp:59] profiler_stop
USDT:2026-10-06 09:15:45 158281:158281 SyncActivityProfilerHandler.cpp:52] profiler_start
USDT:2026-10-06 09:15:45 158281:158281 SyncActivityProfilerHandler.cpp:59] profiler_stop
USDT:2026-10-06 09:15:45 158281:158281 SyncActivityProfilerHandler.cpp:52] profiler_start
USDT:2026-10-06 09:15:45 158281:158281 SyncActivityProfilerHandler.cpp:59] profiler_stop
USDT:2026-10-06 09:15:45 158281:158281 SyncActivityProfilerHandler.cpp:52] profiler_start
USDT:2026-10-06 09:15:45 158281:158281 SyncActivityProfilerHandler.cpp:59] profiler_stop
USDT:2026-10-06 09:15:45 158281:158281 SyncActivityProfilerHandler.cpp:52] profiler_start
USDT:2026-10-06 09:15:45 158281:158281 SyncActivityProfilerHandler.cpp:59] profiler_stop
LAUNCH FLOOR PLAN mixtral-8x7b-tp8: treads [1, 2, 3], arms ['native', 'shared', 'private'], modes ['E0', 'E240', 'E360', 'E480'], G=4, BLOCK_M 32, duty 0.25, 3 repeats, seed 0
  declaration: 9 copies (the ladder's id count runs 256..1536, across the small-batch id bound 1024, and E x n_max = 48 is under the expert bound 64; declaring 9 copies (E x 9 = 72) keeps both ratio arms on the scan kernel at every tread); declared {'native': 8, 'shared': 72, 'private': 72}
  pinned config: {'BLOCK_SIZE_N': 64, 'BLOCK_SIZE_K': 64, 'GROUP_SIZE_M': 4, 'num_warps': 8, 'num_stages': 4, 'BLOCK_SIZE_M': 32}
  phase trace: 0 timed cells at ~3.0 s, 9 profiled bursts at ~4 s, 0 host probes at ~1 s, 3 min weights and compile
  estimated 3.6 min
  E240 = R3 as published (240 MiB flush); E0 no flush; E480 480 MiB flush; E120 / E360 120 / 360 MiB flushes (E120 is 2x the L2: printed only); GR CUDA-graph replay under E240's flush
LAUNCH FLOOR mixtral-8x7b-tp8 phase trace: 0 cells, 9 traces, 0 failed; /home/ubuntu/moe/results/2026-10-06-nvidia_gh200_480gb-launch-floor-r3/mixtral-8x7b-tp8
clocks.current.sm [MHz], clocks.max.sm [MHz], clocks_event_reasons.active
345 MHz, 1980 MHz, 0x0000000000000001
2026-10-06T09:15:51Z launchfloor: mixtral-8x7b-tp8 exit 0 (/home/ubuntu/moe/results/2026-10-06-nvidia_gh200_480gb-launch-floor-r3/mixtral-8x7b-tp8)
