LAUNCH FLOOR PLAN granite-3.0-1b-a400m: treads [1, 2, 3, 4, 5, 6, 7, 8, 9], arms ['native', 'shared', 'private'], modes ['E240', 'GR'], G=4, BLOCK_M 32, duty 0.25, 3 repeats, seed 0
  declaration: 9 copies (the ladder's id count 1024..9216 does not cross 1024: one kernel throughout); declared {'native': 32, 'shared': 288, 'private': 288}
  pinned config: {'BLOCK_SIZE_N': 64, 'BLOCK_SIZE_K': 64, 'GROUP_SIZE_M': 4, 'num_warps': 8, 'num_stages': 4, 'BLOCK_SIZE_M': 32}
  162 timed cells at ~3.0 s, 30 profiled bursts at ~4 s, 3 min weights and compile
  estimated 13.1 min
  E240 = R3 as published (240 MiB flush); E0 no flush; E480 480 MiB flush; GR CUDA-graph replay under E240's flush
  rep0 E240 native   n=1
  rep0 GR   native   n=1
USDT:2026-10-01 22:08:42 163340:163340 SyncActivityProfilerHandler.cpp:52] profiler_start
USDT:2026-10-01 22:08:42 163340:163340 SyncActivityProfilerHandler.cpp:59] profiler_stop
USDT:2026-10-01 22:08:42 163340:163340 SyncActivityProfilerHandler.cpp:52] profiler_start
USDT:2026-10-01 22:08:42 163340:163340 SyncActivityProfilerHandler.cpp:59] profiler_stop
USDT:2026-10-01 22:08:42 163340:163340 SyncActivityProfilerHandler.cpp:52] profiler_start
USDT:2026-10-01 22:08:42 163340:163340 SyncActivityProfilerHandler.cpp:59] profiler_stop
USDT:2026-10-01 22:08:42 163340:163340 SyncActivityProfilerHandler.cpp:52] profiler_start
USDT:2026-10-01 22:08:42 163340:163340 SyncActivityProfilerHandler.cpp:59] profiler_stop
USDT:2026-10-01 22:08:42 163340:163340 SyncActivityProfilerHandler.cpp:52] profiler_start
USDT:2026-10-01 22:08:42 163340:163340 SyncActivityProfilerHandler.cpp:59] profiler_stop
USDT:2026-10-01 22:08:42 163340:163340 SyncActivityProfilerHandler.cpp:52] profiler_start
USDT:2026-10-01 22:08:42 163340:163340 SyncActivityProfilerHandler.cpp:59] profiler_stop
  rep0 E240 shared   n=1
  rep0 GR   shared   n=1
USDT:2026-10-01 22:08:50 163340:163340 SyncActivityProfilerHandler.cpp:52] profiler_start
USDT:2026-10-01 22:08:50 163340:163340 SyncActivityProfilerHandler.cpp:59] profiler_stop
USDT:2026-10-01 22:08:50 163340:163340 SyncActivityProfilerHandler.cpp:52] profiler_start
USDT:2026-10-01 22:08:50 163340:163340 SyncActivityProfilerHandler.cpp:59] profiler_stop
USDT:2026-10-01 22:08:50 163340:163340 SyncActivityProfilerHandler.cpp:52] profiler_start
USDT:2026-10-01 22:08:50 163340:163340 SyncActivityProfilerHandler.cpp:59] profiler_stop
USDT:2026-10-01 22:08:50 163340:163340 SyncActivityProfilerHandler.cpp:52] profiler_start
USDT:2026-10-01 22:08:50 163340:163340 SyncActivityProfilerHandler.cpp:59] profiler_stop
USDT:2026-10-01 22:08:50 163340:163340 SyncActivityProfilerHandler.cpp:52] profiler_start
USDT:2026-10-01 22:08:50 163340:163340 SyncActivityProfilerHandler.cpp:59] profiler_stop
USDT:2026-10-01 22:08:50 163340:163340 SyncActivityProfilerHandler.cpp:52] profiler_start
USDT:2026-10-01 22:08:50 163340:163340 SyncActivityProfilerHandler.cpp:59] profiler_stop
  rep0 E240 private  n=1
  rep0 GR   private  n=1
USDT:2026-10-01 22:08:57 163340:163340 SyncActivityProfilerHandler.cpp:52] profiler_start
USDT:2026-10-01 22:08:57 163340:163340 SyncActivityProfilerHandler.cpp:59] profiler_stop
USDT:2026-10-01 22:08:57 163340:163340 SyncActivityProfilerHandler.cpp:52] profiler_start
USDT:2026-10-01 22:08:57 163340:163340 SyncActivityProfilerHandler.cpp:59] profiler_stop
USDT:2026-10-01 22:08:57 163340:163340 SyncActivityProfilerHandler.cpp:52] profiler_start
USDT:2026-10-01 22:08:57 163340:163340 SyncActivityProfilerHandler.cpp:59] profiler_stop
USDT:2026-10-01 22:08:57 163340:163340 SyncActivityProfilerHandler.cpp:52] profiler_start
USDT:2026-10-01 22:08:57 163340:163340 SyncActivityProfilerHandler.cpp:59] profiler_stop
USDT:2026-10-01 22:08:57 163340:163340 SyncActivityProfilerHandler.cpp:52] profiler_start
USDT:2026-10-01 22:08:57 163340:163340 SyncActivityProfilerHandler.cpp:59] profiler_stop
USDT:2026-10-01 22:08:58 163340:163340 SyncActivityProfilerHandler.cpp:52] profiler_start
USDT:2026-10-01 22:08:58 163340:163340 SyncActivityProfilerHandler.cpp:59] profiler_stop
  rep0 E240 native   n=2
  rep0 GR   native   n=2
  rep0 E240 shared   n=2
  rep0 GR   shared   n=2
  rep0 E240 private  n=2
  rep0 GR   private  n=2
  rep0 E240 native   n=3
  rep0 GR   native   n=3
  rep0 E240 shared   n=3
  rep0 GR   shared   n=3
  rep0 E240 private  n=3
  rep0 GR   private  n=3
  rep0 E240 native   n=4
  rep0 GR   native   n=4
  rep0 E240 shared   n=4
  rep0 GR   shared   n=4
  rep0 E240 private  n=4
  rep0 GR   private  n=4
  rep0 E240 native   n=5
  rep0 GR   native   n=5
  rep0 E240 shared   n=5
  rep0 GR   shared   n=5
  rep0 E240 private  n=5
  rep0 GR   private  n=5
  rep0 E240 native   n=6
  rep0 GR   native   n=6
USDT:2026-10-01 22:10:34 163340:163340 SyncActivityProfilerHandler.cpp:52] profiler_start
USDT:2026-10-01 22:10:34 163340:163340 SyncActivityProfilerHandler.cpp:59] profiler_stop
USDT:2026-10-01 22:10:34 163340:163340 SyncActivityProfilerHandler.cpp:52] profiler_start
USDT:2026-10-01 22:10:34 163340:163340 SyncActivityProfilerHandler.cpp:59] profiler_stop
  rep0 E240 shared   n=6
  rep0 GR   shared   n=6
USDT:2026-10-01 22:10:42 163340:163340 SyncActivityProfilerHandler.cpp:52] profiler_start
USDT:2026-10-01 22:10:42 163340:163340 SyncActivityProfilerHandler.cpp:59] profiler_stop
USDT:2026-10-01 22:10:42 163340:163340 SyncActivityProfilerHandler.cpp:52] profiler_start
USDT:2026-10-01 22:10:42 163340:163340 SyncActivityProfilerHandler.cpp:59] profiler_stop
  rep0 E240 private  n=6
  rep0 GR   private  n=6
USDT:2026-10-01 22:10:49 163340:163340 SyncActivityProfilerHandler.cpp:52] profiler_start
USDT:2026-10-01 22:10:49 163340:163340 SyncActivityProfilerHandler.cpp:59] profiler_stop
USDT:2026-10-01 22:10:49 163340:163340 SyncActivityProfilerHandler.cpp:52] profiler_start
USDT:2026-10-01 22:10:49 163340:163340 SyncActivityProfilerHandler.cpp:59] profiler_stop
  rep0 E240 native   n=7
  rep0 GR   native   n=7
  rep0 E240 shared   n=7
  rep0 GR   shared   n=7
  rep0 E240 private  n=7
  rep0 GR   private  n=7
  rep0 E240 native   n=8
  rep0 GR   native   n=8
  rep0 E240 shared   n=8
  rep0 GR   shared   n=8
  rep0 E240 private  n=8
  rep0 GR   private  n=8
  rep0 E240 native   n=9
  rep0 GR   native   n=9
USDT:2026-10-01 22:11:42 163340:163340 SyncActivityProfilerHandler.cpp:52] profiler_start
USDT:2026-10-01 22:11:42 163340:163340 SyncActivityProfilerHandler.cpp:59] profiler_stop
USDT:2026-10-01 22:11:42 163340:163340 SyncActivityProfilerHandler.cpp:52] profiler_start
USDT:2026-10-01 22:11:42 163340:163340 SyncActivityProfilerHandler.cpp:59] profiler_stop
  rep0 E240 shared   n=9
  rep0 GR   shared   n=9
USDT:2026-10-01 22:11:49 163340:163340 SyncActivityProfilerHandler.cpp:52] profiler_start
USDT:2026-10-01 22:11:49 163340:163340 SyncActivityProfilerHandler.cpp:59] profiler_stop
USDT:2026-10-01 22:11:49 163340:163340 SyncActivityProfilerHandler.cpp:52] profiler_start
USDT:2026-10-01 22:11:49 163340:163340 SyncActivityProfilerHandler.cpp:59] profiler_stop
  rep0 E240 private  n=9
  rep0 GR   private  n=9
USDT:2026-10-01 22:11:57 163340:163340 SyncActivityProfilerHandler.cpp:52] profiler_start
USDT:2026-10-01 22:11:57 163340:163340 SyncActivityProfilerHandler.cpp:59] profiler_stop
USDT:2026-10-01 22:11:57 163340:163340 SyncActivityProfilerHandler.cpp:52] profiler_start
USDT:2026-10-01 22:11:57 163340:163340 SyncActivityProfilerHandler.cpp:59] profiler_stop
  rep1 E240 shared   n=9
  rep1 GR   shared   n=9
  rep1 E240 private  n=9
  rep1 GR   private  n=9
  rep1 E240 native   n=9
  rep1 GR   native   n=9
  rep1 E240 shared   n=8
  rep1 GR   shared   n=8
  rep1 E240 private  n=8
  rep1 GR   private  n=8
  rep1 E240 native   n=8
  rep1 GR   native   n=8
  rep1 E240 shared   n=7
  rep1 GR   shared   n=7
  rep1 E240 private  n=7
  rep1 GR   private  n=7
  rep1 E240 native   n=7
  rep1 GR   native   n=7
  rep1 E240 shared   n=6
  rep1 GR   shared   n=6
  rep1 E240 private  n=6
  rep1 GR   private  n=6
  rep1 E240 native   n=6
  rep1 GR   native   n=6
  rep1 E240 shared   n=5
  rep1 GR   shared   n=5
  rep1 E240 private  n=5
  rep1 GR   private  n=5
  rep1 E240 native   n=5
  rep1 GR   native   n=5
  rep1 E240 shared   n=4
  rep1 GR   shared   n=4
  rep1 E240 private  n=4
  rep1 GR   private  n=4
  rep1 E240 native   n=4
  rep1 GR   native   n=4
  rep1 E240 shared   n=3
  rep1 GR   shared   n=3
  rep1 E240 private  n=3
  rep1 GR   private  n=3
  rep1 E240 native   n=3
  rep1 GR   native   n=3
  rep1 E240 shared   n=2
  rep1 GR   shared   n=2
  rep1 E240 private  n=2
  rep1 GR   private  n=2
  rep1 E240 native   n=2
  rep1 GR   native   n=2
  rep1 E240 shared   n=1
  rep1 GR   shared   n=1
  rep1 E240 private  n=1
  rep1 GR   private  n=1
  rep1 E240 native   n=1
  rep1 GR   native   n=1
  rep2 E240 private  n=1
  rep2 GR   private  n=1
  rep2 E240 native   n=1
  rep2 GR   native   n=1
  rep2 E240 shared   n=1
  rep2 GR   shared   n=1
  rep2 E240 private  n=2
  rep2 GR   private  n=2
  rep2 E240 native   n=2
  rep2 GR   native   n=2
  rep2 E240 shared   n=2
  rep2 GR   shared   n=2
  rep2 E240 private  n=3
  rep2 GR   private  n=3
  rep2 E240 native   n=3
  rep2 GR   native   n=3
  rep2 E240 shared   n=3
  rep2 GR   shared   n=3
  rep2 E240 private  n=4
  rep2 GR   private  n=4
  rep2 E240 native   n=4
  rep2 GR   native   n=4
  rep2 E240 shared   n=4
  rep2 GR   shared   n=4
  rep2 E240 private  n=5
  rep2 GR   private  n=5
  rep2 E240 native   n=5
  rep2 GR   native   n=5
  rep2 E240 shared   n=5
  rep2 GR   shared   n=5
  rep2 E240 private  n=6
  rep2 GR   private  n=6
  rep2 E240 native   n=6
  rep2 GR   native   n=6
  rep2 E240 shared   n=6
  rep2 GR   shared   n=6
  rep2 E240 private  n=7
  rep2 GR   private  n=7
  rep2 E240 native   n=7
  rep2 GR   native   n=7
  rep2 E240 shared   n=7
  rep2 GR   shared   n=7
  rep2 E240 private  n=8
  rep2 GR   private  n=8
  rep2 E240 native   n=8
  rep2 GR   native   n=8
  rep2 E240 shared   n=8
  rep2 GR   shared   n=8
  rep2 E240 private  n=9
  rep2 GR   private  n=9
  rep2 E240 native   n=9
  rep2 GR   native   n=9
  rep2 E240 shared   n=9
  rep2 GR   shared   n=9
LAUNCH FLOOR granite-3.0-1b-a400m: 162 cells, 0 failed; /home/ubuntu/moe/results/2026-10-01-nvidia_gh200_480gb-launch-floor-rental1/granite-3.0-1b-a400m
