LAUNCH FLOOR PLAN jetmoe-8b: treads [1, 2, 3, 4], arms ['native', 'shared', 'private'], modes ['E240', 'E0', 'E480', 'GR'], G=4, BLOCK_M 32, duty 0.25, 3 repeats, seed 0
  declaration: 9 copies (the ladder's id count runs 256..1536, across the small-batch id bound 1024, and E x n_max = 48 is under the expert bound 64; declaring 9 copies (E x 9 = 72) keeps both ratio arms on the scan kernel at every tread); declared {'native': 8, 'shared': 72, 'private': 72}
  pinned config: {'BLOCK_SIZE_N': 64, 'BLOCK_SIZE_K': 64, 'GROUP_SIZE_M': 4, 'num_warps': 8, 'num_stages': 4, 'BLOCK_SIZE_M': 32}
  144 timed cells at ~3.0 s, 42 profiled bursts at ~4 s, 3 min weights and compile
  estimated 13.0 min
  E240 = R3 as published (240 MiB flush); E0 no flush; E480 480 MiB flush; GR CUDA-graph replay under E240's flush
  rep0 E240 native   n=1
  rep0 E0   native   n=1
  rep0 E480 native   n=1
  rep0 GR   native   n=1
USDT:2026-10-01 21:59:27 157036:157036 SyncActivityProfilerHandler.cpp:52] profiler_start
USDT:2026-10-01 21:59:27 157036:157036 SyncActivityProfilerHandler.cpp:59] profiler_stop
USDT:2026-10-01 21:59:27 157036:157036 SyncActivityProfilerHandler.cpp:52] profiler_start
USDT:2026-10-01 21:59:27 157036:157036 SyncActivityProfilerHandler.cpp:59] profiler_stop
USDT:2026-10-01 21:59:27 157036:157036 SyncActivityProfilerHandler.cpp:52] profiler_start
USDT:2026-10-01 21:59:27 157036:157036 SyncActivityProfilerHandler.cpp:59] profiler_stop
USDT:2026-10-01 21:59:27 157036:157036 SyncActivityProfilerHandler.cpp:52] profiler_start
USDT:2026-10-01 21:59:27 157036:157036 SyncActivityProfilerHandler.cpp:59] profiler_stop
USDT:2026-10-01 21:59:27 157036:157036 SyncActivityProfilerHandler.cpp:52] profiler_start
USDT:2026-10-01 21:59:27 157036:157036 SyncActivityProfilerHandler.cpp:59] profiler_stop
USDT:2026-10-01 21:59:27 157036:157036 SyncActivityProfilerHandler.cpp:52] profiler_start
USDT:2026-10-01 21:59:27 157036:157036 SyncActivityProfilerHandler.cpp:59] profiler_stop
  rep0 E240 shared   n=1
  rep0 E0   shared   n=1
  rep0 E480 shared   n=1
  rep0 GR   shared   n=1
USDT:2026-10-01 21:59:42 157036:157036 SyncActivityProfilerHandler.cpp:52] profiler_start
USDT:2026-10-01 21:59:42 157036:157036 SyncActivityProfilerHandler.cpp:59] profiler_stop
USDT:2026-10-01 21:59:42 157036:157036 SyncActivityProfilerHandler.cpp:52] profiler_start
USDT:2026-10-01 21:59:42 157036:157036 SyncActivityProfilerHandler.cpp:59] profiler_stop
USDT:2026-10-01 21:59:42 157036:157036 SyncActivityProfilerHandler.cpp:52] profiler_start
USDT:2026-10-01 21:59:42 157036:157036 SyncActivityProfilerHandler.cpp:59] profiler_stop
USDT:2026-10-01 21:59:42 157036:157036 SyncActivityProfilerHandler.cpp:52] profiler_start
USDT:2026-10-01 21:59:42 157036:157036 SyncActivityProfilerHandler.cpp:59] profiler_stop
USDT:2026-10-01 21:59:42 157036:157036 SyncActivityProfilerHandler.cpp:52] profiler_start
USDT:2026-10-01 21:59:42 157036:157036 SyncActivityProfilerHandler.cpp:59] profiler_stop
USDT:2026-10-01 21:59:42 157036:157036 SyncActivityProfilerHandler.cpp:52] profiler_start
USDT:2026-10-01 21:59:42 157036:157036 SyncActivityProfilerHandler.cpp:59] profiler_stop
  rep0 E240 private  n=1
  rep0 E0   private  n=1
  rep0 E480 private  n=1
  rep0 GR   private  n=1
USDT:2026-10-01 21:59:57 157036:157036 SyncActivityProfilerHandler.cpp:52] profiler_start
USDT:2026-10-01 21:59:57 157036:157036 SyncActivityProfilerHandler.cpp:59] profiler_stop
USDT:2026-10-01 21:59:57 157036:157036 SyncActivityProfilerHandler.cpp:52] profiler_start
USDT:2026-10-01 21:59:57 157036:157036 SyncActivityProfilerHandler.cpp:59] profiler_stop
USDT:2026-10-01 21:59:57 157036:157036 SyncActivityProfilerHandler.cpp:52] profiler_start
USDT:2026-10-01 21:59:57 157036:157036 SyncActivityProfilerHandler.cpp:59] profiler_stop
USDT:2026-10-01 21:59:57 157036:157036 SyncActivityProfilerHandler.cpp:52] profiler_start
USDT:2026-10-01 21:59:57 157036:157036 SyncActivityProfilerHandler.cpp:59] profiler_stop
USDT:2026-10-01 21:59:57 157036:157036 SyncActivityProfilerHandler.cpp:52] profiler_start
USDT:2026-10-01 21:59:57 157036:157036 SyncActivityProfilerHandler.cpp:59] profiler_stop
USDT:2026-10-01 21:59:57 157036:157036 SyncActivityProfilerHandler.cpp:52] profiler_start
USDT:2026-10-01 21:59:57 157036:157036 SyncActivityProfilerHandler.cpp:59] profiler_stop
  rep0 E240 native   n=2
  rep0 E0   native   n=2
  rep0 E480 native   n=2
  rep0 GR   native   n=2
USDT:2026-10-01 22:00:12 157036:157036 SyncActivityProfilerHandler.cpp:52] profiler_start
USDT:2026-10-01 22:00:12 157036:157036 SyncActivityProfilerHandler.cpp:59] profiler_stop
USDT:2026-10-01 22:00:12 157036:157036 SyncActivityProfilerHandler.cpp:52] profiler_start
USDT:2026-10-01 22:00:12 157036:157036 SyncActivityProfilerHandler.cpp:59] profiler_stop
USDT:2026-10-01 22:00:12 157036:157036 SyncActivityProfilerHandler.cpp:52] profiler_start
USDT:2026-10-01 22:00:12 157036:157036 SyncActivityProfilerHandler.cpp:59] profiler_stop
USDT:2026-10-01 22:00:12 157036:157036 SyncActivityProfilerHandler.cpp:52] profiler_start
USDT:2026-10-01 22:00:12 157036:157036 SyncActivityProfilerHandler.cpp:59] profiler_stop
USDT:2026-10-01 22:00:12 157036:157036 SyncActivityProfilerHandler.cpp:52] profiler_start
USDT:2026-10-01 22:00:12 157036:157036 SyncActivityProfilerHandler.cpp:59] profiler_stop
USDT:2026-10-01 22:00:12 157036:157036 SyncActivityProfilerHandler.cpp:52] profiler_start
USDT:2026-10-01 22:00:12 157036:157036 SyncActivityProfilerHandler.cpp:59] profiler_stop
  rep0 E240 shared   n=2
  rep0 E0   shared   n=2
  rep0 E480 shared   n=2
  rep0 GR   shared   n=2
USDT:2026-10-01 22:00:27 157036:157036 SyncActivityProfilerHandler.cpp:52] profiler_start
USDT:2026-10-01 22:00:27 157036:157036 SyncActivityProfilerHandler.cpp:59] profiler_stop
USDT:2026-10-01 22:00:27 157036:157036 SyncActivityProfilerHandler.cpp:52] profiler_start
USDT:2026-10-01 22:00:27 157036:157036 SyncActivityProfilerHandler.cpp:59] profiler_stop
USDT:2026-10-01 22:00:27 157036:157036 SyncActivityProfilerHandler.cpp:52] profiler_start
USDT:2026-10-01 22:00:27 157036:157036 SyncActivityProfilerHandler.cpp:59] profiler_stop
USDT:2026-10-01 22:00:27 157036:157036 SyncActivityProfilerHandler.cpp:52] profiler_start
USDT:2026-10-01 22:00:27 157036:157036 SyncActivityProfilerHandler.cpp:59] profiler_stop
USDT:2026-10-01 22:00:27 157036:157036 SyncActivityProfilerHandler.cpp:52] profiler_start
USDT:2026-10-01 22:00:27 157036:157036 SyncActivityProfilerHandler.cpp:59] profiler_stop
USDT:2026-10-01 22:00:27 157036:157036 SyncActivityProfilerHandler.cpp:52] profiler_start
USDT:2026-10-01 22:00:27 157036:157036 SyncActivityProfilerHandler.cpp:59] profiler_stop
  rep0 E240 private  n=2
  rep0 E0   private  n=2
  rep0 E480 private  n=2
  rep0 GR   private  n=2
USDT:2026-10-01 22:00:42 157036:157036 SyncActivityProfilerHandler.cpp:52] profiler_start
USDT:2026-10-01 22:00:42 157036:157036 SyncActivityProfilerHandler.cpp:59] profiler_stop
USDT:2026-10-01 22:00:42 157036:157036 SyncActivityProfilerHandler.cpp:52] profiler_start
USDT:2026-10-01 22:00:42 157036:157036 SyncActivityProfilerHandler.cpp:59] profiler_stop
USDT:2026-10-01 22:00:42 157036:157036 SyncActivityProfilerHandler.cpp:52] profiler_start
USDT:2026-10-01 22:00:42 157036:157036 SyncActivityProfilerHandler.cpp:59] profiler_stop
USDT:2026-10-01 22:00:42 157036:157036 SyncActivityProfilerHandler.cpp:52] profiler_start
USDT:2026-10-01 22:00:42 157036:157036 SyncActivityProfilerHandler.cpp:59] profiler_stop
USDT:2026-10-01 22:00:42 157036:157036 SyncActivityProfilerHandler.cpp:52] profiler_start
USDT:2026-10-01 22:00:42 157036:157036 SyncActivityProfilerHandler.cpp:59] profiler_stop
USDT:2026-10-01 22:00:42 157036:157036 SyncActivityProfilerHandler.cpp:52] profiler_start
USDT:2026-10-01 22:00:42 157036:157036 SyncActivityProfilerHandler.cpp:59] profiler_stop
  rep0 E240 native   n=3
  rep0 E0   native   n=3
  rep0 E480 native   n=3
  rep0 GR   native   n=3
USDT:2026-10-01 22:00:58 157036:157036 SyncActivityProfilerHandler.cpp:52] profiler_start
USDT:2026-10-01 22:00:58 157036:157036 SyncActivityProfilerHandler.cpp:59] profiler_stop
USDT:2026-10-01 22:00:58 157036:157036 SyncActivityProfilerHandler.cpp:52] profiler_start
USDT:2026-10-01 22:00:58 157036:157036 SyncActivityProfilerHandler.cpp:59] profiler_stop
  rep0 E240 shared   n=3
  rep0 E0   shared   n=3
  rep0 E480 shared   n=3
  rep0 GR   shared   n=3
USDT:2026-10-01 22:01:13 157036:157036 SyncActivityProfilerHandler.cpp:52] profiler_start
USDT:2026-10-01 22:01:13 157036:157036 SyncActivityProfilerHandler.cpp:59] profiler_stop
USDT:2026-10-01 22:01:13 157036:157036 SyncActivityProfilerHandler.cpp:52] profiler_start
USDT:2026-10-01 22:01:13 157036:157036 SyncActivityProfilerHandler.cpp:59] profiler_stop
  rep0 E240 private  n=3
  rep0 E0   private  n=3
  rep0 E480 private  n=3
  rep0 GR   private  n=3
USDT:2026-10-01 22:01:28 157036:157036 SyncActivityProfilerHandler.cpp:52] profiler_start
USDT:2026-10-01 22:01:28 157036:157036 SyncActivityProfilerHandler.cpp:59] profiler_stop
USDT:2026-10-01 22:01:28 157036:157036 SyncActivityProfilerHandler.cpp:52] profiler_start
USDT:2026-10-01 22:01:28 157036:157036 SyncActivityProfilerHandler.cpp:59] profiler_stop
  rep0 E240 native   n=4
  rep0 E0   native   n=4
  rep0 E480 native   n=4
  rep0 GR   native   n=4
  rep0 E240 shared   n=4
  rep0 E0   shared   n=4
  rep0 E480 shared   n=4
  rep0 GR   shared   n=4
  rep0 E240 private  n=4
  rep0 E0   private  n=4
  rep0 E480 private  n=4
  rep0 GR   private  n=4
  rep1 E240 shared   n=4
  rep1 E0   shared   n=4
  rep1 E480 shared   n=4
  rep1 GR   shared   n=4
  rep1 E240 private  n=4
  rep1 E0   private  n=4
  rep1 E480 private  n=4
  rep1 GR   private  n=4
  rep1 E240 native   n=4
  rep1 E0   native   n=4
  rep1 E480 native   n=4
  rep1 GR   native   n=4
  rep1 E240 shared   n=3
  rep1 E0   shared   n=3
  rep1 E480 shared   n=3
  rep1 GR   shared   n=3
  rep1 E240 private  n=3
  rep1 E0   private  n=3
  rep1 E480 private  n=3
  rep1 GR   private  n=3
  rep1 E240 native   n=3
  rep1 E0   native   n=3
  rep1 E480 native   n=3
  rep1 GR   native   n=3
  rep1 E240 shared   n=2
  rep1 E0   shared   n=2
  rep1 E480 shared   n=2
  rep1 GR   shared   n=2
  rep1 E240 private  n=2
  rep1 E0   private  n=2
  rep1 E480 private  n=2
  rep1 GR   private  n=2
  rep1 E240 native   n=2
  rep1 E0   native   n=2
  rep1 E480 native   n=2
  rep1 GR   native   n=2
  rep1 E240 shared   n=1
  rep1 E0   shared   n=1
  rep1 E480 shared   n=1
  rep1 GR   shared   n=1
  rep1 E240 private  n=1
  rep1 E0   private  n=1
  rep1 E480 private  n=1
  rep1 GR   private  n=1
  rep1 E240 native   n=1
  rep1 E0   native   n=1
  rep1 E480 native   n=1
  rep1 GR   native   n=1
  rep2 E240 private  n=1
  rep2 E0   private  n=1
  rep2 E480 private  n=1
  rep2 GR   private  n=1
  rep2 E240 native   n=1
  rep2 E0   native   n=1
  rep2 E480 native   n=1
  rep2 GR   native   n=1
  rep2 E240 shared   n=1
  rep2 E0   shared   n=1
  rep2 E480 shared   n=1
  rep2 GR   shared   n=1
  rep2 E240 private  n=2
  rep2 E0   private  n=2
  rep2 E480 private  n=2
  rep2 GR   private  n=2
  rep2 E240 native   n=2
  rep2 E0   native   n=2
  rep2 E480 native   n=2
  rep2 GR   native   n=2
  rep2 E240 shared   n=2
  rep2 E0   shared   n=2
  rep2 E480 shared   n=2
  rep2 GR   shared   n=2
  rep2 E240 private  n=3
  rep2 E0   private  n=3
  rep2 E480 private  n=3
  rep2 GR   private  n=3
  rep2 E240 native   n=3
  rep2 E0   native   n=3
  rep2 E480 native   n=3
  rep2 GR   native   n=3
  rep2 E240 shared   n=3
  rep2 E0   shared   n=3
  rep2 E480 shared   n=3
  rep2 GR   shared   n=3
  rep2 E240 private  n=4
  rep2 E0   private  n=4
  rep2 E480 private  n=4
  rep2 GR   private  n=4
  rep2 E240 native   n=4
  rep2 E0   native   n=4
  rep2 E480 native   n=4
  rep2 GR   native   n=4
  rep2 E240 shared   n=4
  rep2 E0   shared   n=4
  rep2 E480 shared   n=4
  rep2 GR   shared   n=4
LAUNCH FLOOR jetmoe-8b: 144 cells, 0 failed; /home/ubuntu/moe/results/2026-10-01-nvidia_gh200_480gb-launch-floor-rental1/jetmoe-8b
