experiment  private_weight_reference / nvidia_gh200_480gb-armsnative_shared-bm32-budget200.0-decl9-dtypebf16-duty0.25-g8-hist9cc371ef8a-06f9754b
model       mixtral-8x7b E=8 k=2  bf16 (2 bytes)
tile        BLOCK_M=32, one tile per run and in the run id
pinned      {'BLOCK_SIZE_N': 64, 'BLOCK_SIZE_K': 64, 'GROUP_SIZE_M': 8, 'num_warps': 8, 'num_stages': 4}
histogram   docs/registered/2026-10-07-rental5-skew-hist/mixtral-8x7b-A.json (sha256 9cc371ef8a155b63...), page A, 18 cells x arms = 30 timed cells, token-row shuffle seed 20261007; R3's balanced ladder is NOT run (--treads ignored)
arms        native, shared; PRIVATE cannot run skewed
  ridge       174.87 Op/B, measured on this device: NVIDIA GH200 480GB (measured), 651.8 TFLOP/s bf16 over 3727.6 GB/s (triad pattern); calibrated 2026-10-08 at d4d1767e
experts     native declares E=8; shared declares E x n_decl = 72 at every cell
            n_decl = 9 against n_max = 32 read: --declared-copies 9; S4: no PRIVATE arm, so SHARED reads copy 0 only and the copies rule is lifted
depth       retracted tread 32 against the 32 planned (a histogram page has no depth table: its deepest cell's tread)
repeats     9, repeats OUTER, the page's cells REVERSED on odd repeats, arms rotated within a cell
duty        0.25
session     gh200-20261008T233040Z-p2-lock1710
WRITES TO   /home/ubuntu/moe/results/gaps-nvidia_gh200_480gb-mixtral-8x7b-ska/private_weight_reference/nvidia_gh200_480gb-armsnative_shared-bm32-budget200.0-decl9-dtypebf16-duty0.25-g8-hist9cc371ef8a-06f9754b
cells (n, label, arms, path, counts sha256):
  n=2   PT               native,shared  block-scan/small-batch fdbd206d846e9ad4
  n=2   PW               native,shared  block-scan/small-batch 201d468a000e4d45
  n=2   PW-hotfirst      native         small-batch  86b8e89af5abe84c
  n=2   PW-rand1         native         small-batch  b6d879d542d49fa5
  n=2   uniform          native,shared  block-scan/small-batch 6e917c769e5c2617
  n=2   balanced         native,shared  block-scan/small-batch 74234e98afe7498f
  n=8   PT               native,shared  block-scan   f34f0645012abee6
  n=8   PW               native,shared  block-scan   34db55c36623b17a
  n=8   PW-hotfirst      native         block-scan   34db55c36623b17a
  n=8   PW-rand1         native         block-scan   8bb16ba92b471f5a
  n=8   uniform          native,shared  block-scan   9b3a6d3b0b6482a3
  n=8   balanced         native,shared  block-scan   74234e98afe7498f
  n=32  PT               native,shared  block-scan   7e7e0278080e7382
  n=32  PW               native,shared  block-scan   fd052ec9bd9a64e2
  n=32  PW-hotfirst      native         block-scan   845b09fcf88f7b8b
  n=32  PW-rand1         native         block-scan   3e82eaf00c7f6894
  n=32  uniform          native,shared  block-scan   ca1f45bac7054078
  n=32  balanced         native,shared  block-scan   74234e98afe7498f

========================================================================
REFUSED. Nothing was measured and nothing was written.
  reason: --dry-run was given
========================================================================
