CARD NVIDIA GH200 480GB (nvidia_gh200_480gb, board 7269a7, sm_90, 132 SMs, 60 MiB L2): every number here is THIS card's; one of the study's four cards: the primary card.
R3 COUNTER RUN  G=128  27 cells, 162 profiled launches after 108 skipped, at an nvidia-smi lock of 1710 MHz (ncu --clock-control none)
  ncu        /usr/local/cuda-13.0/bin/ncu  [Version 2025.3.1.0 (build 36398880) (public-release)]
  metrics    17 asked: dram__bytes_read.sum, dram__bytes_write.sum, lts__t_sectors_srcunit_tex_op_read.sum, launch__grid_size, gpu__time_duration.sum, lts__d_sectors_fill_device.sum, lts__t_sectors_op_read_lookup_miss.sum, lts__t_sectors_srcunit_tex_op_read_lookup_hit.sum, lts__t_sector_op_read_hit_rate.pct, launch__occupancy_limit_blocks, launch__occupancy_limit_registers, launch__occupancy_limit_shared_mem, launch__occupancy_limit_warps, launch__registers_per_thread, launch__waves_per_multiprocessor, lts__t_sectors_srcunit_ltcfabric.sum, sm__cycles_elapsed.avg
  profiles   /home/ubuntu/moe/results/2026-10-01-nvidia_gh200_480gb-olmoe-1b-7b-g128-r3-counters/lock1710/r3c-g128.profiles
CARD NVIDIA GH200 480GB (nvidia_gh200_480gb, board 7269a7, sm_90, 132 SMs, 60 MiB L2): every number here is THIS card's; one of the study's four cards: the primary card.
R3 ARMS UNDER A DRAM COUNTER  G=128  olmoe-1b-7b bf16 BLOCK_M=32 BLOCK_N=64 BLOCK_K=64 num_warps=8 num_stages=4
  arms ['native', 'shared', 'private'] x treads [1, 2, 3, 4, 5, 6, 7, 8, 9]; 3 measured calls per cell after 2 warmups; 162 profiled launches; declared 9 copies ({'native': 64, 'shared': 576, 'private': 576})
  counted at an nvidia-smi lock of 1710 MHz (ncu --clock-control none); V10 reads each cell's clock back off its own counters

  q(n) = (R(n) - n x operand) / W, one weight set per unit, the group model beside it;
  e = q_P - n at PRIVATE's highest call is its excess, its activation re-read; SHARED's weight-only q runs from the lowest call of SHARED or NATIVE, less e, to the highest (q_S_bracket on the page)
    n   model      q_S   q_S,w1   q_S,w2      q_N      q_P   q_P,w1   q_P,w2     e_w1     e_w2
    1  1.0000   1.0039   0.9914   1.0287   1.0040   1.0038   0.9914   1.0285   0.0000   0.0287
    2  1.0000   1.0070   0.9772   1.0665   1.0074   2.0633   1.9975   2.1950   0.0000   0.1962
    3  1.0156   1.0062   0.9782   1.0622   1.0060   3.0657   2.9906   3.2161   0.0000   0.2163
    4  1.0000   0.9835   0.9477   1.0553   0.9832   4.1084   3.9924   4.3405   0.0000   0.3455
    5  1.0312   1.0020   0.9665   1.0729   1.0026   5.1252   4.9997   5.3762   0.0008   0.3816
    6  1.0312   0.9957   0.9522   1.0826   0.9958   6.1837   6.0145   6.5219   0.0158   0.5260
    7  1.0469   0.9985   0.9534   1.0888   0.9981   7.1904   7.0134   7.5446   0.0145   0.5503
    8  1.0000   0.9396   0.8910   1.0368   0.9406   8.2102   7.9607   8.7093   0.0000   0.7151
    9  1.0625   0.9942   0.9430   1.0964   0.9933   9.2755   9.0505   9.7257   0.0513   0.7271

  alpha(G=128) in [-0.0429, 0.0037] (w1 [-0.0126, -0.0082], w2 [-0.1077, 0.0297]): the least and greatest OLS slope over SHARED's weight-only q, from the lowest single call of SHARED or NATIVE, less e, to the highest; e PRIVATE's excess over n at its highest call
  SHARED's own calls alone, NATIVE not pooled: alpha in [-0.0428, 0.0036] (w1 [-0.0125, -0.0082], w2 [-0.1073, 0.0293]); every gate reads the same on it. The pooled bracket above is the page's; this line changes no verdict
  the OLS slope of q_S's K-call means, every activation re-read counted as a weight re-read: -0.0041 (w1 -0.0083, w2 0.0044), max relative residual 4.31%: a scalar summary; meaningful where the ladder is affine
  alpha_ratio slope(R_S)/slope(R_P) = 0.0110 (its K calls allow [0.0109, 0.0111]); alpha_diff 1 - (slope_P - slope_S)/W = -0.0349, q_S - (q_P - n) on the means; none uses a bandwidth, a ridge, an intercept or a calibration

  ACTIVATION RE-READS, named in advance (r3_exposure): one column pass of the fullest group, MiB, A + slabs = working set, against this card's 60 MiB L2 (30 per partition)
  n=1  w1 S 8.0+16.0=24.0 held  w1 P 8.0+16.0=24.0 held  w2 S 4.0+8.0=12.0 held  w2 P 4.0+8.0=12.0 held
  n=2  w1 S 16.0+16.0=32.0 EXPOSED  w1 P 16.0+32.0=48.0 EXPOSED  w2 S 8.0+8.0=16.0 held  w2 P 8.0+16.0=24.0 held
  n=3  w1 S 16.0+10.8=26.8 held  w1 P 16.0+32.0=48.0 EXPOSED  w2 S 8.0+5.4=13.4 held  w2 P 8.0+16.0=24.0 held
  n=4  w1 S 16.0+8.0=24.0 held  w1 P 16.0+32.0=48.0 EXPOSED  w2 S 8.0+4.0=12.0 held  w2 P 8.0+16.0=24.0 held
  n=5  w1 S 16.0+6.8=22.8 held  w1 P 16.0+32.0=48.0 EXPOSED  w2 S 8.0+3.4=11.4 held  w2 P 8.0+16.0=24.0 held
  n=6  w1 S 16.0+5.5=21.5 held  w1 P 16.0+32.0=48.0 EXPOSED  w2 S 8.0+2.8=10.8 held  w2 P 8.0+16.0=24.0 held
  n=7  w1 S 16.0+4.8=20.8 held  w1 P 16.0+32.0=48.0 EXPOSED  w2 S 8.0+2.4=10.4 held  w2 P 8.0+16.0=24.0 held
  n=8  w1 S 16.0+4.0=20.0 held  w1 P 16.0+32.0=48.0 EXPOSED  w2 S 8.0+2.0=10.0 held  w2 P 8.0+16.0=24.0 held
  n=9  w1 S 16.0+3.8=19.8 held  w1 P 16.0+32.0=48.0 EXPOSED  w2 S 8.0+1.9=9.9 held  w2 P 8.0+16.0=24.0 held

RESULT: VALIDITY V0 PASS the page names the live card it was measured on: CARD NVIDIA GH200 480GB (nvidia_gh200_480gb, board 7269a7, sm_90, 132 SMs, 60 MiB L2): every number here is THI
GATE V0  VALIDITY PASS   the page names the live card it was measured on
              measured CARD NVIDIA GH200 480GB (nvidia_gh200_480gb, board 7269a7, sm_90, 132 SMs, 60 MiB L2): every number here is THIS card's; one of the study's four cards: the primary card.   gate a card block with ['name', 'uuid', 'sm_count', 'l2_bytes', 'capability', 'driver']
RESULT: VALIDITY V1 PASS every launch is attributed: exact count, every grid equal to the child's, and a census that measured GEMMS_PER_CALL: 162 launches over 27 cells, every grid matc
GATE V1  VALIDITY PASS   every launch is attributed: exact count, every grid equal to the child's, and a census that measured GEMMS_PER_CALL
              measured 162 launches over 27 cells, every grid matched   gate exact count; grids equal; census GEMMS_PER_CALL = 2
RESULT: VALIDITY V2 PASS every STRICT metric is a number on every launch: 5 fields x 54 GEMM cells
GATE V2  VALIDITY PASS   every STRICT metric is a number on every launch
              measured 5 fields x 54 GEMM cells   gate no missing value, never a 0.0 default
RESULT: VALIDITY V3 PASS at n=1 each cell's K calls read the same bytes: worst gated (max - min) / median 0.2210%
GATE V3  VALIDITY PASS   at n=1 each cell's K calls read the same bytes
              measured worst gated (max - min) / median 0.2210%   gate <= 1% per call and per GEMM in every n=1 cell, and in every cell whose page carries no per-GEMM call list
              deeper treads, not gated, spread up to 0.4891% (shared/6): re-reads L2 catches or misses with the order tiles run in, carried into SHARED's bracket as its farthest calls
RESULT: VALIDITY V4 PASS at n=1 the arms are one call and each reads one weight set: |R_S(1)/R_P(1) - 1| = 0.0044% against 0.5000%; q(1) native 1.0040, shared 1.0039, private 1.0038
GATE V4  VALIDITY PASS   at n=1 the arms are one call and each reads one weight set
              measured |R_S(1)/R_P(1) - 1| = 0.0044% against 0.5000%; q(1) native 1.0040, shared 1.0039, private 1.0038   gate <= max(0.5%, 3 x the repeat spread); q(1) in [0.97, 1.03]
              at n=1 SHARED and PRIVATE route every tile to copy 0: they are the same call, so their bytes must agree
RESULT: VALIDITY V5 PASS the PRIVATE arm re-reads the whole weight set per tile: every q_P(n)/n in [0.97, 1.5]; slope 1.0309
GATE V5  VALIDITY PASS   the PRIVATE arm re-reads the whole weight set per tile
              measured every q_P(n)/n in [0.97, 1.5]; slope 1.0309   gate 0.97 n <= q_P(n) <= 1.5 n per GEMM; slope of q_P,total in [0.97, 1.5]
              PRIVATE's excess over n is activation re-read, and a full thrash adds at most 0.4844 of W_w1, 0.4844 of W_w2 per tread ((BM/BN)(1 - 1/num_pid_n)), inside the ceiling: V5 cannot tell a thrash from a sound page, and C6 reads it
RESULT: VALIDITY V6 PASS the arms request the same L2 read sectors: 10 comparisons held; nearest its tolerance 0.2426% of 0.5% at n=1 w1 (SHARED against PRIVATE)
GATE V6  VALIDITY PASS   the arms request the same L2 read sectors
              measured 10 comparisons held; nearest its tolerance 0.2426% of 0.5% at n=1 w1 (SHARED against PRIVATE)   gate max/min - 1 <= 0.5% over the three arms at every (n, GEMM) on a card that counts every load; on one that coalesces L2 reads (compute capability 9.0 and up) SHARED against PRIVATE at n=1 within 0.5%, and NATIVE against SHARED where their live pids agree within 1.3% at every tread
              compute capability 9.0, at or above Hopper's 9.0: an L2 Request Coalescer can merge reads of one sector before the L2 counts them, most likely what put this count below the loads on the GH200 and the H100 (no counter on this page sits before it), so V6 holds two pairs: SHARED against PRIVATE at n=1, one call (both route every tile to copy 0), within 0.5%, and NATIVE against SHARED where NATIVE's grid gives every live tile SHARED's pid, the same tiles under another declaration, within 1.3% at every tread
              not held: PRIVATE at n >= 2 (its tiles read their own copies), and NATIVE at n=1 w1, n=1 w2, n=3 w1, n=3 w2, n=5 w1, n=5 w2, n=7 w1, n=7 w2, n=9 w1, n=9 w2 (its live tiles run at other pids; V7 holds it on DRAM bytes); their loads there rest on V5, V7 and V9 until a page carries a load count taken before the coalescer (docs/COUNTERS.md 6.8)
              not gated: over the three arms at every tread the widest gap is 11.4514% at n=8 w2
RESULT: VALIDITY V7 PASS NATIVE and SHARED read the same DRAM bytes: every (n, GEMM) within tolerance
GATE V7  VALIDITY PASS   NATIVE and SHARED read the same DRAM bytes
              measured every (n, GEMM) within tolerance   gate |R_N/R_S - 1| <= max(1%, 3 x that GEMM's own repeat spread in either cell), and the two arms' calls no more than 1% apart where the page lists them
RESULT: VALIDITY V8 PASS the DRAM counter and the L2 counters agree: every GEMM cell's DRAM bytes within tolerance of 32 x fill sectors
GATE V8  VALIDITY PASS   the DRAM counter and the L2 counters agree
              measured every GEMM cell's DRAM bytes within tolerance of 32 x fill sectors   gate |dram_bytes_read / (32 x lts__d_sectors_fill_device) - 1| <= 2%
RESULT: VALIDITY V9 PASS the private arm allocated and READ distinct weight copies: 5 of 5 parts
GATE V9  VALIDITY PASS   the private arm allocated and READ distinct weight copies
              measured 5 of 5 parts   gate all 5 parts of the proof
              PASS     addresses: the n copies occupy disjoint contiguous address ranges spanning exactly n x the weight set, in both w1 and w2
                       9 copies x 64 experts span 7247757312 bytes against 7247757312 predicted; slot = expert x 9 + copy at every slot: True; native view is every 9th slot of the same storage: True
              PASS     sentinels: a distinct value written into each copy reads back from that copy and from no other, and the original bytes are restored before anything else reads them
                       wrote 9 distinct values, read back 9 distinct, and restored the original bytes: True
              PASS     kernel_read: zeroing ONE copy c at a time, for every c >= 1, changes EXACTLY the private output rows of the tokens routed to copy c and no others, so every tile reads its own copy and no tile reads another's
                       every copy c >= 1, zeroed alone, changed exactly the tokens routed to it | c=1: 256 rows changed, 256 routed, exact=True, shared unchanged=True, restored=True; c=2: 256 rows changed, 256 routed, exact=True, shared unchanged=True, restored=True; c=3: 256 rows changed, 256 routed, exact=True, shared unchanged=True, restored=True; c=4: 256 rows changed, 256 routed, exact=True, shared unchanged=True, restored=True; c=5: 256 rows changed, 256 routed, exact=True, shared unchanged=True, restored=True; c=6: 256 rows changed, 256 routed, exact=True, shared unchanged=True, restored=True; c=7: 256 rows changed, 256 routed, exact=True, shared unchanged=True, restored=True; c=8: 256 rows changed, 256 routed, exact=True, shared unchanged=True, restored=True
              PASS     shared_blind: each of those zeroings leaves the shared arm's output bitwise unchanged, and restoring the copy restores the private output bitwise, so the changes above are the private mapping and not a corruption
                       the shared output was bitwise unchanged by every zeroing, every restore put the private output back bitwise, and zeroing a never-read copy moved neither output
              PASS     same_layer: with nothing zeroed, the private arm's output is bitwise equal to the shared arm's, so the relabelling computes the same layer
                       private output is bitwise equal to shared; native output is bitwise equal to shared (recorded, not scored: native runs a different launch grid)
RESULT: VALIDITY V10 FAIL every cell and GEMM ran at the nvidia-smi lock of 1710 MHz, by its own counters' clock: off the lock: w2 fitted 1686 MHz (fit: w1 1698.1 MHz + 9.2 us over 27 ce
GATE V10 VALIDITY FAIL   every cell and GEMM ran at the nvidia-smi lock of 1710 MHz, by its own counters' clock
              measured off the lock: w2 fitted 1686 MHz (fit: w1 1698.1 MHz + 9.2 us over 27 cells; w2 1686.1 MHz + 4.4 us over 27 cells)   gate each GEMM's duration = t0 + sm__cycles_elapsed.avg / f over its cells, |f - 1710| <= 15 MHz (one step), 0 <= t0 <= 50 us, and no cell over 3 steps off the lock's line
              a FAIL here invalidates: every byte on the page as a reading at 1710 MHz, the clock the timed pages it is compared with ran at; its bytes stand only as readings at the clocks its cells name
RESULT: CLAIM C1 FAIL SHARED's w1 weight reads are what the group model counts: n=1 [0.9914, 0.9915]/1.0000, n=2 [0.9770, 0.9779]/1.0000, n=3 [0.9781, 0.9784]/1.0156, n=4 [0.9475, 0.
GATE C1  CLAIM    FAIL   SHARED's w1 weight reads are what the group model counts
              measured n=1 [0.9914, 0.9915]/1.0000, n=2 [0.9770, 0.9779]/1.0000, n=3 [0.9781, 0.9784]/1.0156, n=4 [0.9475, 0.9480]/1.0000, n=5 [0.9656, 0.9667]/1.0312, n=6 [0.9361, 0.9529]/1.0312, n=7 [0.9386, 0.9536]/1.0469, n=8 [0.8909, 0.8910]/1.0000, n=9 [0.8913, 0.9435]/1.0625   gate |q_S,w1(n) - group_reads| <= 5% x group_reads at every n, scored on both edges of SHARED's weight-only bracket, its lowest call (NATIVE pooled) less e to its highest, e PRIVATE's excess over n; UNKNOWN where the edges disagree
              a FAIL here invalidates: the pid-order reuse model: w1 has 2F/BN N-tiles per M-row, far more than the CTAs in flight, so nothing is shared across groups
              w1 column passes not held by this card's 60 MiB L2: SHARED at n=[2], PRIVATE at n=[2, 3, 4, 5, 6, 7, 8, 9] (r3_exposure; a floor on the reuse distance, so a cell not named is not thereby safe)
RESULT: CLAIM C2 UNKNOWN SHARED's w2 weight reads never exceed the group model's count: n=1 [0.9989, 1.0300]/1.0000, n=2 [0.8691, 1.0691]/1.0000, n=3 [0.8445, 1.0629]/1.0156, n=4 [0.706
GATE C2  CLAIM    REFUSE SHARED's w2 weight reads never exceed the group model's count
              measured n=1 [0.9989, 1.0300]/1.0000, n=2 [0.8691, 1.0691]/1.0000, n=3 [0.8445, 1.0629]/1.0156, n=4 [0.7065, 1.0564]/1.0000, n=5 [0.6902, 1.0762]/1.0312, n=6 [0.5533, 1.0850]/1.0312, n=7 [0.5347, 1.0895]/1.0469, n=8 [0.3212, 1.0411]/1.0000, n=9 [0.3654, 1.0984]/1.0625   gate q_S,w2(n) <= 1.05 x group_reads at every n, scored on both edges of SHARED's weight-only bracket, its lowest call (NATIVE pooled) less e to its highest, e PRIVATE's excess over n; UNKNOWN where the edges disagree
              a REFUSE here invalidates: the model's ceiling: co-residency can only remove WEIGHT reads, never add them. An activation re-read is not a weight read, and q_S counts one as if it were: at G >= E n every live M-tile is in one group, every column pass walks them all, and where that pass outgrows the L2 the A repeats reach DRAM (up to (BM/BN)(1 - 1/num_pid_n) of W_w2 per tread). The lower edge takes them out, so only a FAIL on both edges refutes the model
              INCONCLUSIVE at n=[2, 4, 6]: the two edges of SHARED's weight-only bracket (farthest calls, less e) disagree there; e (PRIVATE's excess over n, n=2 0.1962, n=4 0.3455, n=6 0.5260) is the activation re-read PRIVATE measured, which bounds SHARED's, and the counter cannot split weight from activation bytes inside one GEMM
              w2 column passes not held by this card's 60 MiB L2: SHARED at n=none, PRIVATE at n=none (r3_exposure; a floor on the reuse distance, so a cell not named is not thereby safe)
RESULT: CLAIM C6 FAIL PRIVATE reads no more than one weight set per tile: n=1 +0.0038, n=2 +0.0317, n=3 +0.0219, n=4 +0.0271, n=5 +0.0250, n=6 +0.0306, n=7 +0.0272, n=8 +0.0263, n=9
GATE C6  CLAIM    FAIL   PRIVATE reads no more than one weight set per tile
              measured n=1 +0.0038, n=2 +0.0317, n=3 +0.0219, n=4 +0.0271, n=5 +0.0250, n=6 +0.0306, n=7 +0.0272, n=8 +0.0263, n=9 +0.0306  (q_P/n - 1; w1 -0.0086, -0.0012, -0.0031, -0.0019, -0.0001, +0.0024, +0.0019, -0.0049, +0.0056; w2 +0.0285, +0.0975, +0.0720, +0.0851, +0.0752, +0.0870, +0.0778, +0.0887, +0.0806)   gate q_P,total(n) <= 1.03 n at every n, on PRIVATE's lowest and highest call; UNKNOWN where they straddle it
              a FAIL here invalidates: a FAIL is a finding about BYTES: PRIVATE reads its weights exactly n times by construction, so its excess over n is what it re-read of everything else, activations above all, and the per-GEMM split localises it. It says the private arm's timed G-cost is bytes SHARED does not pay only as far as SHARED re-reads less, which the bracket bounds and does not measure
              at n=[1, 2] (G >= E n = 64 n) every live M-tile sits in one group and every column pass walks them all, in SHARED as in PRIVATE: SHARED is exposed to the same re-reads there, over narrower slabs
              w1 column passes not held by this card's 60 MiB L2: SHARED at n=[2], PRIVATE at n=[2, 3, 4, 5, 6, 7, 8, 9] (r3_exposure; a floor on the reuse distance, so a cell not named is not thereby safe)
              w2 column passes not held by this card's 60 MiB L2: SHARED at n=none, PRIVATE at n=none (r3_exposure; a floor on the reuse distance, so a cell not named is not thereby safe)
wrote /home/ubuntu/moe/results/2026-10-01-nvidia_gh200_480gb-olmoe-1b-7b-g128-r3-counters/lock1710/r3c-g128.json
git   git check-ignore exited 128; path UNVERIFIED (fatal: /home/ubuntu/moe/results/2026-10-01-nvidia_gh200_480gb-olmoe-1b-7b-g128-r3-counters/lock1710/r3c-g128.json: '/home/ubuntu/moe/results/2026-10-01-nvidia_gh200_480gb-olmoe-1b-7b-g128-r3-counters/lock1710/r3c-g128.json' is outside repository at '/home/ubuntu/moe/repo')
