==PROF== Connected to process 8456 (/home/ubuntu/.local/share/uv/python/cpython-3.12.14-linux-aarch64-gnu/bin/python3.12)
==PROF== Profiling "fused_moe_kernel": 0%....50%....100% - 9 passes
==PROF== Profiling "fused_moe_kernel": 0%....50%....100% - 9 passes
==PROF== Profiling "fused_moe_kernel": 0%....50%....100% - 9 passes
==PROF== Profiling "fused_moe_kernel": 0%....50%....100% - 9 passes
==PROF== Profiling "fused_moe_kernel": 0%....50%....100% - 9 passes
==PROF== Profiling "fused_moe_kernel": 0%....50%....100% - 9 passes
==PROF== Profiling "fused_moe_kernel": 0%....50%....100% - 9 passes
==PROF== Profiling "fused_moe_kernel": 0%....50%....100% - 9 passes
==PROF== Profiling "fused_moe_kernel": 0%....50%....100% - 9 passes
==PROF== Profiling "fused_moe_kernel": 0%....50%....100% - 9 passes
==PROF== Profiling "fused_moe_kernel": 0%....50%....100% - 9 passes
==PROF== Profiling "fused_moe_kernel": 0%....50%....100% - 9 passes
==PROF== Profiling "fused_moe_kernel": 0%....50%....100% - 9 passes
==PROF== Profiling "fused_moe_kernel": 0%....50%....100% - 9 passes
==PROF== Profiling "fused_moe_kernel": 0%....50%....100% - 9 passes
==PROF== Profiling "fused_moe_kernel": 0%....50%....100% - 9 passes
==PROF== Profiling "fused_moe_kernel": 0%....50%....100% - 9 passes
==PROF== Profiling "fused_moe_kernel": 0%....50%....100% - 9 passes
==PROF== Profiling "fused_moe_kernel": 0%....50%....100% - 9 passes
==PROF== Profiling "fused_moe_kernel": 0%....50%....100% - 9 passes
==PROF== Profiling "fused_moe_kernel": 0%....50%....100% - 9 passes
==PROF== Profiling "fused_moe_kernel": 0%....50%....100% - 9 passes
==PROF== Profiling "fused_moe_kernel": 0%....50%....100% - 9 passes
==PROF== Profiling "fused_moe_kernel": 0%....50%....100% - 9 passes
==PROF== Profiling "fused_moe_kernel": 0%....50%....100% - 9 passes
==PROF== Profiling "fused_moe_kernel": 0%....50%....100% - 9 passes
==PROF== Profiling "fused_moe_kernel": 0%....50%....100% - 9 passes
==PROF== Profiling "fused_moe_kernel": 0%....50%....100% - 9 passes
==PROF== Profiling "fused_moe_kernel": 0%....50%....100% - 9 passes
==PROF== Profiling "fused_moe_kernel": 0%....50%....100% - 9 passes
==PROF== Profiling "fused_moe_kernel": 0%....50%....100% - 9 passes
==PROF== Profiling "fused_moe_kernel": 0%....50%....100% - 9 passes
COUNTER CHILD: 8 cells, 2 calls each after 2 warmups; manifest /home/ubuntu/moe/results/2026-10-01-nvidia_gh200_480gb-mixtral-8x7b-tp8-floor-r3-counters/r3f-g8.profiles/g8.floor.manifest.json
==PROF== Disconnected from process 8456
==PROF== Report: /home/ubuntu/moe/results/2026-10-01-nvidia_gh200_480gb-mixtral-8x7b-tp8-floor-r3-counters/r3f-g8.profiles/g8.floor.ncu-rep
