==WARNING== Note: Running with unmodified GPU clocks. If not controlled otherwise, profiling results may be inconsistent.
==PROF== Connected to process 57551 (/home/ubuntu/.local/share/uv/python/cpython-3.12.15-linux-aarch64-gnu/bin/python3.12)
==PROF== Profiling "fused_moe_kernel": 0%....50%....100% - 9 passes
==PROF== Profiling "fused_moe_kernel": 0%....50%....100% - 9 passes
==PROF== Profiling "spin_kernel": 0%....50%....100% - 9 passes
==PROF== Profiling "fused_moe_kernel": 0%....50%....100% - 9 passes
==PROF== Profiling "fused_moe_kernel": 0%....50%....100% - 9 passes
==PROF== Profiling "spin_kernel": 0%....50%....100% - 9 passes
==PROF== Profiling "fused_moe_kernel": 0%....50%....100% - 9 passes
==PROF== Profiling "fused_moe_kernel": 0%....50%....100% - 9 passes
==PROF== Profiling "spin_kernel": 0%....50%....100% - 9 passes
==PROF== Profiling "fused_moe_kernel": 0%....50%....100% - 9 passes
==PROF== Profiling "fused_moe_kernel": 0%....50%....100% - 9 passes
==PROF== Profiling "spin_kernel": 0%....50%....100% - 9 passes
==PROF== Profiling "fused_moe_kernel": 0%....50%....100% - 9 passes
==PROF== Profiling "fused_moe_kernel": 0%....50%....100% - 9 passes
==PROF== Profiling "spin_kernel": 0%....50%....100% - 9 passes
==PROF== Profiling "fused_moe_kernel": 0%....50%....100% - 9 passes
==PROF== Profiling "fused_moe_kernel": 0%....50%....100% - 9 passes
==PROF== Profiling "spin_kernel": 0%....50%....100% - 9 passes
==PROF== Profiling "fused_moe_kernel": 0%....50%....100% - 9 passes
==PROF== Profiling "fused_moe_kernel": 0%....50%....100% - 9 passes
==PROF== Profiling "spin_kernel": 0%....50%....100% - 9 passes
==PROF== Profiling "fused_moe_kernel": 0%....50%....100% - 9 passes
==PROF== Profiling "fused_moe_kernel": 0%....50%....100% - 9 passes
==PROF== Profiling "spin_kernel": 0%....50%....100% - 9 passes
==PROF== Profiling "fused_moe_kernel": 0%....50%....100% - 9 passes
==PROF== Profiling "fused_moe_kernel": 0%....50%....100% - 9 passes
==PROF== Profiling "spin_kernel": 0%....50%....100% - 9 passes
==PROF== Profiling "fused_moe_kernel": 0%....50%....100% - 9 passes
==PROF== Profiling "fused_moe_kernel": 0%....50%....100% - 9 passes
==PROF== Profiling "spin_kernel": 0%....50%....100% - 9 passes
==PROF== Profiling "fused_moe_kernel": 0%....50%....100% - 9 passes
==PROF== Profiling "fused_moe_kernel": 0%....50%....100% - 9 passes
==PROF== Profiling "spin_kernel": 0%....50%....100% - 9 passes
==PROF== Profiling "fused_moe_kernel": 0%....50%....100% - 9 passes
==PROF== Profiling "fused_moe_kernel": 0%....50%....100% - 9 passes
==PROF== Profiling "spin_kernel": 0%....50%....100% - 9 passes
==PROF== Profiling "fused_moe_kernel": 0%....50%....100% - 9 passes
==PROF== Profiling "fused_moe_kernel": 0%....50%....100% - 9 passes
==PROF== Profiling "spin_kernel": 0%....50%....100% - 9 passes
==PROF== Profiling "fused_moe_kernel": 0%....50%....100% - 9 passes
==PROF== Profiling "fused_moe_kernel": 0%....50%....100% - 9 passes
==PROF== Profiling "spin_kernel": 0%....50%....100% - 9 passes
==PROF== Profiling "fused_moe_kernel": 0%....50%....100% - 9 passes
==PROF== Profiling "fused_moe_kernel": 0%....50%....100% - 9 passes
==PROF== Profiling "spin_kernel": 0%....50%....100% - 9 passes
==PROF== Profiling "fused_moe_kernel": 0%....50%....100% - 9 passes
==PROF== Profiling "fused_moe_kernel": 0%....50%....100% - 9 passes
==PROF== Profiling "spin_kernel": 0%....50%....100% - 9 passes
==PROF== Profiling "fused_moe_kernel": 0%....50%....100% - 9 passes
==PROF== Profiling "fused_moe_kernel": 0%....50%....100% - 9 passes
==PROF== Profiling "spin_kernel": 0%....50%....100% - 9 passes
==PROF== Profiling "fused_moe_kernel": 0%....50%....100% - 9 passes
==PROF== Profiling "fused_moe_kernel": 0%....50%....100% - 9 passes
==PROF== Profiling "spin_kernel": 0%....50%....100% - 9 passes
==PROF== Profiling "fused_moe_kernel": 0%....50%....100% - 9 passes
==PROF== Profiling "fused_moe_kernel": 0%....50%....100% - 9 passes
==PROF== Profiling "spin_kernel": 0%....50%....100% - 9 passes
==PROF== Profiling "fused_moe_kernel": 0%....50%....100% - 9 passes
==PROF== Profiling "fused_moe_kernel": 0%....50%....100% - 9 passes
==PROF== Profiling "spin_kernel": 0%....50%....100% - 9 passes
==PROF== Profiling "fused_moe_kernel": 0%....50%....100% - 9 passes
==PROF== Profiling "fused_moe_kernel": 0%....50%....100% - 9 passes
==PROF== Profiling "spin_kernel": 0%....50%....100% - 9 passes
==PROF== Profiling "fused_moe_kernel": 0%....50%....100% - 9 passes
==PROF== Profiling "fused_moe_kernel": 0%....50%....100% - 9 passes
==PROF== Profiling "spin_kernel": 0%....50%....100% - 9 passes
COUNTER CHILD: 11 cells, 2 calls each after 2 warmups; manifest /home/ubuntu/moe/results/2026-10-06-nvidia_gh200_480gb-mixtral-8x7b-tp4-floor1410-r3-counters/r3f-g64-lock1410.profiles/g64.floor.manifest.json
==PROF== Disconnected from process 57551
==PROF== Report: /home/ubuntu/moe/results/2026-10-06-nvidia_gh200_480gb-mixtral-8x7b-tp4-floor1410-r3-counters/r3f-g64-lock1410.profiles/g64.floor.ncu-rep
