experiment  private_weight_reference / nvidia_gh200_480gb-armsnative_shared-bm32-budget200.0-decl9-dtypebf16-duty0.25-g8-hist44ae712688-afa06c53
model       olmoe-1b-7b E=64 k=8  bf16 (2 bytes)
tile        BLOCK_M=32, one tile per run and in the run id
pinned      {'BLOCK_SIZE_N': 64, 'BLOCK_SIZE_K': 64, 'GROUP_SIZE_M': 8, 'num_warps': 8, 'num_stages': 4}
histogram   docs/registered/2026-10-07-rental5-skew-hist/olmoe-1b-7b-B.json (sha256 44ae712688534abf...), page B, 9 cells x arms = 18 timed cells, token-row shuffle seed 20261007; R3's balanced ladder is NOT run (--treads ignored)
arms        native, shared; PRIVATE cannot run skewed
  ridge       174.87 Op/B, measured on this device: NVIDIA GH200 480GB (measured), 651.8 TFLOP/s bf16 over 3727.6 GB/s (triad pattern); calibrated 2026-10-08 at d4d1767e
experts     native declares E=64; shared declares E x n_decl = 576 at every cell
            n_decl = 9 against n_max = 16 read: --declared-copies 9; S4: no PRIVATE arm, so SHARED reads copy 0 only and the copies rule is lifted
depth       retracted tread 16 against the 16 planned (a histogram page has no depth table: its deepest cell's tread)
repeats     9, repeats OUTER, the page's cells REVERSED on odd repeats, arms rotated within a cell
duty        0.25
session     gh200-20261008T233040Z-p2d-lock1710
WRITES TO   /home/ubuntu/moe/results/gaps-nvidia_gh200_480gb-olmoe-1b-7b-skb/private_weight_reference/nvidia_gh200_480gb-armsnative_shared-bm32-budget200.0-decl9-dtypebf16-duty0.25-g8-hist44ae712688-afa06c53
cells (n, label, arms, path, counts sha256):
  n=2   DW               native,shared  block-scan   dbb9ee40935f7513
  n=2   uniform          native,shared  block-scan   e0f6f9c8b4e72640
  n=2   balanced         native,shared  block-scan   74234e98afe7498f
  n=4   DW               native,shared  block-scan   47812379ffb4c389
  n=4   uniform          native,shared  block-scan   23b7c3e32dbde7b8
  n=4   balanced         native,shared  block-scan   74234e98afe7498f
  n=16  DW               native,shared  block-scan   95f7273920907272
  n=16  uniform          native,shared  block-scan   71773f1ff26beaa4
  n=16  balanced         native,shared  block-scan   74234e98afe7498f
  rep 0 DW             native   n=  2 T=    512    0.4598 ms
  rep 0 DW             shared   n=  2 T=    512    0.4805 ms
  rep 0 uniform        native   n=  2 T=    512    0.3804 ms
  rep 0 uniform        shared   n=  2 T=    512    0.4008 ms
  rep 0 balanced       native   n=  2 T=    512    0.3813 ms
  rep 0 balanced       shared   n=  2 T=    512    0.4016 ms
  rep 0 DW             native   n=  4 T=   1024    0.7971 ms
  rep 0 DW             shared   n=  4 T=   1024    0.8152 ms
  rep 0 uniform        native   n=  4 T=   1024    0.7183 ms
  rep 0 uniform        shared   n=  4 T=   1024    0.7398 ms
  rep 0 balanced       native   n=  4 T=   1024    0.7201 ms
  rep 0 balanced       shared   n=  4 T=   1024    0.7416 ms
  rep 0 DW             native   n= 16 T=   4096    2.8514 ms
  rep 0 DW             shared   n= 16 T=   4096    2.8724 ms
  rep 0 uniform        native   n= 16 T=   4096    2.7627 ms
  rep 0 uniform        shared   n= 16 T=   4096    2.7893 ms
  rep 0 balanced       native   n= 16 T=   4096    2.7697 ms
  rep 0 balanced       shared   n= 16 T=   4096    2.7936 ms
  rep 1 balanced       shared   n= 16 T=   4096    2.7941 ms
  rep 1 balanced       native   n= 16 T=   4096    2.7676 ms
  rep 1 uniform        shared   n= 16 T=   4096    2.7894 ms
  rep 1 uniform        native   n= 16 T=   4096    2.7617 ms
  rep 1 DW             shared   n= 16 T=   4096    2.8718 ms
  rep 1 DW             native   n= 16 T=   4096    2.8520 ms
  rep 1 balanced       shared   n=  4 T=   1024    0.7437 ms
  rep 1 balanced       native   n=  4 T=   1024    0.7220 ms
  rep 1 uniform        shared   n=  4 T=   1024    0.7421 ms
  rep 1 uniform        native   n=  4 T=   1024    0.7206 ms
  rep 1 DW             shared   n=  4 T=   1024    0.8187 ms
  rep 1 DW             native   n=  4 T=   1024    0.8003 ms
  rep 1 balanced       shared   n=  2 T=    512    0.4024 ms
  rep 1 balanced       native   n=  2 T=    512    0.3831 ms
  rep 1 uniform        shared   n=  2 T=    512    0.4017 ms
  rep 1 uniform        native   n=  2 T=    512    0.3822 ms
  rep 1 DW             shared   n=  2 T=    512    0.4817 ms
  rep 1 DW             native   n=  2 T=    512    0.4632 ms
  rep 2 DW             native   n=  2 T=    512    0.4626 ms
  rep 2 DW             shared   n=  2 T=    512    0.4816 ms
  rep 2 uniform        native   n=  2 T=    512    0.3817 ms
  rep 2 uniform        shared   n=  2 T=    512    0.4013 ms
  rep 2 balanced       native   n=  2 T=    512    0.3832 ms
  rep 2 balanced       shared   n=  2 T=    512    0.4026 ms
  rep 2 DW             native   n=  4 T=   1024    0.8002 ms
  rep 2 DW             shared   n=  4 T=   1024    0.8189 ms
  rep 2 uniform        native   n=  4 T=   1024    0.7202 ms
  rep 2 uniform        shared   n=  4 T=   1024    0.7421 ms
  rep 2 balanced       native   n=  4 T=   1024    0.7226 ms
  rep 2 balanced       shared   n=  4 T=   1024    0.7455 ms
  rep 2 DW             native   n= 16 T=   4096    2.8510 ms
  rep 2 DW             shared   n= 16 T=   4096    2.8719 ms
  rep 2 uniform        native   n= 16 T=   4096    2.7642 ms
  rep 2 uniform        shared   n= 16 T=   4096    2.7875 ms
  rep 2 balanced       native   n= 16 T=   4096    2.7676 ms
  rep 2 balanced       shared   n= 16 T=   4096    2.7945 ms
  rep 3 balanced       shared   n= 16 T=   4096    2.7926 ms
  rep 3 balanced       native   n= 16 T=   4096    2.7687 ms
  rep 3 uniform        shared   n= 16 T=   4096    2.7890 ms
  rep 3 uniform        native   n= 16 T=   4096    2.7634 ms
  rep 3 DW             shared   n= 16 T=   4096    2.8719 ms
  rep 3 DW             native   n= 16 T=   4096    2.8517 ms
  rep 3 balanced       shared   n=  4 T=   1024    0.7443 ms
  rep 3 balanced       native   n=  4 T=   1024    0.7215 ms
  rep 3 uniform        shared   n=  4 T=   1024    0.7425 ms
  rep 3 uniform        native   n=  4 T=   1024    0.7208 ms
  rep 3 DW             shared   n=  4 T=   1024    0.8185 ms
  rep 3 DW             native   n=  4 T=   1024    0.8001 ms
  rep 3 balanced       shared   n=  2 T=    512    0.4026 ms
  rep 3 balanced       native   n=  2 T=    512    0.3835 ms
  rep 3 uniform        shared   n=  2 T=    512    0.4019 ms
  rep 3 uniform        native   n=  2 T=    512    0.3825 ms
  rep 3 DW             shared   n=  2 T=    512    0.4817 ms
  rep 3 DW             native   n=  2 T=    512    0.4628 ms
  rep 4 DW             native   n=  2 T=    512    0.4627 ms
  rep 4 DW             shared   n=  2 T=    512    0.4820 ms
  rep 4 uniform        native   n=  2 T=    512    0.3825 ms
  rep 4 uniform        shared   n=  2 T=    512    0.4018 ms
  rep 4 balanced       native   n=  2 T=    512    0.3835 ms
  rep 4 balanced       shared   n=  2 T=    512    0.4023 ms
  rep 4 DW             native   n=  4 T=   1024    0.8002 ms
  rep 4 DW             shared   n=  4 T=   1024    0.8187 ms
  rep 4 uniform        native   n=  4 T=   1024    0.7201 ms
  rep 4 uniform        shared   n=  4 T=   1024    0.7426 ms
  rep 4 balanced       native   n=  4 T=   1024    0.7222 ms
  rep 4 balanced       shared   n=  4 T=   1024    0.7442 ms
  rep 4 DW             native   n= 16 T=   4096    2.8528 ms
  rep 4 DW             shared   n= 16 T=   4096    2.8720 ms
  rep 4 uniform        native   n= 16 T=   4096    2.7629 ms
  rep 4 uniform        shared   n= 16 T=   4096    2.7893 ms
  rep 4 balanced       native   n= 16 T=   4096    2.7693 ms
  rep 4 balanced       shared   n= 16 T=   4096    2.7951 ms
  rep 5 balanced       shared   n= 16 T=   4096    2.7933 ms
  rep 5 balanced       native   n= 16 T=   4096    2.7672 ms
  rep 5 uniform        shared   n= 16 T=   4096    2.7897 ms
  rep 5 uniform        native   n= 16 T=   4096    2.7619 ms
  rep 5 DW             shared   n= 16 T=   4096    2.8703 ms
  rep 5 DW             native   n= 16 T=   4096    2.8515 ms
  rep 5 balanced       shared   n=  4 T=   1024    0.7440 ms
  rep 5 balanced       native   n=  4 T=   1024    0.7224 ms
  rep 5 uniform        shared   n=  4 T=   1024    0.7419 ms
  rep 5 uniform        native   n=  4 T=   1024    0.7209 ms
  rep 5 DW             shared   n=  4 T=   1024    0.8190 ms
  rep 5 DW             native   n=  4 T=   1024    0.8003 ms
  rep 5 balanced       shared   n=  2 T=    512    0.4026 ms
  rep 5 balanced       native   n=  2 T=    512    0.3833 ms
  rep 5 uniform        shared   n=  2 T=    512    0.4019 ms
  rep 5 uniform        native   n=  2 T=    512    0.3824 ms
  rep 5 DW             shared   n=  2 T=    512    0.4820 ms
  rep 5 DW             native   n=  2 T=    512    0.4628 ms
  rep 6 DW             native   n=  2 T=    512    0.4627 ms
  rep 6 DW             shared   n=  2 T=    512    0.4815 ms
  rep 6 uniform        native   n=  2 T=    512    0.3815 ms
  rep 6 uniform        shared   n=  2 T=    512    0.4015 ms
  rep 6 balanced       native   n=  2 T=    512    0.3831 ms
  rep 6 balanced       shared   n=  2 T=    512    0.4024 ms
  rep 6 DW             native   n=  4 T=   1024    0.7996 ms
  rep 6 DW             shared   n=  4 T=   1024    0.8181 ms
  rep 6 uniform        native   n=  4 T=   1024    0.7197 ms
  rep 6 uniform        shared   n=  4 T=   1024    0.7424 ms
  rep 6 balanced       native   n=  4 T=   1024    0.7218 ms
  rep 6 balanced       shared   n=  4 T=   1024    0.7437 ms
  rep 6 DW             native   n= 16 T=   4096    2.8527 ms
  rep 6 DW             shared   n= 16 T=   4096    2.8721 ms
  rep 6 uniform        native   n= 16 T=   4096    2.7636 ms
  rep 6 uniform        shared   n= 16 T=   4096    2.7889 ms
  rep 6 balanced       native   n= 16 T=   4096    2.7687 ms
  rep 6 balanced       shared   n= 16 T=   4096    2.7947 ms
  rep 7 balanced       shared   n= 16 T=   4096    2.7942 ms
  rep 7 balanced       native   n= 16 T=   4096    2.7678 ms
  rep 7 uniform        shared   n= 16 T=   4096    2.7890 ms
  rep 7 uniform        native   n= 16 T=   4096    2.7631 ms
  rep 7 DW             shared   n= 16 T=   4096    2.8714 ms
  rep 7 DW             native   n= 16 T=   4096    2.8534 ms
  rep 7 balanced       shared   n=  4 T=   1024    0.7446 ms
  rep 7 balanced       native   n=  4 T=   1024    0.7221 ms
  rep 7 uniform        shared   n=  4 T=   1024    0.7418 ms
  rep 7 uniform        native   n=  4 T=   1024    0.7203 ms
  rep 7 DW             shared   n=  4 T=   1024    0.8191 ms
  rep 7 DW             native   n=  4 T=   1024    0.7997 ms
  rep 7 balanced       shared   n=  2 T=    512    0.4030 ms
  rep 7 balanced       native   n=  2 T=    512    0.3832 ms
  rep 7 uniform        shared   n=  2 T=    512    0.4018 ms
  rep 7 uniform        native   n=  2 T=    512    0.3825 ms
  rep 7 DW             shared   n=  2 T=    512    0.4815 ms
  rep 7 DW             native   n=  2 T=    512    0.4624 ms
  rep 8 DW             native   n=  2 T=    512    0.4628 ms
  rep 8 DW             shared   n=  2 T=    512    0.4820 ms
  rep 8 uniform        native   n=  2 T=    512    0.3825 ms
  rep 8 uniform        shared   n=  2 T=    512    0.4016 ms
  rep 8 balanced       native   n=  2 T=    512    0.3836 ms
  rep 8 balanced       shared   n=  2 T=    512    0.4026 ms
  rep 8 DW             native   n=  4 T=   1024    0.8004 ms
  rep 8 DW             shared   n=  4 T=   1024    0.8185 ms
  rep 8 uniform        native   n=  4 T=   1024    0.7201 ms
  rep 8 uniform        shared   n=  4 T=   1024    0.7421 ms
  rep 8 balanced       native   n=  4 T=   1024    0.7221 ms
  rep 8 balanced       shared   n=  4 T=   1024    0.7440 ms
  rep 8 DW             native   n= 16 T=   4096    2.8503 ms
  rep 8 DW             shared   n= 16 T=   4096    2.8721 ms
  rep 8 uniform        native   n= 16 T=   4096    2.7615 ms
  rep 8 uniform        shared   n= 16 T=   4096    2.7877 ms
  rep 8 balanced       native   n= 16 T=   4096    2.7677 ms
  rep 8 balanced       shared   n= 16 T=   4096    2.7934 ms

HISTOGRAM GATES:
  G1_lock_thermal: PASS
  G2_host_bound: PASS
  G3_uniform_control: SCORED OFFLINE
  G4_worst_cell_clock: RECORDED
  G5_provenance: PASS
json     /home/ubuntu/moe/results/gaps-nvidia_gh200_480gb-olmoe-1b-7b-skb/private_weight_reference/nvidia_gh200_480gb-armsnative_shared-bm32-budget200.0-decl9-dtypebf16-duty0.25-g8-hist44ae712688-afa06c53/report.json
exit     0 DONE: measured; every VALIDITY and CLAIM gate PASSED
