LAUNCH FLOOR PLAN mixtral-8x7b-tp8: treads [1, 2, 3], arms ['native', 'shared', 'private'], modes ['E0', 'E240', 'E360', 'E480'], G=4, BLOCK_M 32, duty 0.25, 3 repeats, seed 0
  declaration: 9 copies (the ladder's id count runs 256..1536, across the small-batch id bound 1024, and E x n_max = 48 is under the expert bound 64; declaring 9 copies (E x 9 = 72) keeps both ratio arms on the scan kernel at every tread); declared {'native': 8, 'shared': 72, 'private': 72}
  pinned config: {'BLOCK_SIZE_N': 64, 'BLOCK_SIZE_K': 64, 'GROUP_SIZE_M': 4, 'num_warps': 8, 'num_stages': 4, 'BLOCK_SIZE_M': 32}
  phase timed: 108 timed cells at ~3.0 s, 0 profiled bursts at ~4 s, 72 host probes at ~1 s, 3 min weights and compile
  estimated 9.6 min
  E240 = R3 as published (240 MiB flush); E0 no flush; E480 480 MiB flush; E120 / E360 120 / 360 MiB flushes (E120 is 2x the L2: printed only); GR CUDA-graph replay under E240's flush
  rep0 E0   native   n=1
  rep0 E240 native   n=1
  rep0 E360 native   n=1
  rep0 E480 native   n=1
  rep0 E0   shared   n=1
  rep0 E240 shared   n=1
  rep0 E360 shared   n=1
  rep0 E480 shared   n=1
  rep0 E0   private  n=1
  rep0 E240 private  n=1
  rep0 E360 private  n=1
  rep0 E480 private  n=1
  rep0 E0   native   n=2
  rep0 E240 native   n=2
  rep0 E360 native   n=2
  rep0 E480 native   n=2
  rep0 E0   shared   n=2
  rep0 E240 shared   n=2
  rep0 E360 shared   n=2
  rep0 E480 shared   n=2
  rep0 E0   private  n=2
  rep0 E240 private  n=2
  rep0 E360 private  n=2
  rep0 E480 private  n=2
  rep0 E0   native   n=3
  rep0 E240 native   n=3
  rep0 E360 native   n=3
  rep0 E480 native   n=3
  rep0 E0   shared   n=3
  rep0 E240 shared   n=3
  rep0 E360 shared   n=3
  rep0 E480 shared   n=3
  rep0 E0   private  n=3
  rep0 E240 private  n=3
  rep0 E360 private  n=3
  rep0 E480 private  n=3
  rep1 E0   shared   n=3
  rep1 E240 shared   n=3
  rep1 E360 shared   n=3
  rep1 E480 shared   n=3
  rep1 E0   private  n=3
  rep1 E240 private  n=3
  rep1 E360 private  n=3
  rep1 E480 private  n=3
  rep1 E0   native   n=3
  rep1 E240 native   n=3
  rep1 E360 native   n=3
  rep1 E480 native   n=3
  rep1 E0   shared   n=2
  rep1 E240 shared   n=2
  rep1 E360 shared   n=2
  rep1 E480 shared   n=2
  rep1 E0   private  n=2
  rep1 E240 private  n=2
  rep1 E360 private  n=2
  rep1 E480 private  n=2
  rep1 E0   native   n=2
  rep1 E240 native   n=2
  rep1 E360 native   n=2
  rep1 E480 native   n=2
  rep1 E0   shared   n=1
  rep1 E240 shared   n=1
  rep1 E360 shared   n=1
  rep1 E480 shared   n=1
  rep1 E0   private  n=1
  rep1 E240 private  n=1
  rep1 E360 private  n=1
  rep1 E480 private  n=1
  rep1 E0   native   n=1
  rep1 E240 native   n=1
  rep1 E360 native   n=1
  rep1 E480 native   n=1
  rep2 E0   private  n=1
  rep2 E240 private  n=1
  rep2 E360 private  n=1
  rep2 E480 private  n=1
  rep2 E0   native   n=1
  rep2 E240 native   n=1
  rep2 E360 native   n=1
  rep2 E480 native   n=1
  rep2 E0   shared   n=1
  rep2 E240 shared   n=1
  rep2 E360 shared   n=1
  rep2 E480 shared   n=1
  rep2 E0   private  n=2
  rep2 E240 private  n=2
  rep2 E360 private  n=2
  rep2 E480 private  n=2
  rep2 E0   native   n=2
  rep2 E240 native   n=2
  rep2 E360 native   n=2
  rep2 E480 native   n=2
  rep2 E0   shared   n=2
  rep2 E240 shared   n=2
  rep2 E360 shared   n=2
  rep2 E480 shared   n=2
  rep2 E0   private  n=3
  rep2 E240 private  n=3
  rep2 E360 private  n=3
  rep2 E480 private  n=3
  rep2 E0   native   n=3
  rep2 E240 native   n=3
  rep2 E360 native   n=3
  rep2 E480 native   n=3
  rep2 E0   shared   n=3
  rep2 E240 shared   n=3
  rep2 E360 shared   n=3
  rep2 E480 shared   n=3
LAUNCH FLOOR mixtral-8x7b-tp8 phase timed: 108 cells, 0 traces, 0 failed; /home/ubuntu/moe/results/2026-10-06-nvidia_gh200_480gb-launch-floor-r3/mixtral-8x7b-tp8
