[capture] mixtral-8x7b: routed-expert weights alone are about 90 GB, before attention, embeddings, shared experts and the KV cache; this device has 150 GB
[capture] 64 distinct prompts -> 16 distinct batches of 4
[capture] loading mistralai/Mixtral-8x7B-Instruct-v0.1 (first run downloads to HF_HOME)
[transformers] `torch_dtype` is deprecated! Use `dtype` instead!
Traceback (most recent call last):
  File "/workspace/venvs/base/lib/python3.12/site-packages/transformers/utils/import_utils.py", line 2535, in __getattr__
    module = self._get_module(self._class_to_module[name])
             ^^^^^^^^^^^^^^^^^^^^^^^^^^^^^^^^^^^^^^^^^^^^^
  File "/workspace/venvs/base/lib/python3.12/site-packages/transformers/utils/import_utils.py", line 2769, in _get_module
    raise e
  File "/workspace/venvs/base/lib/python3.12/site-packages/transformers/utils/import_utils.py", line 2767, in _get_module
    return importlib.import_module("." + module_name, self.__name__)
           ^^^^^^^^^^^^^^^^^^^^^^^^^^^^^^^^^^^^^^^^^^^^^^^^^^^^^^^^^
  File "/usr/lib/python3.12/importlib/__init__.py", line 90, in import_module
    return _bootstrap._gcd_import(name[level:], package, level)
           ^^^^^^^^^^^^^^^^^^^^^^^^^^^^^^^^^^^^^^^^^^^^^^^^^^^^
  File "<frozen importlib._bootstrap>", line 1387, in _gcd_import
  File "<frozen importlib._bootstrap>", line 1360, in _find_and_load
  File "<frozen importlib._bootstrap>", line 1331, in _find_and_load_unlocked
  File "<frozen importlib._bootstrap>", line 935, in _load_unlocked
  File "<frozen importlib._bootstrap_external>", line 995, in exec_module
  File "<frozen importlib._bootstrap>", line 488, in _call_with_frames_removed
  File "/workspace/venvs/base/lib/python3.12/site-packages/transformers/models/mixtral/modeling_mixtral.py", line 39, in <module>
    from ...modeling_layers import (
  File "/workspace/venvs/base/lib/python3.12/site-packages/transformers/modeling_layers.py", line 35, in <module>
    from .modeling_utils import LoadStateDictConfig, PreTrainedModel, _get_resolved_checkpoint_files
  File "/workspace/venvs/base/lib/python3.12/site-packages/transformers/modeling_utils.py", line 89, in <module>
    from .loss.loss_utils import LOSS_MAPPING
  File "/workspace/venvs/base/lib/python3.12/site-packages/transformers/loss/loss_utils.py", line 20, in <module>
    from .loss_d_fine import DFineForObjectDetectionLoss
  File "/workspace/venvs/base/lib/python3.12/site-packages/transformers/loss/loss_d_fine.py", line 21, in <module>
    from .loss_for_object_detection import box_iou
  File "/workspace/venvs/base/lib/python3.12/site-packages/transformers/loss/loss_for_object_detection.py", line 31, in <module>
    from transformers.image_transforms import center_to_corners_format
  File "/workspace/venvs/base/lib/python3.12/site-packages/transformers/image_transforms.py", line 22, in <module>
    from .image_utils import (
  File "/workspace/venvs/base/lib/python3.12/site-packages/transformers/image_utils.py", line 54, in <module>
    from torchvision.io import ImageReadMode, decode_image
  File "/usr/local/lib/python3.12/dist-packages/torchvision/__init__.py", line 10, in <module>
    from torchvision import _meta_registrations, datasets, io, models, ops, transforms, utils  # usort:skip
    ^^^^^^^^^^^^^^^^^^^^^^^^^^^^^^^^^^^^^^^^^^^^^^^^^^^^^^^^^^^^^^^^^^^^^^^^^^^^^^^^^^^^^^^^^
  File "/usr/local/lib/python3.12/dist-packages/torchvision/_meta_registrations.py", line 163, in <module>
    @torch.library.register_fake("torchvision::nms")
     ^^^^^^^^^^^^^^^^^^^^^^^^^^^^^^^^^^^^^^^^^^^^^^^
  File "/workspace/venvs/base/lib/python3.12/site-packages/torch/library.py", line 1262, in register
    use_lib._register_fake(
  File "/workspace/venvs/base/lib/python3.12/site-packages/torch/library.py", line 352, in _register_fake
    handle = entry.fake_impl.register(
             ^^^^^^^^^^^^^^^^^^^^^^^^^
  File "/workspace/venvs/base/lib/python3.12/site-packages/torch/_library/fake_impl.py", line 87, in register
    lib.impl(self.qualname, meta_kernel, "Meta", allow_override=allow_override)
  File "/workspace/venvs/base/lib/python3.12/site-packages/torch/library.py", line 493, in impl
    if torch._C._dispatch_has_kernel_for_dispatch_key(
       ^^^^^^^^^^^^^^^^^^^^^^^^^^^^^^^^^^^^^^^^^^^^^^^
RuntimeError: operator torchvision::nms does not exist

The above exception was the direct cause of the following exception:

Traceback (most recent call last):
  File "/workspace/repo/scripts/capture_traces.py", line 596, in <module>
    raise SystemExit(main())
                     ^^^^^^
  File "/workspace/repo/scripts/capture_traces.py", line 491, in main
    model = AutoModelForCausalLM.from_pretrained(
            ^^^^^^^^^^^^^^^^^^^^^^^^^^^^^^^^^^^^^
  File "/workspace/venvs/base/lib/python3.12/site-packages/transformers/models/auto/auto_factory.py", line 357, in from_pretrained
    explicit_local_code = has_local_code and not _get_model_class(
                                                 ^^^^^^^^^^^^^^^^^
  File "/workspace/venvs/base/lib/python3.12/site-packages/transformers/models/auto/auto_factory.py", line 179, in _get_model_class
    supported_models = model_mapping[type(config)]
                       ~~~~~~~~~~~~~^^^^^^^^^^^^^^
  File "/workspace/venvs/base/lib/python3.12/site-packages/transformers/models/auto/auto_factory.py", line 602, in __getitem__
    return self._load_attr_from_module(model_type, model_name)
           ^^^^^^^^^^^^^^^^^^^^^^^^^^^^^^^^^^^^^^^^^^^^^^^^^^^
  File "/workspace/venvs/base/lib/python3.12/site-packages/transformers/models/auto/auto_factory.py", line 616, in _load_attr_from_module
    return getattribute_from_module(self._modules[module_name], attr)
           ^^^^^^^^^^^^^^^^^^^^^^^^^^^^^^^^^^^^^^^^^^^^^^^^^^^^^^^^^^
  File "/workspace/venvs/base/lib/python3.12/site-packages/transformers/models/auto/auto_factory.py", line 528, in getattribute_from_module
    if hasattr(module, attr):
       ^^^^^^^^^^^^^^^^^^^^^
  File "/workspace/venvs/base/lib/python3.12/site-packages/transformers/utils/import_utils.py", line 2623, in __getattr__
    raise ModuleNotFoundError(
ModuleNotFoundError: Could not import module 'MixtralForCausalLM'. Are this object's requirements defined correctly?
