experiment  private_weight_reference / nvidia_gh200_480gb-armsnative_shared-bm32-budget200.0-decl9-dtypebf16-duty0.25-g8-hist98946f4a90-b172f73d
model       mixtral-8x7b E=8 k=2  bf16 (2 bytes)
tile        BLOCK_M=32, one tile per run and in the run id
pinned      {'BLOCK_SIZE_N': 64, 'BLOCK_SIZE_K': 64, 'GROUP_SIZE_M': 8, 'num_warps': 8, 'num_stages': 4}
histogram   docs/registered/2026-10-07-rental5-skew-hist/mixtral-8x7b-B.json (sha256 98946f4a9022529b...), page B, 9 cells x arms = 18 timed cells, token-row shuffle seed 20261007; R3's balanced ladder is NOT run (--treads ignored)
arms        native, shared; PRIVATE cannot run skewed
  ridge       174.87 Op/B, measured on this device: NVIDIA GH200 480GB (measured), 651.8 TFLOP/s bf16 over 3727.6 GB/s (triad pattern); calibrated 2026-10-08 at d4d1767e
experts     native declares E=8; shared declares E x n_decl = 72 at every cell
            n_decl = 9 against n_max = 32 read: --declared-copies 9; S4: no PRIVATE arm, so SHARED reads copy 0 only and the copies rule is lifted
depth       retracted tread 32 against the 32 planned (a histogram page has no depth table: its deepest cell's tread)
repeats     9, repeats OUTER, the page's cells REVERSED on odd repeats, arms rotated within a cell
duty        0.25
session     gh200-20261008T233040Z-p2b-lock1710
WRITES TO   /home/ubuntu/moe/results/gaps-nvidia_gh200_480gb-mixtral-8x7b-skb/private_weight_reference/nvidia_gh200_480gb-armsnative_shared-bm32-budget200.0-decl9-dtypebf16-duty0.25-g8-hist98946f4a90-b172f73d
cells (n, label, arms, path, counts sha256):
  n=2   DW               native,shared  block-scan/small-batch 2e257996efe4c023
  n=2   uniform          native,shared  block-scan/small-batch 6e917c769e5c2617
  n=2   balanced         native,shared  block-scan/small-batch 74234e98afe7498f
  n=8   DW               native,shared  block-scan   94f25a359c1fc6ad
  n=8   uniform          native,shared  block-scan   9b3a6d3b0b6482a3
  n=8   balanced         native,shared  block-scan   74234e98afe7498f
  n=32  DW               native,shared  block-scan   603c4c43c22333ff
  n=32  uniform          native,shared  block-scan   ca1f45bac7054078
  n=32  balanced         native,shared  block-scan   74234e98afe7498f

========================================================================
REFUSED. Nothing was measured and nothing was written.
  reason: --dry-run was given
========================================================================
