experiment  private_weight_reference / nvidia_gh200_480gb-armsnative_shared-bm32-budget200.0-decl15-dtypebf16-duty0.25-g8-hist1c5e18c7e-3df289ad
model       olmoe-1b-7b E=64 k=8  bf16 (2 bytes)
tile        BLOCK_M=32, one tile per run and in the run id
pinned      {'BLOCK_SIZE_N': 64, 'BLOCK_SIZE_K': 64, 'GROUP_SIZE_M': 8, 'num_warps': 8, 'num_stages': 4}
histogram   docs/registered/2026-10-07-rental5-skew-hist/olmoe-1b-7b-c15.json (sha256 1c5e18c7e3434858...), page c15, 8 cells x arms = 10 timed cells, token-row shuffle seed 20261007; R3's balanced ladder is NOT run (--treads ignored)
arms        native, shared; PRIVATE cannot run skewed
  ridge       174.87 Op/B, measured on this device: NVIDIA GH200 480GB (measured), 651.8 TFLOP/s bf16 over 3727.6 GB/s (triad pattern); calibrated 2026-10-08 at d4d1767e
experts     native declares E=64; shared declares E x n_decl = 960 at every cell
            n_decl = 15 against n_max = 4 read: --declared-copies 15; S4: no PRIVATE arm, so SHARED reads copy 0 only and the copies rule is lifted
depth       retracted tread 4 against the 4 planned (a histogram page has no depth table: its deepest cell's tread)
repeats     9, repeats OUTER, the page's cells REVERSED on odd repeats, arms rotated within a cell
duty        0.25
session     gh200-20261008T233040Z-p2g-lock1710
WRITES TO   /home/ubuntu/moe/results/gaps-nvidia_gh200_480gb-olmoe-1b-7b-sk15/private_weight_reference/nvidia_gh200_480gb-armsnative_shared-bm32-budget200.0-decl15-dtypebf16-duty0.25-g8-hist1c5e18c7e-3df289ad
cells (n, label, arms, path, counts sha256):
  n=2   PT               shared         block-scan   bd205712cdd05e00
  n=2   PW               shared         block-scan   1a033d9b95c0026f
  n=2   DW               shared         block-scan   dbb9ee40935f7513
  n=2   uniform          native,shared  block-scan   e0f6f9c8b4e72640
  n=4   PT               shared         block-scan   751455652ca2d5e4
  n=4   PW               shared         block-scan   e3cc6f43beddc75b
  n=4   DW               shared         block-scan   47812379ffb4c389
  n=4   uniform          native,shared  block-scan   23b7c3e32dbde7b8

========================================================================
REFUSED. Nothing was measured and nothing was written.
  reason: --dry-run was given
========================================================================
