2026-09-30T00:43:00Z setup_vm.sh start: commit a15639201fe1d31e67637480ba954f4aa192c8f0 from https://github.com/harshithkantamneni/moe-kernels, deadline 2026-09-30T07:21:27Z
2026-09-30T00:45:41Z setup_vm.sh exit 0 (7 preflight checks passed)
[push] pushed 2a28734 to run-gh200-granite303ba800m-20260930t0041: setup_vm.sh: READY
2026-09-30T00:45:42Z driver start: commit a15639201fe1d31e67637480ba954f4aa192c8f0, steps prelude bytes calibrate timed floor deep, deadline 2026-09-30T07:21:27Z (387 min of work left)
2026-09-30T00:45:42Z prelude START: 3c.1 supported clocks, persistence, 700 W (estimate 3 min, cap 15 min, 387 min left)
2026-09-30T00:45:43Z prelude END: exit 0 after 0 min
2026-09-30T00:45:43Z clocks: 1980 MHz, 1980 MHz, 700.00 W, 0x0000000000000000
[push] pushed a57772e to run-gh200-granite303ba800m-20260930t0041: prelude: exit 0 (0 min)
2026-09-30T00:45:44Z bytes START: 3c.2 byte pages at the 1710 lock, G = 1 2 4 16 8 32 3 64, treads 1,2,3,4,5,6,7,8,9; base-clock control (estimate 55 min, cap 120 min, 387 min left)
2026-09-30T00:55:42Z bytes END: exit 0 after 10 min
2026-09-30T00:55:42Z clocks: 1980 MHz, 1980 MHz, 700.00 W, 0x0000000000000000
[push] pushed 506e92c to run-gh200-granite303ba800m-20260930t0041: bytes: exit 0 (10 min)
2026-09-30T00:55:44Z calibrate START: 3c.3 calibrate (the ruler), no lock in force (estimate 8 min, cap 30 min, 377 min left)
2026-09-30T00:56:09Z calibrate END: exit 0 after 0 min
2026-09-30T00:56:10Z clocks: 1980 MHz, 1980 MHz, 700.00 W, 0x0000000000000000
[push] pushed dd1558c to run-gh200-granite303ba800m-20260930t0041: calibrate: exit 0 (0 min)
2026-09-30T00:56:11Z timed START: 3c.3 timed R3 at 1710: G=8, 32 (treads 6), G=3 (treads 8): P2, P5 (estimate 37 min, cap 90 min, 377 min left)
2026-09-30T01:32:10Z timed END: exit 0 after 36 min
2026-09-30T01:33:26Z clocks: 345 MHz, 1980 MHz, 700.00 W, 0x0000000000000001
[push] pushed 9f26dc2 to run-gh200-granite303ba800m-20260930t0041: timed: exit 0 (36 min)
2026-09-30T01:33:28Z floor START: 3c.5 floor counters, G=64 and G=2 at base, G=64 unlocked (record), G=64 at 1710: P6 (estimate 15 min, cap 45 min, 339 min left)
2026-09-30T01:34:26Z floor END: exit 3 after 1 min
2026-09-30T01:34:26Z clocks: 1980 MHz, 1980 MHz, 700.00 W, 0x0000000000000000
[push] pushed 1d0ac43 to run-gh200-granite303ba800m-20260930t0041: floor: exit 3 (1 min)
2026-09-30T01:34:29Z deep START: 3c.6 timed R3 at 1710 to tread 9, G=4 then G=2: P3, P4 (estimate 33 min, cap 75 min, 338 min left)
2026-09-30T02:06:15Z deep END: exit 0 after 32 min
2026-09-30T02:07:31Z clocks: 345 MHz, 1980 MHz, 700.00 W, 0x0000000000000001
[push] pushed 119b915 to run-gh200-granite303ba800m-20260930t0041: deep: exit 0 (32 min)
2026-09-30T02:07:33Z driver end: exit 3
[push] pushed 25c52fd to run-gh200-granite303ba800m-20260930t0041: the session ended: driver exit 3
